Archive member included because of file (symbol)

.\CortexM3\ARM_GCC_493\Debug\SAR Example.a(cyfitter_cfg.o)
                              .\CortexM3\ARM_GCC_493\Debug\Cm3Start.o (cyfitter_cfg)
.\CortexM3\ARM_GCC_493\Debug\SAR Example.a(CyLib.o)
                              .\CortexM3\ARM_GCC_493\Debug\Cm3Start.o (CyHalt)
.\CortexM3\ARM_GCC_493\Debug\SAR Example.a(cyPm.o)
                              .\CortexM3\ARM_GCC_493\Debug\SAR Example.a(CyLib.o) (CyPmReadStatus)
.\CortexM3\ARM_GCC_493\Debug\SAR Example.a(ADC.o)
                              .\CortexM3\ARM_GCC_493\Debug\main.o (ADC_Start)
.\CortexM3\ARM_GCC_493\Debug\SAR Example.a(ADC_INT.o)
                              .\CortexM3\ARM_GCC_493\Debug\SAR Example.a(ADC.o) (ADC_ISR)
.\CortexM3\ARM_GCC_493\Debug\SAR Example.a(UART_1.o)
                              .\CortexM3\ARM_GCC_493\Debug\main.o (UART_1_Start)
.\CortexM3\ARM_GCC_493\Debug\SAR Example.a(ADC_theACLK.o)
                              .\CortexM3\ARM_GCC_493\Debug\SAR Example.a(ADC.o) (ADC_theACLK_SetModeRegister)
.\CortexM3\ARM_GCC_493\Debug\SAR Example.a(UART_1_IntClock.o)
                              .\CortexM3\ARM_GCC_493\Debug\SAR Example.a(UART_1.o) (UART_1_IntClock_Start)
.\CortexM3\ARM_GCC_493\Debug\SAR Example.a(PGA_1.o)
                              .\CortexM3\ARM_GCC_493\Debug\main.o (PGA_1_Start)
.\CortexM3\ARM_GCC_493\Debug\SAR Example.a(CyBootAsmGnu.o)
                              .\CortexM3\ARM_GCC_493\Debug\SAR Example.a(cyfitter_cfg.o) (CyDelayCycles)
.\CortexM3\ARM_GCC_493\Debug\SAR Example.a(CyFlash.o)
                              .\CortexM3\ARM_GCC_493\Debug\SAR Example.a(cyPm.o) (CyFlash_SetWaitCycles)
.\CortexM3\ARM_GCC_493\Debug\SAR Example.a(CySpc.o)
                              .\CortexM3\ARM_GCC_493\Debug\SAR Example.a(CyFlash.o) (CySpcStart)
c:/program files/cypress/psoc creator/4.0/psoc creator/import/gnu/arm/4.9.3/bin/../lib/gcc/arm-none-eabi/4.9.3/armv7-m\libgcc.a(_arm_addsubdf3.o)
                              .\CortexM3\ARM_GCC_493\Debug\main.o (__aeabi_f2d)
c:/program files/cypress/psoc creator/4.0/psoc creator/import/gnu/arm/4.9.3/bin/../lib/gcc/arm-none-eabi/4.9.3/armv7-m\libgcc.a(_arm_addsubsf3.o)
                              .\CortexM3\ARM_GCC_493\Debug\SAR Example.a(ADC.o) (__aeabi_i2f)
c:/program files/cypress/psoc creator/4.0/psoc creator/import/gnu/arm/4.9.3/bin/../lib/gcc/arm-none-eabi/4.9.3/armv7-m\libgcc.a(_arm_muldivsf3.o)
                              .\CortexM3\ARM_GCC_493\Debug\SAR Example.a(ADC.o) (__aeabi_fmul)
c:/program files/cypress/psoc creator/4.0/psoc creator/import/gnu/arm/4.9.3/bin/../lib/gcc/arm-none-eabi/4.9.3/armv7-m\libgcc.a(_aeabi_ldivmod.o)
                              .\CortexM3\ARM_GCC_493\Debug\SAR Example.a(ADC.o) (__aeabi_ldivmod)
c:/program files/cypress/psoc creator/4.0/psoc creator/import/gnu/arm/4.9.3/bin/../lib/gcc/arm-none-eabi/4.9.3/armv7-m\libgcc.a(bpabi.o)
                              c:/program files/cypress/psoc creator/4.0/psoc creator/import/gnu/arm/4.9.3/bin/../lib/gcc/arm-none-eabi/4.9.3/armv7-m\libgcc.a(_aeabi_ldivmod.o) (__gnu_ldivmod_helper)
c:/program files/cypress/psoc creator/4.0/psoc creator/import/gnu/arm/4.9.3/bin/../lib/gcc/arm-none-eabi/4.9.3/armv7-m\libgcc.a(_dvmd_tls.o)
                              c:/program files/cypress/psoc creator/4.0/psoc creator/import/gnu/arm/4.9.3/bin/../lib/gcc/arm-none-eabi/4.9.3/armv7-m\libgcc.a(_aeabi_ldivmod.o) (__aeabi_ldiv0)
c:/program files/cypress/psoc creator/4.0/psoc creator/import/gnu/arm/4.9.3/bin/../lib/gcc/arm-none-eabi/4.9.3/armv7-m\libgcc.a(_divdi3.o)
                              c:/program files/cypress/psoc creator/4.0/psoc creator/import/gnu/arm/4.9.3/bin/../lib/gcc/arm-none-eabi/4.9.3/armv7-m\libgcc.a(bpabi.o) (__divdi3)
c:/program files/cypress/psoc creator/4.0/psoc creator/import/gnu/arm/4.9.3/bin/../lib/gcc/arm-none-eabi/4.9.3/armv7-m\libgcc.a(_udivdi3.o)
                              c:/program files/cypress/psoc creator/4.0/psoc creator/import/gnu/arm/4.9.3/bin/../lib/gcc/arm-none-eabi/4.9.3/armv7-m\libgcc.a(bpabi.o) (__udivdi3)
c:/program files/cypress/psoc creator/4.0/psoc creator/import/gnu/arm/4.9.3/bin/../lib/gcc/arm-none-eabi/4.9.3/../../../../arm-none-eabi/lib/armv7-m\libg.a(lib_a-errno.o)
                              .\CortexM3\ARM_GCC_493\Debug\Cm3Start.o (__errno)
c:/program files/cypress/psoc creator/4.0/psoc creator/import/gnu/arm/4.9.3/bin/../lib/gcc/arm-none-eabi/4.9.3/../../../../arm-none-eabi/lib/armv7-m\libg.a(lib_a-exit.o)
                              c:/program files/cypress/psoc creator/4.0/psoc creator/import/gnu/arm/4.9.3/bin/../lib/gcc/arm-none-eabi/4.9.3/../../../../arm-none-eabi/lib/armv7-m/crt0.o (exit)
c:/program files/cypress/psoc creator/4.0/psoc creator/import/gnu/arm/4.9.3/bin/../lib/gcc/arm-none-eabi/4.9.3/../../../../arm-none-eabi/lib/armv7-m\libg.a(lib_a-impure.o)
[...]
Memory Configuration

Name             Origin             Length             Attributes
rom              0x00000000         0x00040000         xr
ram              0x1fff8000         0x00010000         xrw
*default*        0x00000000         0xffffffff

Linker script and memory map

LOAD c:/program files/cypress/psoc creator/4.0/psoc creator/import/gnu/arm/4.9.3/bin/../lib/gcc/arm-none-eabi/4.9.3/armv7-m/crti.o
LOAD c:/program files/cypress/psoc creator/4.0/psoc creator/import/gnu/arm/4.9.3/bin/../lib/gcc/arm-none-eabi/4.9.3/armv7-m/crtbegin.o
LOAD c:/program files/cypress/psoc creator/4.0/psoc creator/import/gnu/arm/4.9.3/bin/../lib/gcc/arm-none-eabi/4.9.3/../../../../arm-none-eabi/lib/armv7-m/crt0.o
START GROUP
LOAD .\CortexM3\ARM_GCC_493\Debug\main.o
LOAD .\CortexM3\ARM_GCC_493\Debug\cymetadata.o
LOAD .\CortexM3\ARM_GCC_493\Debug\Cm3Start.o
LOAD .\CortexM3\ARM_GCC_493\Debug\SAR Example.a
LOAD C:\Program Files\Cypress\PSoC Creator\4.0\PSoC Creator\psoc\content\cycomponentlibrary\CyComponentLibrary.cylib\CortexM3\ARM_GCC_493\Debug\CyComponentLibrary.a
END GROUP
START GROUP
LOAD c:/program files/cypress/psoc creator/4.0/psoc creator/import/gnu/arm/4.9.3/bin/../lib/gcc/arm-none-eabi/4.9.3/armv7-m\libgcc.a
LOAD c:/program files/cypress/psoc creator/4.0/psoc creator/import/gnu/arm/4.9.3/bin/../lib/gcc/arm-none-eabi/4.9.3/../../../../arm-none-eabi/lib/armv7-m\libg.a
LOAD c:/program files/cypress/psoc creator/4.0/psoc creator/import/gnu/arm/4.9.3/bin/../lib/gcc/arm-none-eabi/4.9.3/../../../../arm-none-eabi/lib/armv7-m\libc.a
END GROUP
LOAD c:/program files/cypress/psoc creator/4.0/psoc creator/import/gnu/arm/4.9.3/bin/../lib/gcc/arm-none-eabi/4.9.3/armv7-m/crtend.o
LOAD c:/program files/cypress/psoc creator/4.0/psoc creator/import/gnu/arm/4.9.3/bin/../lib/gcc/arm-none-eabi/4.9.3/armv7-m/crtn.o
START GROUP
LOAD c:/program files/cypress/psoc creator/4.0/psoc creator/import/gnu/arm/4.9.3/bin/../lib/gcc/arm-none-eabi/4.9.3/armv7-m\libgcc.a
LOAD c:/program files/cypress/psoc creator/4.0/psoc creator/import/gnu/arm/4.9.3/bin/../lib/gcc/arm-none-eabi/4.9.3/../../../../arm-none-eabi/lib/armv7-m\libc.a
LOAD c:/program files/cypress/psoc creator/4.0/psoc creator/import/gnu/arm/4.9.3/bin/../lib/gcc/arm-none-eabi/4.9.3/../../../../arm-none-eabi/lib/armv7-m\libnosys.a
END GROUP
                0x00000000                CY_APPL_ORIGIN = 0x0
                0x00000100                CY_FLASH_ROW_SIZE = 0x100
                0x00000020                CY_ECC_ROW_SIZE = 0x20
                0x00000000                CY_EE_IN_BTLDR = 0x0
                0x00000000                CY_APPL_LOADABLE = 0x0
                0x00000800                CY_EE_SIZE = 0x800
                0x00000001                CY_APPL_NUM = 0x1
                0x00000001                CY_APPL_MAX = 0x1
                0x00000040                CY_METADATA_SIZE = 0x40
                0x00000000                CY_APPL_LOADABLE = 0x0
                0x00000000                CY_CHECKSUM_EXCLUDE_SIZE = ALIGN (0x0, CY_FLASH_ROW_SIZE)
                0x1fff8a00                PROVIDE (__cy_heap_start, _end)
                0x00000001                PROVIDE (__cy_region_num, ((__cy_regions_end - __cy_regions) / 0x10))
                0x20008000                PROVIDE (__cy_stack, (ORIGIN (ram) + 0x10000))
                0x20004000                PROVIDE (__cy_heap_end, (__cy_stack - 0x4000))

.cybootloader   0x00000000        0x0
 *(.cybootloader)
                0x00000000                appl1_start = CY_APPL_ORIGIN?CY_APPL_ORIGIN:ALIGN (CY_FLASH_ROW_SIZE)
                0x0001ff00                appl2_start = (appl1_start + ALIGN ((((0x40000 - appl1_start) - (0x2 * CY_FLASH_ROW_SIZE)) / 0x2), CY_FLASH_ROW_SIZE))
                0x00000000                appl_start = (CY_APPL_NUM == 0x1)?appl1_start:appl2_start
                0x00000000                ecc_offset = ((appl_start / CY_FLASH_ROW_SIZE) * CY_ECC_ROW_SIZE)
                0x00000000                ee_offset = (CY_APPL_LOADABLE && ! (CY_EE_IN_BTLDR))?((CY_EE_SIZE / CY_APPL_MAX) * (CY_APPL_NUM - 0x1)):0x0
                0x00000800                ee_size = (CY_APPL_LOADABLE && ! (CY_EE_IN_BTLDR))?(CY_EE_SIZE / CY_APPL_MAX):CY_EE_SIZE
                0x00000000                PROVIDE (CY_ECC_OFFSET, ecc_offset)

.text           0x00000000     0x5950
 CREATE_OBJECT_SYMBOLS
                0x00000000                PROVIDE (__cy_interrupt_vector, RomVectors)
 *(.romvectors)
 .romvectors    0x00000000       0x10 .\CortexM3\ARM_GCC_493\Debug\Cm3Start.o
                0x00000000                RomVectors
                0x00000001                ASSERT ((. != __cy_interrupt_vector), No interrupt vector)
                0x00000001                ASSERT (CY_APPL_ORIGIN?(SIZEOF (.cybootloader) <= CY_APPL_ORIGIN):0x1, Wrong image location)
                0x00000010                PROVIDE (__cy_reset, Reset)
 *(.text.Reset)
 .text.Reset    0x00000010       0x18 .\CortexM3\ARM_GCC_493\Debug\Cm3Start.o
                0x00000010                Reset
                0x00000001                ASSERT ((. != __cy_reset), No reset code)
 *(.dma_init)
                0x00000001                ASSERT ((((appl_start + .) <= 0x10000) || 0x1), DMA Init must be within the first 64k of flash)
 *(.text .text.* .gnu.linkonce.t.*)
 .text          0x00000028       0x5c c:/program files/cypress/psoc creator/4.0/psoc creator/import/gnu/arm/4.9.3/bin/../lib/gcc/arm-none-eabi/4.9.3/armv7-m/crtbegin.o
 .text.main     0x00000084       0x4c .\CortexM3\ARM_GCC_493\Debug\main.o
                0x00000084                main
 .text.IntDefaultHandler
                0x000000d0        0x4 .\CortexM3\ARM_GCC_493\Debug\Cm3Start.o
                0x000000d0                IntDefaultHandler
 .text._sbrk    0x000000d4       0x30 .\CortexM3\ARM_GCC_493\Debug\Cm3Start.o
                0x000000d4                _sbrk
 .text.Start_c  0x00000104       0x4c .\CortexM3\ARM_GCC_493\Debug\Cm3Start.o
                0x00000104                Start_c
 .text.initialize_psoc
                0x00000150       0x74 .\CortexM3\ARM_GCC_493\Debug\Cm3Start.o
                0x00000150                initialize_psoc
 .text.CyClockStartupError
                0x000001c4        0x4 .\CortexM3\ARM_GCC_493\Debug\SAR Example.a(cyfitter_cfg.o)
 .text.cfg_write_bytes32
                0x000001c8       0x34 .\CortexM3\ARM_GCC_493\Debug\SAR Example.a(cyfitter_cfg.o)
 .text.CYMEMZERO
                0x000001fc        0xc .\CortexM3\ARM_GCC_493\Debug\SAR Example.a(cyfitter_cfg.o)
 .text.ClockSetup
                0x00000208       0xc4 .\CortexM3\ARM_GCC_493\Debug\SAR Example.a(cyfitter_cfg.o)
 .text.AnalogSetDefault
                0x000002cc       0x88 .\CortexM3\ARM_GCC_493\Debug\SAR Example.a(cyfitter_cfg.o)
 .text.CYCONFIGCPY
                0x00000354        0x8 .\CortexM3\ARM_GCC_493\Debug\SAR Example.a(cyfitter_cfg.o)
 .text.cyfitter_cfg
                0x0000035c      0x120 .\CortexM3\ARM_GCC_493\Debug\SAR Example.a(cyfitter_cfg.o)
                0x0000035c                cyfitter_cfg
 .text.CyHalt   0x0000047c        0x4 .\CortexM3\ARM_GCC_493\Debug\SAR Example.a(CyLib.o)
                0x0000047c                CyHalt
 .text.CyDelay  0x00000480       0x2c .\CortexM3\ARM_GCC_493\Debug\SAR Example.a(CyLib.o)
                0x00000480                CyDelay
 .text.CyDelayUs
                0x000004ac       0x14 .\CortexM3\ARM_GCC_493\Debug\SAR Example.a(CyLib.o)
                0x000004ac                CyDelayUs
 .text.CyIntSetVector
                0x000004c0       0x28 .\CortexM3\ARM_GCC_493\Debug\SAR Example.a(CyLib.o)
                0x000004c0                CyIntSetVector
 .text.CyIntSetPriority
                0x000004e8       0x30 .\CortexM3\ARM_GCC_493\Debug\SAR Example.a(CyLib.o)
                0x000004e8                CyIntSetPriority
 .text.ADC_CalcGain
                0x00000518       0x5c .\CortexM3\ARM_GCC_493\Debug\SAR Example.a(ADC.o)
 .text.ADC_Enable
                0x00000574       0x94 .\CortexM3\ARM_GCC_493\Debug\SAR Example.a(ADC.o)
                0x00000574                ADC_Enable
 .text.ADC_SetResolution
                0x00000608       0x38 .\CortexM3\ARM_GCC_493\Debug\SAR Example.a(ADC.o)
                0x00000608                ADC_SetResolution
 .text.ADC_Init
                0x00000640       0x3c .\CortexM3\ARM_GCC_493\Debug\SAR Example.a(ADC.o)
                0x00000640                ADC_Init
 .text.ADC_Start
                0x0000067c       0x1c .\CortexM3\ARM_GCC_493\Debug\SAR Example.a(ADC.o)
                0x0000067c                ADC_Start
 .text.ADC_StartConvert
                0x00000698       0x10 .\CortexM3\ARM_GCC_493\Debug\SAR Example.a(ADC.o)
                0x00000698                ADC_StartConvert
 .text.ADC_GetResult16
                0x000006a8       0x18 .\CortexM3\ARM_GCC_493\Debug\SAR Example.a(ADC.o)
                0x000006a8                ADC_GetResult16
 .text.ADC_CountsTo_Volts
                0x000006c0       0x50 .\CortexM3\ARM_GCC_493\Debug\SAR Example.a(ADC.o)
                0x000006c0                ADC_CountsTo_Volts
 .text.ADC_ISR  0x00000710        0x4 .\CortexM3\ARM_GCC_493\Debug\SAR Example.a(ADC_INT.o)
                0x00000710                ADC_ISR
 .text.UART_1_Init
                0x00000714       0x28 .\CortexM3\ARM_GCC_493\Debug\SAR Example.a(UART_1.o)
                0x00000714                UART_1_Init
 .text.UART_1_Enable
                0x0000073c       0x38 .\CortexM3\ARM_GCC_493\Debug\SAR Example.a(UART_1.o)
                0x0000073c                UART_1_Enable
 .text.UART_1_Start
                0x00000774       0x1c .\CortexM3\ARM_GCC_493\Debug\SAR Example.a(UART_1.o)
                0x00000774                UART_1_Start
 .text.UART_1_PutChar
                0x00000790       0x18 .\CortexM3\ARM_GCC_493\Debug\SAR Example.a(UART_1.o)
                0x00000790                UART_1_PutChar
 .text.UART_1_PutString
                0x000007a8       0x24 .\CortexM3\ARM_GCC_493\Debug\SAR Example.a(UART_1.o)
                0x000007a8                UART_1_PutString
 .text.ADC_theACLK_SetModeRegister
                0x000007cc       0x14 .\CortexM3\ARM_GCC_493\Debug\SAR Example.a(ADC_theACLK.o)
                0x000007cc                ADC_theACLK_SetModeRegister
 .text.UART_1_IntClock_Start
                0x000007e0       0x1c .\CortexM3\ARM_GCC_493\Debug\SAR Example.a(UART_1_IntClock.o)
                0x000007e0                UART_1_IntClock_Start
 .text.PGA_1_Enable
                0x000007fc       0x28 .\CortexM3\ARM_GCC_493\Debug\SAR Example.a(PGA_1.o)
                0x000007fc                PGA_1_Enable
 .text.PGA_1_SetPower
                0x00000824       0x18 .\CortexM3\ARM_GCC_493\Debug\SAR Example.a(PGA_1.o)
                0x00000824                PGA_1_SetPower
 .text.PGA_1_SetGain
                0x0000083c       0x78 .\CortexM3\ARM_GCC_493\Debug\SAR Example.a(PGA_1.o)
                0x0000083c                PGA_1_SetGain
 .text.PGA_1_Init
                0x000008b4       0x34 .\CortexM3\ARM_GCC_493\Debug\SAR Example.a(PGA_1.o)
                0x000008b4                PGA_1_Init
 .text.PGA_1_Start
                0x000008e8       0x1c .\CortexM3\ARM_GCC_493\Debug\SAR Example.a(PGA_1.o)
                0x000008e8                PGA_1_Start
 *fill*         0x00000904        0x4 
 .text          0x00000908       0x20 .\CortexM3\ARM_GCC_493\Debug\SAR Example.a(CyBootAsmGnu.o)
                0x00000908                CyDelayCycles
                0x00000918                CyEnterCriticalSection
                0x00000920                CyExitCriticalSection
 .text          0x00000928      0x370 c:/program files/cypress/psoc creator/4.0/psoc creator/import/gnu/arm/4.9.3/bin/../lib/gcc/arm-none-eabi/4.9.3/armv7-m\libgcc.a(_arm_addsubdf3.o)
                0x00000928                __aeabi_drsub
                0x00000930                __aeabi_dsub
                0x00000930                __subdf3
                0x00000934                __aeabi_dadd
                0x00000934                __adddf3
                0x00000bac                __floatunsidf
                0x00000bac                __aeabi_ui2d
                0x00000bcc                __floatsidf
                0x00000bcc                __aeabi_i2d
                0x00000bf0                __aeabi_f2d
                0x00000bf0                __extendsfdf2
                0x00000c2c                __floatundidf
                0x00000c2c                __aeabi_ul2d
                0x00000c3c                __floatdidf
                0x00000c3c                __aeabi_l2d
 .text          0x00000c98      0x21c c:/program files/cypress/psoc creator/4.0/psoc creator/import/gnu/arm/4.9.3/bin/../lib/gcc/arm-none-eabi/4.9.3/armv7-m\libgcc.a(_arm_addsubsf3.o)
                0x00000c98                __aeabi_frsub
                0x00000ca0                __subsf3
                0x00000ca0                __aeabi_fsub
                0x00000ca4                __aeabi_fadd
                0x00000ca4                __addsf3
                0x00000e04                __aeabi_ui2f
                0x00000e04                __floatunsisf
                0x00000e0c                __aeabi_i2f
                0x00000e0c                __floatsisf
                0x00000e28                __aeabi_ul2f
                0x00000e28                __floatundisf
                0x00000e38                __aeabi_l2f
                0x00000e38                __floatdisf
 .text          0x00000eb4      0x2a0 c:/program files/cypress/psoc creator/4.0/psoc creator/import/gnu/arm/4.9.3/bin/../lib/gcc/arm-none-eabi/4.9.3/armv7-m\libgcc.a(_arm_muldivsf3.o)
                0x00000eb4                __mulsf3
                0x00000eb4                __aeabi_fmul
                0x0000101c                __aeabi_fdiv
                0x0000101c                __divsf3
 .text          0x00001154       0x60 c:/program files/cypress/psoc creator/4.0/psoc creator/import/gnu/arm/4.9.3/bin/../lib/gcc/arm-none-eabi/4.9.3/armv7-m\libgcc.a(bpabi.o)
                0x00001154                __gnu_ldivmod_helper
                0x00001184                __gnu_uldivmod_helper
 .text          0x000011b4        0x4 c:/program files/cypress/psoc creator/4.0/psoc creator/import/gnu/arm/4.9.3/bin/../lib/gcc/arm-none-eabi/4.9.3/armv7-m\libgcc.a(_dvmd_tls.o)
                0x000011b4                __aeabi_idiv0
                0x000011b4                __aeabi_ldiv0
 .text          0x000011b8      0x2ac c:/program files/cypress/psoc creator/4.0/psoc creator/import/gnu/arm/4.9.3/bin/../lib/gcc/arm-none-eabi/4.9.3/armv7-m\libgcc.a(_divdi3.o)
                0x000011b8                __divdi3
 .text          0x00001464      0x270 c:/program files/cypress/psoc creator/4.0/psoc creator/import/gnu/arm/4.9.3/bin/../lib/gcc/arm-none-eabi/4.9.3/armv7-m\libgcc.a(_udivdi3.o)
                0x00001464                __udivdi3
 .text.__errno  0x000016d4        0xc c:/program files/cypress/psoc creator/4.0/psoc creator/import/gnu/arm/4.9.3/bin/../lib/gcc/arm-none-eabi/4.9.3/../../../../arm-none-eabi/lib/armv7-m\libg.a(lib_a-errno.o)
                0x000016d4                __errno
 .text.__libc_init_array
                0x000016e0       0x50 c:/program files/cypress/psoc creator/4.0/psoc creator/import/gnu/arm/4.9.3/bin/../lib/gcc/arm-none-eabi/4.9.3/../../../../arm-none-eabi/lib/armv7-m\libg.a(lib_a-init.o)
                0x000016e0                __libc_init_array
 .text          0x00001730       0xec c:/program files/cypress/psoc creator/4.0/psoc creator/import/gnu/arm/4.9.3/bin/../lib/gcc/arm-none-eabi/4.9.3/../../../../arm-none-eabi/lib/armv7-m\libg.a(lib_a-memcpy.o)
                0x00001730                memcpy
 .text.memset   0x0000181c       0x9c c:/program files/cypress/psoc creator/4.0/psoc creator/import/gnu/arm/4.9.3/bin/../lib/gcc/arm-none-eabi/4.9.3/../../../../arm-none-eabi/lib/armv7-m\libg.a(lib_a-memset.o)
                0x0000181c                memset
 .text.sprintf  0x000018b8       0x4c c:/program files/cypress/psoc creator/4.0/psoc creator/import/gnu/arm/4.9.3/bin/../lib/gcc/arm-none-eabi/4.9.3/../../../../arm-none-eabi/lib/armv7-m\libg.a(lib_a-sprintf.o)
                0x000018b8                sprintf
 .text._svfprintf_r
                0x00001904     0x14f4 c:/program files/cypress/psoc creator/4.0/psoc creator/import/gnu/arm/4.9.3/bin/../lib/gcc/arm-none-eabi/4.9.3/../../../../arm-none-eabi/lib/armv7-m\libg.a(lib_a-svfprintf.o)
                0x00001904                _svfprintf_r
 .text.startup.register_fini
                0x00002df8       0x14 c:/program files/cypress/psoc creator/4.0/psoc creator/import/gnu/arm/4.9.3/bin/../lib/gcc/arm-none-eabi/4.9.3/../../../../arm-none-eabi/lib/armv7-m\libg.a(lib_a-__call_atexit.o)
 .text.atexit   0x00002e0c        0xc c:/program files/cypress/psoc creator/4.0/psoc creator/import/gnu/arm/4.9.3/bin/../lib/gcc/arm-none-eabi/4.9.3/../../../../arm-none-eabi/lib/armv7-m\libg.a(lib_a-atexit.o)
                0x00002e0c                atexit
 .text.quorem   0x00002e18      0x130 c:/program files/cypress/psoc creator/4.0/psoc creator/import/gnu/arm/4.9.3/bin/../lib/gcc/arm-none-eabi/4.9.3/../../../../arm-none-eabi/lib/armv7-m\libg.a(lib_a-dtoa.o)
 .text._dtoa_r  0x00002f48      0xea8 c:/program files/cypress/psoc creator/4.0/psoc creator/import/gnu/arm/4.9.3/bin/../lib/gcc/arm-none-eabi/4.9.3/../../../../arm-none-eabi/lib/armv7-m\libg.a(lib_a-dtoa.o)
                0x00002f48                _dtoa_r
 .text.__libc_fini_array
                0x00003df0       0x2c c:/program files/cypress/psoc creator/4.0/psoc creator/import/gnu/arm/4.9.3/bin/../lib/gcc/arm-none-eabi/4.9.3/../../../../arm-none-eabi/lib/armv7-m\libg.a(lib_a-fini.o)
                0x00003df0                __libc_fini_array
 .text._localeconv_r
                0x00003e1c        0x8 c:/program files/cypress/psoc creator/4.0/psoc creator/import/gnu/arm/4.9.3/bin/../lib/gcc/arm-none-eabi/4.9.3/../../../../arm-none-eabi/lib/armv7-m\libg.a(lib_a-locale.o)
                0x00003e1c                _localeconv_r
 .text._malloc_r
                0x00003e24      0x50c c:/program files/cypress/psoc creator/4.0/psoc creator/import/gnu/arm/4.9.3/bin/../lib/gcc/arm-none-eabi/4.9.3/../../../../arm-none-eabi/lib/armv7-m\libg.a(lib_a-mallocr.o)
                0x00003e24                _malloc_r
 .text.memchr   0x00004330       0x94 c:/program files/cypress/psoc creator/4.0/psoc creator/import/gnu/arm/4.9.3/bin/../lib/gcc/arm-none-eabi/4.9.3/../../../../arm-none-eabi/lib/armv7-m\libg.a(lib_a-memchr.o)
                0x00004330                memchr
 .text.__malloc_lock
                0x000043c4        0x4 c:/program files/cypress/psoc creator/4.0/psoc creator/import/gnu/arm/4.9.3/bin/../lib/gcc/arm-none-eabi/4.9.3/../../../../arm-none-eabi/lib/armv7-m\libg.a(lib_a-mlock.o)
                0x000043c4                __malloc_lock
 .text.__malloc_unlock
                0x000043c8        0x4 c:/program files/cypress/psoc creator/4.0/psoc creator/import/gnu/arm/4.9.3/bin/../lib/gcc/arm-none-eabi/4.9.3/../../../../arm-none-eabi/lib/armv7-m\libg.a(lib_a-mlock.o)
                0x000043c8                __malloc_unlock
 .text._Balloc  0x000043cc       0x50 c:/program files/cypress/psoc creator/4.0/psoc creator/import/gnu/arm/4.9.3/bin/../lib/gcc/arm-none-eabi/4.9.3/../../../../arm-none-eabi/lib/armv7-m\libg.a(lib_a-mprec.o)
                0x000043cc                _Balloc
 .text._Bfree   0x0000441c       0x14 c:/program files/cypress/psoc creator/4.0/psoc creator/import/gnu/arm/4.9.3/bin/../lib/gcc/arm-none-eabi/4.9.3/../../../../arm-none-eabi/lib/armv7-m\libg.a(lib_a-mprec.o)
                0x0000441c                _Bfree
 .text.__multadd
                0x00004430       0x84 c:/program files/cypress/psoc creator/4.0/psoc creator/import/gnu/arm/4.9.3/bin/../lib/gcc/arm-none-eabi/4.9.3/../../../../arm-none-eabi/lib/armv7-m\libg.a(lib_a-mprec.o)
                0x00004430                __multadd
 .text.__hi0bits
                0x000044b4       0x40 c:/program files/cypress/psoc creator/4.0/psoc creator/import/gnu/arm/4.9.3/bin/../lib/gcc/arm-none-eabi/4.9.3/../../../../arm-none-eabi/lib/armv7-m\libg.a(lib_a-mprec.o)
                0x000044b4                __hi0bits
 .text.__lo0bits
                0x000044f4       0x5c c:/program files/cypress/psoc creator/4.0/psoc creator/import/gnu/arm/4.9.3/bin/../lib/gcc/arm-none-eabi/4.9.3/../../../../arm-none-eabi/lib/armv7-m\libg.a(lib_a-mprec.o)
                0x000044f4                __lo0bits
 .text.__i2b    0x00004550       0x14 c:/program files/cypress/psoc creator/4.0/psoc creator/import/gnu/arm/4.9.3/bin/../lib/gcc/arm-none-eabi/4.9.3/../../../../arm-none-eabi/lib/armv7-m\libg.a(lib_a-mprec.o)
                0x00004550                __i2b
 .text.__multiply
                0x00004564      0x140 c:/program files/cypress/psoc creator/4.0/psoc creator/import/gnu/arm/4.9.3/bin/../lib/gcc/arm-none-eabi/4.9.3/../../../../arm-none-eabi/lib/armv7-m\libg.a(lib_a-mprec.o)
                0x00004564                __multiply
 .text.__pow5mult
                0x000046a4       0xa0 c:/program files/cypress/psoc creator/4.0/psoc creator/import/gnu/arm/4.9.3/bin/../lib/gcc/arm-none-eabi/4.9.3/../../../../arm-none-eabi/lib/armv7-m\libg.a(lib_a-mprec.o)
                0x000046a4                __pow5mult
 .text.__lshift
                0x00004744       0xb0 c:/program files/cypress/psoc creator/4.0/psoc creator/import/gnu/arm/4.9.3/bin/../lib/gcc/arm-none-eabi/4.9.3/../../../../arm-none-eabi/lib/armv7-m\libg.a(lib_a-mprec.o)
                0x00004744                __lshift
 .text.__mcmp   0x000047f4       0x48 c:/program files/cypress/psoc creator/4.0/psoc creator/import/gnu/arm/4.9.3/bin/../lib/gcc/arm-none-eabi/4.9.3/../../../../arm-none-eabi/lib/armv7-m\libg.a(lib_a-mprec.o)
                0x000047f4                __mcmp
 .text.__mdiff  0x0000483c       0xe4 c:/program files/cypress/psoc creator/4.0/psoc creator/import/gnu/arm/4.9.3/bin/../lib/gcc/arm-none-eabi/4.9.3/../../../../arm-none-eabi/lib/armv7-m\libg.a(lib_a-mprec.o)
                0x0000483c                __mdiff
 .text.__d2b    0x00004920       0xa8 c:/program files/cypress/psoc creator/4.0/psoc creator/import/gnu/arm/4.9.3/bin/../lib/gcc/arm-none-eabi/4.9.3/../../../../arm-none-eabi/lib/armv7-m\libg.a(lib_a-mprec.o)
                0x00004920                __d2b
 .text.__fpclassifyd
                0x000049c8       0x58 c:/program files/cypress/psoc creator/4.0/psoc creator/import/gnu/arm/4.9.3/bin/../lib/gcc/arm-none-eabi/4.9.3/../../../../arm-none-eabi/lib/armv7-m\libg.a(lib_a-s_fpclassify.o)
                0x000049c8                __fpclassifyd
 .text._sbrk_r  0x00004a20       0x24 c:/program files/cypress/psoc creator/4.0/psoc creator/import/gnu/arm/4.9.3/bin/../lib/gcc/arm-none-eabi/4.9.3/../../../../arm-none-eabi/lib/armv7-m\libg.a(lib_a-sbrkr.o)
                0x00004a20                _sbrk_r
 .text.strlen   0x00004a44       0x5c c:/program files/cypress/psoc creator/4.0/psoc creator/import/gnu/arm/4.9.3/bin/../lib/gcc/arm-none-eabi/4.9.3/../../../../arm-none-eabi/lib/armv7-m\libg.a(lib_a-strlen.o)
                0x00004a44                strlen
 .text.__ssprint_r
                0x00004aa0      0x104 c:/program files/cypress/psoc creator/4.0/psoc creator/import/gnu/arm/4.9.3/bin/../lib/gcc/arm-none-eabi/4.9.3/../../../../arm-none-eabi/lib/armv7-m\libg.a(lib_a-svfiprintf.o)
                0x00004aa0                __ssprint_r
 .text.__register_exitproc
                0x00004ba4       0xa4 c:/program files/cypress/psoc creator/4.0/psoc creator/import/gnu/arm/4.9.3/bin/../lib/gcc/arm-none-eabi/4.9.3/../../../../arm-none-eabi/lib/armv7-m\libg.a(lib_a-__atexit.o)
                0x00004ba4                __register_exitproc
 .text._calloc_r
                0x00004c48       0x60 c:/program files/cypress/psoc creator/4.0/psoc creator/import/gnu/arm/4.9.3/bin/../lib/gcc/arm-none-eabi/4.9.3/../../../../arm-none-eabi/lib/armv7-m\libg.a(lib_a-callocr.o)
                0x00004c48                _calloc_r
 .text._malloc_trim_r
                0x00004ca8       0x9c c:/program files/cypress/psoc creator/4.0/psoc creator/import/gnu/arm/4.9.3/bin/../lib/gcc/arm-none-eabi/4.9.3/../../../../arm-none-eabi/lib/armv7-m\libg.a(lib_a-freer.o)
                0x00004ca8                _malloc_trim_r
 .text._free_r  0x00004d44      0x1b0 c:/program files/cypress/psoc creator/4.0/psoc creator/import/gnu/arm/4.9.3/bin/../lib/gcc/arm-none-eabi/4.9.3/../../../../arm-none-eabi/lib/armv7-m\libg.a(lib_a-freer.o)
                0x00004d44                _free_r
 .text.memmove  0x00004ef4       0xc8 c:/program files/cypress/psoc creator/4.0/psoc creator/import/gnu/arm/4.9.3/bin/../lib/gcc/arm-none-eabi/4.9.3/../../../../arm-none-eabi/lib/armv7-m\libg.a(lib_a-memmove.o)
                0x00004ef4                memmove
 .text._realloc_r
                0x00004fbc      0x3e0 c:/program files/cypress/psoc creator/4.0/psoc creator/import/gnu/arm/4.9.3/bin/../lib/gcc/arm-none-eabi/4.9.3/../../../../arm-none-eabi/lib/armv7-m\libg.a(lib_a-reallocr.o)
                0x00004fbc                _realloc_r
 .text          0x0000539c      0x424 c:/program files/cypress/psoc creator/4.0/psoc creator/import/gnu/arm/4.9.3/bin/../lib/gcc/arm-none-eabi/4.9.3/armv7-m\libgcc.a(_arm_muldivdf3.o)
                0x0000539c                __aeabi_dmul
                0x0000539c                __muldf3
                0x000055f0                __divdf3
                0x000055f0                __aeabi_ddiv
 .text          0x000057c0      0x110 c:/program files/cypress/psoc creator/4.0/psoc creator/import/gnu/arm/4.9.3/bin/../lib/gcc/arm-none-eabi/4.9.3/armv7-m\libgcc.a(_arm_cmpdf2.o)
                0x000057c0                __gtdf2
                0x000057c0                __gedf2
                0x000057c8                __ltdf2
                0x000057c8                __ledf2
                0x000057d0                __nedf2
                0x000057d0                __eqdf2
                0x000057d0                __cmpdf2
                0x0000584c                __aeabi_cdrcmple
                0x0000585c                __aeabi_cdcmpeq
                0x0000585c                __aeabi_cdcmple
                0x0000586c                __aeabi_dcmpeq
                0x00005880                __aeabi_dcmplt
                0x00005894                __aeabi_dcmple
                0x000058a8                __aeabi_dcmpge
                0x000058bc                __aeabi_dcmpgt
 .text          0x000058d0       0x50 c:/program files/cypress/psoc creator/4.0/psoc creator/import/gnu/arm/4.9.3/bin/../lib/gcc/arm-none-eabi/4.9.3/armv7-m\libgcc.a(_arm_fixdfsi.o)
                0x000058d0                __aeabi_d2iz
                0x000058d0                __fixdfsi
 .text          0x00005920       0x30 c:/program files/cypress/psoc creator/4.0/psoc creator/import/gnu/arm/4.9.3/bin/../lib/gcc/arm-none-eabi/4.9.3/armv7-m\libgcc.a(_aeabi_uldivmod.o)
                0x00005920                __aeabi_uldivmod
 *(.plt)
 *(.gnu.warning)
 *(.glue_7t)
 .glue_7t       0x00000000        0x0 linker stubs
 *(.glue_7)
 .glue_7        0x00000000        0x0 linker stubs
 *(.vfp11_veneer)
 .vfp11_veneer  0x00000000        0x0 linker stubs
 *(.bootloader)
 *(.ARM.extab* .gnu.linkonce.armextab.*)
 *(.gcc_except_table)

.v4_bx          0x00005950        0x0
 .v4_bx         0x00000000        0x0 linker stubs

.iplt           0x00005950        0x0
 .iplt          0x00000000        0x0 c:/program files/cypress/psoc creator/4.0/psoc creator/import/gnu/arm/4.9.3/bin/../lib/gcc/arm-none-eabi/4.9.3/armv7-m/crtbegin.o

.eh_frame_hdr
 *(.eh_frame_hdr)

.eh_frame       0x00005950        0x4
 *(.eh_frame)
 .eh_frame      0x00005950        0x0 c:/program files/cypress/psoc creator/4.0/psoc creator/import/gnu/arm/4.9.3/bin/../lib/gcc/arm-none-eabi/4.9.3/armv7-m/crtbegin.o
 .eh_frame      0x00005950        0x0 c:/program files/cypress/psoc creator/4.0/psoc creator/import/gnu/arm/4.9.3/bin/../lib/gcc/arm-none-eabi/4.9.3/../../../../arm-none-eabi/lib/armv7-m\libg.a(lib_a-strcmp.o)
                                 0x38 (size before relaxing)
 .eh_frame      0x00005950        0x4 c:/program files/cypress/psoc creator/4.0/psoc creator/import/gnu/arm/4.9.3/bin/../lib/gcc/arm-none-eabi/4.9.3/armv7-m/crtend.o
                0x00005954                PROVIDE (__exidx_start, .)

.ARM.exidx      0x00005954        0x8
 *(.ARM.exidx* .gnu.linkonce.armexidx.*)
 .ARM.exidx     0x00005954        0x8 c:/program files/cypress/psoc creator/4.0/psoc creator/import/gnu/arm/4.9.3/bin/../lib/gcc/arm-none-eabi/4.9.3/armv7-m\libgcc.a(_divdi3.o)
 .ARM.exidx     0x0000595c        0x0 c:/program files/cypress/psoc creator/4.0/psoc creator/import/gnu/arm/4.9.3/bin/../lib/gcc/arm-none-eabi/4.9.3/armv7-m\libgcc.a(_udivdi3.o)
                                  0x8 (size before relaxing)
                0x0000595c                __exidx_end = .

.rodata         0x00005960      0x218
 *(.rodata .rodata.* .gnu.linkonce.r.*)
 .rodata.str1.4
                0x00005960        0xb .\CortexM3\ARM_GCC_493\Debug\main.o
                                  0xc (size before relaxing)
 *fill*         0x0000596b        0x1 
 .rodata        0x0000596c       0x38 .\CortexM3\ARM_GCC_493\Debug\SAR Example.a(cyfitter_cfg.o)
 .rodata        0x000059a4       0x18 .\CortexM3\ARM_GCC_493\Debug\SAR Example.a(PGA_1.o)
 .rodata.str1.4
                0x000059bc        0x2 c:/program files/cypress/psoc creator/4.0/psoc creator/import/gnu/arm/4.9.3/bin/../lib/gcc/arm-none-eabi/4.9.3/../../../../arm-none-eabi/lib/armv7-m\libg.a(lib_a-impure.o)
                                  0x4 (size before relaxing)
 *fill*         0x000059be        0x2 
 .rodata._global_impure_ptr
                0x000059c0        0x4 c:/program files/cypress/psoc creator/4.0/psoc creator/import/gnu/arm/4.9.3/bin/../lib/gcc/arm-none-eabi/4.9.3/../../../../arm-none-eabi/lib/armv7-m\libg.a(lib_a-impure.o)
                0x000059c0                _global_impure_ptr
 .rodata.zeroes.6916
                0x000059c4       0x10 c:/program files/cypress/psoc creator/4.0/psoc creator/import/gnu/arm/4.9.3/bin/../lib/gcc/arm-none-eabi/4.9.3/../../../../arm-none-eabi/lib/armv7-m\libg.a(lib_a-svfprintf.o)
 .rodata.str1.4
                0x000059d4       0x42 c:/program files/cypress/psoc creator/4.0/psoc creator/import/gnu/arm/4.9.3/bin/../lib/gcc/arm-none-eabi/4.9.3/../../../../arm-none-eabi/lib/armv7-m\libg.a(lib_a-svfprintf.o)
                                 0x44 (size before relaxing)
 *fill*         0x00005a16        0x2 
 .rodata.blanks.6915
                0x00005a18       0x10 c:/program files/cypress/psoc creator/4.0/psoc creator/import/gnu/arm/4.9.3/bin/../lib/gcc/arm-none-eabi/4.9.3/../../../../arm-none-eabi/lib/armv7-m\libg.a(lib_a-svfprintf.o)
 .rodata.str1.4
                0x00005a28       0x10 c:/program files/cypress/psoc creator/4.0/psoc creator/import/gnu/arm/4.9.3/bin/../lib/gcc/arm-none-eabi/4.9.3/../../../../arm-none-eabi/lib/armv7-m\libg.a(lib_a-dtoa.o)
                                 0x14 (size before relaxing)
 .rodata.str1.4
                0x00005a38        0xc c:/program files/cypress/psoc creator/4.0/psoc creator/import/gnu/arm/4.9.3/bin/../lib/gcc/arm-none-eabi/4.9.3/../../../../arm-none-eabi/lib/armv7-m\libg.a(lib_a-locale.o)
                                 0x14 (size before relaxing)
 .rodata.p05.5296
                0x00005a44        0xc c:/program files/cypress/psoc creator/4.0/psoc creator/import/gnu/arm/4.9.3/bin/../lib/gcc/arm-none-eabi/4.9.3/../../../../arm-none-eabi/lib/armv7-m\libg.a(lib_a-mprec.o)
 .rodata.__mprec_tens
                0x00005a50       0xc8 c:/program files/cypress/psoc creator/4.0/psoc creator/import/gnu/arm/4.9.3/bin/../lib/gcc/arm-none-eabi/4.9.3/../../../../arm-none-eabi/lib/armv7-m\libg.a(lib_a-mprec.o)
                0x00005a50                __mprec_tens
 .rodata.__mprec_bigtens
                0x00005b18       0x28 c:/program files/cypress/psoc creator/4.0/psoc creator/import/gnu/arm/4.9.3/bin/../lib/gcc/arm-none-eabi/4.9.3/../../../../arm-none-eabi/lib/armv7-m\libg.a(lib_a-mprec.o)
                0x00005b18                __mprec_bigtens
                0x00005b40                . = ALIGN (0x4)
 *(.init)
 .init          0x00005b40        0x4 c:/program files/cypress/psoc creator/4.0/psoc creator/import/gnu/arm/4.9.3/bin/../lib/gcc/arm-none-eabi/4.9.3/armv7-m/crti.o
                0x00005b40                _init
 .init          0x00005b44        0x8 c:/program files/cypress/psoc creator/4.0/psoc creator/import/gnu/arm/4.9.3/bin/../lib/gcc/arm-none-eabi/4.9.3/armv7-m/crtn.o
                0x00005b4c                . = ALIGN (0x4)
                0x00005b4c                __preinit_array_start = .
 *(.preinit_array)
                0x00005b4c                __preinit_array_end = .
                0x00005b4c                . = ALIGN (0x4)
                0x00005b4c                __init_array_start = .
 *(SORT(.init_array.*))
 .init_array.00000
                0x00005b4c        0x4 c:/program files/cypress/psoc creator/4.0/psoc creator/import/gnu/arm/4.9.3/bin/../lib/gcc/arm-none-eabi/4.9.3/../../../../arm-none-eabi/lib/armv7-m\libg.a(lib_a-__call_atexit.o)
 *(.init_array)
 .init_array    0x00005b50        0x4 c:/program files/cypress/psoc creator/4.0/psoc creator/import/gnu/arm/4.9.3/bin/../lib/gcc/arm-none-eabi/4.9.3/armv7-m/crtbegin.o
 .init_array    0x00005b54        0x4 .\CortexM3\ARM_GCC_493\Debug\Cm3Start.o
                0x00005b58                __init_array_end = .
                0x00005b58                . = ALIGN (0x4)
 *(.fini)
 .fini          0x00005b58        0x4 c:/program files/cypress/psoc creator/4.0/psoc creator/import/gnu/arm/4.9.3/bin/../lib/gcc/arm-none-eabi/4.9.3/armv7-m/crti.o
                0x00005b58                _fini
 .fini          0x00005b5c        0x8 c:/program files/cypress/psoc creator/4.0/psoc creator/import/gnu/arm/4.9.3/bin/../lib/gcc/arm-none-eabi/4.9.3/armv7-m/crtn.o
                0x00005b64                . = ALIGN (0x4)
                0x00005b64                __fini_array_start = .
 *(.fini_array)
 .fini_array    0x00005b64        0x4 c:/program files/cypress/psoc creator/4.0/psoc creator/import/gnu/arm/4.9.3/bin/../lib/gcc/arm-none-eabi/4.9.3/armv7-m/crtbegin.o
 *(SORT(.fini_array.*))
                0x00005b68                __fini_array_end = .
                0x00005b68                . = ALIGN (0x4)
 *crtbegin.o(.ctors)
 *(EXCLUDE_FILE(*crtend.o) .ctors)
 *(SORT(.ctors.*))
 *crtend.o(.ctors)
                0x00005b68                . = ALIGN (0x4)
 *crtbegin.o(.dtors)
 *(EXCLUDE_FILE(*crtend.o) .dtors)
 *(SORT(.dtors.*))
 *crtend.o(.dtors)
                0x00005b68                . = ALIGN (0x4)
                0x00005b68                __cy_regions = .
                0x00005b68        0x4 LONG 0x5b78 __cy_region_init_ram
                0x00005b6c        0x4 LONG 0x1fff8108 __cy_region_start_data
                0x00005b70        0x4 LONG 0x890 __cy_region_init_size_ram
                0x00005b74        0x4 LONG 0x68 __cy_region_zero_size_ram
                0x00005b78                __cy_regions_end = .
                0x00005b78                . = ALIGN (0x8)
                0x00005b78                _etext = .

.cy_checksum_exclude
                0x00005b78        0x0
 *(.cy_checksum_exclude)

.ramvectors     0x1fff8000      0x100
                0x1fff8000                __cy_region_start_ram = .
 *(.ramvectors)
 .ramvectors    0x1fff8000      0x100 .\CortexM3\ARM_GCC_493\Debug\Cm3Start.o
                0x1fff8000                CyRamVectors

.noinit         0x1fff8100        0x5
 *(.noinit)
 .noinit        0x1fff8100        0x4 .\CortexM3\ARM_GCC_493\Debug\Cm3Start.o
 .noinit        0x1fff8104        0x1 .\CortexM3\ARM_GCC_493\Debug\SAR Example.a(CyLib.o)
                0x1fff8104                CyResetStatus

.data           0x1fff8108      0x890 load address 0x00005b78
                0x1fff8108                __cy_region_start_data = .
 *(.jcr)
 .jcr           0x1fff8108        0x0 c:/program files/cypress/psoc creator/4.0/psoc creator/import/gnu/arm/4.9.3/bin/../lib/gcc/arm-none-eabi/4.9.3/armv7-m/crtbegin.o
 .jcr           0x1fff8108        0x4 c:/program files/cypress/psoc creator/4.0/psoc creator/import/gnu/arm/4.9.3/bin/../lib/gcc/arm-none-eabi/4.9.3/armv7-m/crtend.o
 *(.got.plt)
 *(.got)
 *(.shdata)
 *(.data .data.* .gnu.linkonce.d.*)
 .data          0x1fff810c        0x4 .\CortexM3\ARM_GCC_493\Debug\Cm3Start.o
 .data          0x1fff8110       0x10 .\CortexM3\ARM_GCC_493\Debug\SAR Example.a(CyLib.o)
                0x1fff8110                cydelay_32k_ms
                0x1fff8114                cydelay_freq_khz
                0x1fff8118                cydelay_freq_mhz
                0x1fff811c                cydelay_freq_hz
 .data.impure_data
                0x1fff8120      0x428 c:/program files/cypress/psoc creator/4.0/psoc creator/import/gnu/arm/4.9.3/bin/../lib/gcc/arm-none-eabi/4.9.3/../../../../arm-none-eabi/lib/armv7-m\libg.a(lib_a-impure.o)
 .data._impure_ptr
                0x1fff8548        0x4 c:/program files/cypress/psoc creator/4.0/psoc creator/import/gnu/arm/4.9.3/bin/../lib/gcc/arm-none-eabi/4.9.3/../../../../arm-none-eabi/lib/armv7-m\libg.a(lib_a-impure.o)
                0x1fff8548                _impure_ptr
 .data.lconv    0x1fff854c       0x38 c:/program files/cypress/psoc creator/4.0/psoc creator/import/gnu/arm/4.9.3/bin/../lib/gcc/arm-none-eabi/4.9.3/../../../../arm-none-eabi/lib/armv7-m\libg.a(lib_a-locale.o)
 .data.__malloc_av_
                0x1fff8584      0x408 c:/program files/cypress/psoc creator/4.0/psoc creator/import/gnu/arm/4.9.3/bin/../lib/gcc/arm-none-eabi/4.9.3/../../../../arm-none-eabi/lib/armv7-m\libg.a(lib_a-mallocr.o)
                0x1fff8584                __malloc_av_
 .data.__malloc_trim_threshold
                0x1fff898c        0x4 c:/program files/cypress/psoc creator/4.0/psoc creator/import/gnu/arm/4.9.3/bin/../lib/gcc/arm-none-eabi/4.9.3/../../../../arm-none-eabi/lib/armv7-m\libg.a(lib_a-mallocr.o)
                0x1fff898c                __malloc_trim_threshold
 .data.__malloc_sbrk_base
                0x1fff8990        0x4 c:/program files/cypress/psoc creator/4.0/psoc creator/import/gnu/arm/4.9.3/bin/../lib/gcc/arm-none-eabi/4.9.3/../../../../arm-none-eabi/lib/armv7-m\libg.a(lib_a-mallocr.o)
                0x1fff8990                __malloc_sbrk_base
                0x1fff8998                . = ALIGN (0x8)
 *fill*         0x1fff8994        0x4 
 *(.ram)
                0x1fff8998                _edata = .

.igot.plt       0x1fff8998        0x0 load address 0x00006408
 .igot.plt      0x00000000        0x0 c:/program files/cypress/psoc creator/4.0/psoc creator/import/gnu/arm/4.9.3/bin/../lib/gcc/arm-none-eabi/4.9.3/armv7-m/crtbegin.o

.bss            0x1fff8998       0x68 load address 0x00006408
                0x1fff8998                PROVIDE (__bss_start__, .)
 *(.shbss)
 *(.bss .bss.* .gnu.linkonce.b.*)
 .bss           0x1fff8998       0x1c c:/program files/cypress/psoc creator/4.0/psoc creator/import/gnu/arm/4.9.3/bin/../lib/gcc/arm-none-eabi/4.9.3/armv7-m/crtbegin.o
 .bss           0x1fff89b4        0x1 .\CortexM3\ARM_GCC_493\Debug\SAR Example.a(ADC.o)
                0x1fff89b4                ADC_initVar
 .bss           0x1fff89b5        0x2 .\CortexM3\ARM_GCC_493\Debug\SAR Example.a(UART_1.o)
                0x1fff89b5                UART_1_initVar
 .bss           0x1fff89b7        0x1 .\CortexM3\ARM_GCC_493\Debug\SAR Example.a(PGA_1.o)
                0x1fff89b7                PGA_1_initVar
 .bss.__malloc_max_total_mem
                0x1fff89b8        0x4 c:/program files/cypress/psoc creator/4.0/psoc creator/import/gnu/arm/4.9.3/bin/../lib/gcc/arm-none-eabi/4.9.3/../../../../arm-none-eabi/lib/armv7-m\libg.a(lib_a-mallocr.o)
                0x1fff89b8                __malloc_max_total_mem
 .bss.__malloc_max_sbrked_mem
                0x1fff89bc        0x4 c:/program files/cypress/psoc creator/4.0/psoc creator/import/gnu/arm/4.9.3/bin/../lib/gcc/arm-none-eabi/4.9.3/../../../../arm-none-eabi/lib/armv7-m\libg.a(lib_a-mallocr.o)
                0x1fff89bc                __malloc_max_sbrked_mem
 .bss.__malloc_top_pad
                0x1fff89c0        0x4 c:/program files/cypress/psoc creator/4.0/psoc creator/import/gnu/arm/4.9.3/bin/../lib/gcc/arm-none-eabi/4.9.3/../../../../arm-none-eabi/lib/armv7-m\libg.a(lib_a-mallocr.o)
                0x1fff89c0                __malloc_top_pad
 .bss.__malloc_current_mallinfo
                0x1fff89c4       0x28 c:/program files/cypress/psoc creator/4.0/psoc creator/import/gnu/arm/4.9.3/bin/../lib/gcc/arm-none-eabi/4.9.3/../../../../arm-none-eabi/lib/armv7-m\libg.a(lib_a-mallocr.o)
                0x1fff89c4                __malloc_current_mallinfo
 *(COMMON)
 COMMON         0x1fff89ec        0xa .\CortexM3\ARM_GCC_493\Debug\SAR Example.a(ADC.o)
                0x1fff89ec                ADC_countsPer10Volt
                0x1fff89f0                ADC_shift
                0x1fff89f2                ADC_countsPerVolt
                0x1fff89f4                ADC_offset
 *fill*         0x1fff89f6        0x2 
 COMMON         0x1fff89f8        0x4 c:/program files/cypress/psoc creator/4.0/psoc creator/import/gnu/arm/4.9.3/bin/../lib/gcc/arm-none-eabi/4.9.3/../../../../arm-none-eabi/lib/armv7-m\libg.a(lib_a-reent.o)
                0x1fff89f8                errno
                0x1fff8a00                . = ALIGN (0x8)
 *fill*         0x1fff89fc        0x4 
 *(.ram.b)
                0x1fff8a00                _end = .
                0x1fff8a00                __end = .
                0x1fff8a00                PROVIDE (end, .)
                0x1fff8a00                PROVIDE (__bss_end__, .)
                0x00005b78                __cy_region_init_ram = LOADADDR (.data)
                0x00000890                __cy_region_init_size_ram = (_edata - ADDR (.data))
                0x00000068                __cy_region_zero_size_ram = (_end - _edata)

.heap           0x1fff8a00     0x1000 load address 0x00006408
                0x1fff8a00                . = _end
                0x1fff9a00                . = (. + 0x1000)
 *fill*         0x1fff8a00     0x1000 
                0x1fff9a00                __cy_heap_limit = .

.stack          0x20004000     0x4000
                0x20004000                __cy_stack_limit = .
                0x20008000                . = (. + 0x4000)
 *fill*         0x20004000     0x4000 
                0x00000001                ASSERT ((__cy_stack_limit >= __cy_heap_limit), region RAM overflowed with stack)
                0x00000000                cy_checksum_exclude_size = (CY_APPL_LOADABLE == 0x1)?SIZEOF (.cy_checksum_exclude):0x0
                0x00000001                ASSERT ((cy_checksum_exclude_size <= CY_CHECKSUM_EXCLUDE_SIZE), CY_BOOT: Section .cy_checksum_exclude size exceedes specified limit.)

.cyloadermeta
 *(.cyloadermeta)

.cyloadablemeta
 *(.cyloadablemeta)

.cyconfigecc    0x80000000      0x408
 *(.cyconfigecc)
 .cyconfigecc   0x80000000      0x408 .\CortexM3\ARM_GCC_493\Debug\cymetadata.o
                0x80000000                cy_meta_configecc

.cycustnvl      0x90000000        0x4
 *(.cycustnvl)
 .cycustnvl     0x90000000        0x4 .\CortexM3\ARM_GCC_493\Debug\cymetadata.o
                0x90000000                cy_meta_custnvl

.cywolatch      0x90100000        0x4
 *(.cywolatch)
 .cywolatch     0x90100000        0x4 .\CortexM3\ARM_GCC_493\Debug\cymetadata.o
                0x90100000                cy_meta_wonvl

.cyeeprom       0x90200000        0x0
 *(.cyeeprom)
                0x00000001                ASSERT ((. <= ((0x90200000 + ee_offset) + ee_size)), .cyeeprom data will not fit in EEPROM)

.cyflashprotect
                0x90400000      0x100
 *(.cyflashprotect)
 .cyflashprotect
                0x90400000      0x100 .\CortexM3\ARM_GCC_493\Debug\cymetadata.o
                0x90400000                cy_meta_flashprotect

.cymeta         0x90500000        0xc
 *(.cymeta)
 .cymeta        0x90500000        0xc .\CortexM3\ARM_GCC_493\Debug\cymetadata.o
                0x90500000                cy_metadata

.rel.dyn        0x00006408        0x0 load address 0x9050000c
 .rel.iplt      0x00000000        0x0 c:/program files/cypress/psoc creator/4.0/psoc creator/import/gnu/arm/4.9.3/bin/../lib/gcc/arm-none-eabi/4.9.3/armv7-m/crtbegin.o

.stab
 *(.stab)

.stabstr
 *(.stabstr)

.debug
 *(.debug)

.line
 *(.line)

.debug_srcinfo
 *(.debug_srcinfo)

.debug_sfnames
 *(.debug_sfnames)

.debug_aranges  0x00000000      0x800
 *(.debug_aranges)
 .debug_aranges
                0x00000000       0x20 .\CortexM3\ARM_GCC_493\Debug\main.o
 .debug_aranges
                0x00000020       0x18 .\CortexM3\ARM_GCC_493\Debug\cymetadata.o
 .debug_aranges
                0x00000038       0x48 .\CortexM3\ARM_GCC_493\Debug\Cm3Start.o
 .debug_aranges
                0x00000080       0x58 .\CortexM3\ARM_GCC_493\Debug\SAR Example.a(cyfitter_cfg.o)
 .debug_aranges
                0x000000d8      0x298 .\CortexM3\ARM_GCC_493\Debug\SAR Example.a(CyLib.o)
 .debug_aranges
                0x00000370       0x98 .\CortexM3\ARM_GCC_493\Debug\SAR Example.a(cyPm.o)
 .debug_aranges
                0x00000408       0xa8 .\CortexM3\ARM_GCC_493\Debug\SAR Example.a(ADC.o)
 .debug_aranges
                0x000004b0       0x20 .\CortexM3\ARM_GCC_493\Debug\SAR Example.a(ADC_INT.o)
 .debug_aranges
                0x000004d0       0xf0 .\CortexM3\ARM_GCC_493\Debug\SAR Example.a(UART_1.o)
 .debug_aranges
                0x000005c0       0x70 .\CortexM3\ARM_GCC_493\Debug\SAR Example.a(ADC_theACLK.o)
 .debug_aranges
                0x00000630       0x70 .\CortexM3\ARM_GCC_493\Debug\SAR Example.a(UART_1_IntClock.o)
 .debug_aranges
                0x000006a0       0x48 .\CortexM3\ARM_GCC_493\Debug\SAR Example.a(PGA_1.o)
 .debug_aranges
                0x000006e8       0x20 .\CortexM3\ARM_GCC_493\Debug\SAR Example.a(CyBootAsmGnu.o)
 .debug_aranges
                0x00000708       0x80 .\CortexM3\ARM_GCC_493\Debug\SAR Example.a(CyFlash.o)
 .debug_aranges
                0x00000788       0x78 .\CortexM3\ARM_GCC_493\Debug\SAR Example.a(CySpc.o)

.debug_pubnames
 *(.debug_pubnames)

.debug_info     0x00000000     0x49c5
 *(.debug_info .gnu.linkonce.wi.*)
 .debug_info    0x00000000      0x263 .\CortexM3\ARM_GCC_493\Debug\main.o
 .debug_info    0x00000263      0x13a .\CortexM3\ARM_GCC_493\Debug\cymetadata.o
 .debug_info    0x0000039d      0x3a3 .\CortexM3\ARM_GCC_493\Debug\Cm3Start.o
 .debug_info    0x00000740      0x600 .\CortexM3\ARM_GCC_493\Debug\SAR Example.a(cyfitter_cfg.o)
 .debug_info    0x00000d40     0x136c .\CortexM3\ARM_GCC_493\Debug\SAR Example.a(CyLib.o)
 .debug_info    0x000020ac      0xa55 .\CortexM3\ARM_GCC_493\Debug\SAR Example.a(cyPm.o)
 .debug_info    0x00002b01      0x5f0 .\CortexM3\ARM_GCC_493\Debug\SAR Example.a(ADC.o)
 .debug_info    0x000030f1       0x92 .\CortexM3\ARM_GCC_493\Debug\SAR Example.a(ADC_INT.o)
 .debug_info    0x00003183      0x600 .\CortexM3\ARM_GCC_493\Debug\SAR Example.a(UART_1.o)
 .debug_info    0x00003783      0x281 .\CortexM3\ARM_GCC_493\Debug\SAR Example.a(ADC_theACLK.o)
 .debug_info    0x00003a04      0x281 .\CortexM3\ARM_GCC_493\Debug\SAR Example.a(UART_1_IntClock.o)
 .debug_info    0x00003c85      0x1c6 .\CortexM3\ARM_GCC_493\Debug\SAR Example.a(PGA_1.o)
 .debug_info    0x00003e4b       0x85 .\CortexM3\ARM_GCC_493\Debug\SAR Example.a(CyBootAsmGnu.o)
 .debug_info    0x00003ed0      0x608 .\CortexM3\ARM_GCC_493\Debug\SAR Example.a(CyFlash.o)
 .debug_info    0x000044d8      0x4ed .\CortexM3\ARM_GCC_493\Debug\SAR Example.a(CySpc.o)

.debug_abbrev   0x00000000     0x1590
 *(.debug_abbrev)
 .debug_abbrev  0x00000000      0x141 .\CortexM3\ARM_GCC_493\Debug\main.o
 .debug_abbrev  0x00000141       0x66 .\CortexM3\ARM_GCC_493\Debug\cymetadata.o
 .debug_abbrev  0x000001a7      0x20f .\CortexM3\ARM_GCC_493\Debug\Cm3Start.o
 .debug_abbrev  0x000003b6      0x212 .\CortexM3\ARM_GCC_493\Debug\SAR Example.a(cyfitter_cfg.o)
 .debug_abbrev  0x000005c8      0x296 .\CortexM3\ARM_GCC_493\Debug\SAR Example.a(CyLib.o)
 .debug_abbrev  0x0000085e      0x1fa .\CortexM3\ARM_GCC_493\Debug\SAR Example.a(cyPm.o)
 .debug_abbrev  0x00000a58      0x1f8 .\CortexM3\ARM_GCC_493\Debug\SAR Example.a(ADC.o)
 .debug_abbrev  0x00000c50       0x42 .\CortexM3\ARM_GCC_493\Debug\SAR Example.a(ADC_INT.o)
 .debug_abbrev  0x00000c92      0x1af .\CortexM3\ARM_GCC_493\Debug\SAR Example.a(UART_1.o)
 .debug_abbrev  0x00000e41      0x146 .\CortexM3\ARM_GCC_493\Debug\SAR Example.a(ADC_theACLK.o)
 .debug_abbrev  0x00000f87      0x146 .\CortexM3\ARM_GCC_493\Debug\SAR Example.a(UART_1_IntClock.o)
 .debug_abbrev  0x000010cd      0x103 .\CortexM3\ARM_GCC_493\Debug\SAR Example.a(PGA_1.o)
 .debug_abbrev  0x000011d0       0x14 .\CortexM3\ARM_GCC_493\Debug\SAR Example.a(CyBootAsmGnu.o)
 .debug_abbrev  0x000011e4      0x1de .\CortexM3\ARM_GCC_493\Debug\SAR Example.a(CyFlash.o)
 .debug_abbrev  0x000013c2      0x1ce .\CortexM3\ARM_GCC_493\Debug\SAR Example.a(CySpc.o)

.debug_line     0x00000000     0x1f23
 *(.debug_line)
 .debug_line    0x00000000      0x1b8 .\CortexM3\ARM_GCC_493\Debug\main.o
 .debug_line    0x000001b8       0x51 .\CortexM3\ARM_GCC_493\Debug\cymetadata.o
 .debug_line    0x00000209      0x23b .\CortexM3\ARM_GCC_493\Debug\Cm3Start.o
 .debug_line    0x00000444      0x204 .\CortexM3\ARM_GCC_493\Debug\SAR Example.a(cyfitter_cfg.o)
 .debug_line    0x00000648      0x804 .\CortexM3\ARM_GCC_493\Debug\SAR Example.a(CyLib.o)
 .debug_line    0x00000e4c      0x364 .\CortexM3\ARM_GCC_493\Debug\SAR Example.a(cyPm.o)
 .debug_line    0x000011b0      0x213 .\CortexM3\ARM_GCC_493\Debug\SAR Example.a(ADC.o)
 .debug_line    0x000013c3       0x50 .\CortexM3\ARM_GCC_493\Debug\SAR Example.a(ADC_INT.o)
 .debug_line    0x00001413      0x2c0 .\CortexM3\ARM_GCC_493\Debug\SAR Example.a(UART_1.o)
 .debug_line    0x000016d3      0x17a .\CortexM3\ARM_GCC_493\Debug\SAR Example.a(ADC_theACLK.o)
 .debug_line    0x0000184d      0x17e .\CortexM3\ARM_GCC_493\Debug\SAR Example.a(UART_1_IntClock.o)
 .debug_line    0x000019cb       0xcc .\CortexM3\ARM_GCC_493\Debug\SAR Example.a(PGA_1.o)
 .debug_line    0x00001a97       0x66 .\CortexM3\ARM_GCC_493\Debug\SAR Example.a(CyBootAsmGnu.o)
 .debug_line    0x00001afd      0x1ea .\CortexM3\ARM_GCC_493\Debug\SAR Example.a(CyFlash.o)
 .debug_line    0x00001ce7      0x23c .\CortexM3\ARM_GCC_493\Debug\SAR Example.a(CySpc.o)

.debug_frame    0x00000000     0x1e44
 *(.debug_frame)
 .debug_frame   0x00000000       0x2c .\CortexM3\ARM_GCC_493\Debug\main.o
 .debug_frame   0x0000002c       0xac .\CortexM3\ARM_GCC_493\Debug\Cm3Start.o
 .debug_frame   0x000000d8       0xfc .\CortexM3\ARM_GCC_493\Debug\SAR Example.a(cyfitter_cfg.o)
 .debug_frame   0x000001d4      0x728 .\CortexM3\ARM_GCC_493\Debug\SAR Example.a(CyLib.o)
 .debug_frame   0x000008fc      0x1f8 .\CortexM3\ARM_GCC_493\Debug\SAR Example.a(cyPm.o)
 .debug_frame   0x00000af4      0x1a4 .\CortexM3\ARM_GCC_493\Debug\SAR Example.a(ADC.o)
 .debug_frame   0x00000c98       0x20 .\CortexM3\ARM_GCC_493\Debug\SAR Example.a(ADC_INT.o)
 .debug_frame   0x00000cb8      0x250 .\CortexM3\ARM_GCC_493\Debug\SAR Example.a(UART_1.o)
 .debug_frame   0x00000f08       0xe0 .\CortexM3\ARM_GCC_493\Debug\SAR Example.a(ADC_theACLK.o)
 .debug_frame   0x00000fe8       0xe0 .\CortexM3\ARM_GCC_493\Debug\SAR Example.a(UART_1_IntClock.o)
 .debug_frame   0x000010c8       0x9c .\CortexM3\ARM_GCC_493\Debug\SAR Example.a(PGA_1.o)
 .debug_frame   0x00001164      0x174 .\CortexM3\ARM_GCC_493\Debug\SAR Example.a(CyFlash.o)
 .debug_frame   0x000012d8      0x160 .\CortexM3\ARM_GCC_493\Debug\SAR Example.a(CySpc.o)
 .debug_frame   0x00001438       0x28 c:/program files/cypress/psoc creator/4.0/psoc creator/import/gnu/arm/4.9.3/bin/../lib/gcc/arm-none-eabi/4.9.3/armv7-m\libgcc.a(_aeabi_ldivmod.o)
 .debug_frame   0x00001460       0x54 c:/program files/cypress/psoc creator/4.0/psoc creator/import/gnu/arm/4.9.3/bin/../lib/gcc/arm-none-eabi/4.9.3/armv7-m\libgcc.a(bpabi.o)
 .debug_frame   0x000014b4       0x34 c:/program files/cypress/psoc creator/4.0/psoc creator/import/gnu/arm/4.9.3/bin/../lib/gcc/arm-none-eabi/4.9.3/armv7-m\libgcc.a(_divdi3.o)
 .debug_frame   0x000014e8       0x34 c:/program files/cypress/psoc creator/4.0/psoc creator/import/gnu/arm/4.9.3/bin/../lib/gcc/arm-none-eabi/4.9.3/armv7-m\libgcc.a(_udivdi3.o)
 .debug_frame   0x0000151c       0x20 c:/program files/cypress/psoc creator/4.0/psoc creator/import/gnu/arm/4.9.3/bin/../lib/gcc/arm-none-eabi/4.9.3/../../../../arm-none-eabi/lib/armv7-m\libg.a(lib_a-errno.o)
 .debug_frame   0x0000153c       0x28 c:/program files/cypress/psoc creator/4.0/psoc creator/import/gnu/arm/4.9.3/bin/../lib/gcc/arm-none-eabi/4.9.3/../../../../arm-none-eabi/lib/armv7-m\libg.a(lib_a-exit.o)
 .debug_frame   0x00001564       0x2c c:/program files/cypress/psoc creator/4.0/psoc creator/import/gnu/arm/4.9.3/bin/../lib/gcc/arm-none-eabi/4.9.3/../../../../arm-none-eabi/lib/armv7-m\libg.a(lib_a-init.o)
 .debug_frame   0x00001590       0x34 c:/program files/cypress/psoc creator/4.0/psoc creator/import/gnu/arm/4.9.3/bin/../lib/gcc/arm-none-eabi/4.9.3/../../../../arm-none-eabi/lib/armv7-m\libg.a(lib_a-memset.o)
 .debug_frame   0x000015c4       0x84 c:/program files/cypress/psoc creator/4.0/psoc creator/import/gnu/arm/4.9.3/bin/../lib/gcc/arm-none-eabi/4.9.3/../../../../arm-none-eabi/lib/armv7-m\libg.a(lib_a-sprintf.o)
 .debug_frame   0x00001648       0x40 c:/program files/cypress/psoc creator/4.0/psoc creator/import/gnu/arm/4.9.3/bin/../lib/gcc/arm-none-eabi/4.9.3/../../../../arm-none-eabi/lib/armv7-m\libg.a(lib_a-svfprintf.o)
 .debug_frame   0x00001688       0x50 c:/program files/cypress/psoc creator/4.0/psoc creator/import/gnu/arm/4.9.3/bin/../lib/gcc/arm-none-eabi/4.9.3/../../../../arm-none-eabi/lib/armv7-m\libg.a(lib_a-__call_atexit.o)
 .debug_frame   0x000016d8       0x20 c:/program files/cypress/psoc creator/4.0/psoc creator/import/gnu/arm/4.9.3/bin/../lib/gcc/arm-none-eabi/4.9.3/../../../../arm-none-eabi/lib/armv7-m\libg.a(lib_a-atexit.o)
 .debug_frame   0x000016f8       0x84 c:/program files/cypress/psoc creator/4.0/psoc creator/import/gnu/arm/4.9.3/bin/../lib/gcc/arm-none-eabi/4.9.3/../../../../arm-none-eabi/lib/armv7-m\libg.a(lib_a-dtoa.o)
 .debug_frame   0x0000177c       0x34 c:/program files/cypress/psoc creator/4.0/psoc creator/import/gnu/arm/4.9.3/bin/../lib/gcc/arm-none-eabi/4.9.3/../../../../arm-none-eabi/lib/armv7-m\libg.a(lib_a-fini.o)
 .debug_frame   0x000017b0       0x9c c:/program files/cypress/psoc creator/4.0/psoc creator/import/gnu/arm/4.9.3/bin/../lib/gcc/arm-none-eabi/4.9.3/../../../../arm-none-eabi/lib/armv7-m\libg.a(lib_a-locale.o)
 .debug_frame   0x0000184c       0x54 c:/program files/cypress/psoc creator/4.0/psoc creator/import/gnu/arm/4.9.3/bin/../lib/gcc/arm-none-eabi/4.9.3/../../../../arm-none-eabi/lib/armv7-m\libg.a(lib_a-mallocr.o)
 .debug_frame   0x000018a0       0x3c c:/program files/cypress/psoc creator/4.0/psoc creator/import/gnu/arm/4.9.3/bin/../lib/gcc/arm-none-eabi/4.9.3/../../../../arm-none-eabi/lib/armv7-m\libg.a(lib_a-memchr.o)
 .debug_frame   0x000018dc       0x30 c:/program files/cypress/psoc creator/4.0/psoc creator/import/gnu/arm/4.9.3/bin/../lib/gcc/arm-none-eabi/4.9.3/../../../../arm-none-eabi/lib/armv7-m\libg.a(lib_a-mlock.o)
 .debug_frame   0x0000190c      0x268 c:/program files/cypress/psoc creator/4.0/psoc creator/import/gnu/arm/4.9.3/bin/../lib/gcc/arm-none-eabi/4.9.3/../../../../arm-none-eabi/lib/armv7-m\libg.a(lib_a-mprec.o)
 .debug_frame   0x00001b74       0x34 c:/program files/cypress/psoc creator/4.0/psoc creator/import/gnu/arm/4.9.3/bin/../lib/gcc/arm-none-eabi/4.9.3/../../../../arm-none-eabi/lib/armv7-m\libg.a(lib_a-s_fpclassify.o)
 .debug_frame   0x00001ba8       0x2c c:/program files/cypress/psoc creator/4.0/psoc creator/import/gnu/arm/4.9.3/bin/../lib/gcc/arm-none-eabi/4.9.3/../../../../arm-none-eabi/lib/armv7-m\libg.a(lib_a-sbrkr.o)
 .debug_frame   0x00001bd4       0x20 c:/program files/cypress/psoc creator/4.0/psoc creator/import/gnu/arm/4.9.3/bin/../lib/gcc/arm-none-eabi/4.9.3/../../../../arm-none-eabi/lib/armv7-m\libg.a(lib_a-strlen.o)
 .debug_frame   0x00001bf4       0x78 c:/program files/cypress/psoc creator/4.0/psoc creator/import/gnu/arm/4.9.3/bin/../lib/gcc/arm-none-eabi/4.9.3/../../../../arm-none-eabi/lib/armv7-m\libg.a(lib_a-svfiprintf.o)
 .debug_frame   0x00001c6c       0x34 c:/program files/cypress/psoc creator/4.0/psoc creator/import/gnu/arm/4.9.3/bin/../lib/gcc/arm-none-eabi/4.9.3/../../../../arm-none-eabi/lib/armv7-m\libg.a(lib_a-__atexit.o)
 .debug_frame   0x00001ca0       0x28 c:/program files/cypress/psoc creator/4.0/psoc creator/import/gnu/arm/4.9.3/bin/../lib/gcc/arm-none-eabi/4.9.3/../../../../arm-none-eabi/lib/armv7-m\libg.a(lib_a-callocr.o)
 .debug_frame   0x00001cc8       0x74 c:/program files/cypress/psoc creator/4.0/psoc creator/import/gnu/arm/4.9.3/bin/../lib/gcc/arm-none-eabi/4.9.3/../../../../arm-none-eabi/lib/armv7-m\libg.a(lib_a-freer.o)
 .debug_frame   0x00001d3c       0x30 c:/program files/cypress/psoc creator/4.0/psoc creator/import/gnu/arm/4.9.3/bin/../lib/gcc/arm-none-eabi/4.9.3/../../../../arm-none-eabi/lib/armv7-m\libg.a(lib_a-memmove.o)
 .debug_frame   0x00001d6c       0x58 c:/program files/cypress/psoc creator/4.0/psoc creator/import/gnu/arm/4.9.3/bin/../lib/gcc/arm-none-eabi/4.9.3/../../../../arm-none-eabi/lib/armv7-m\libg.a(lib_a-reallocr.o)
 .debug_frame   0x00001dc4       0x58 c:/program files/cypress/psoc creator/4.0/psoc creator/import/gnu/arm/4.9.3/bin/../lib/gcc/arm-none-eabi/4.9.3/../../../../arm-none-eabi/lib/armv7-m\libg.a(lib_a-reent.o)
 .debug_frame   0x00001e1c       0x28 c:/program files/cypress/psoc creator/4.0/psoc creator/import/gnu/arm/4.9.3/bin/../lib/gcc/arm-none-eabi/4.9.3/armv7-m\libgcc.a(_aeabi_uldivmod.o)

.debug_str      0x00000000     0x1afa
 *(.debug_str)
 .debug_str     0x00000000      0x203 .\CortexM3\ARM_GCC_493\Debug\main.o
                                0x251 (size before relaxing)
 .debug_str     0x00000203       0x7b .\CortexM3\ARM_GCC_493\Debug\cymetadata.o
                                0x1df (size before relaxing)
 .debug_str     0x0000027e      0x163 .\CortexM3\ARM_GCC_493\Debug\Cm3Start.o
                                0x2f3 (size before relaxing)
 .debug_str     0x000003e1      0x18c .\CortexM3\ARM_GCC_493\Debug\SAR Example.a(cyfitter_cfg.o)
                                0x337 (size before relaxing)
 .debug_str     0x0000056d      0x82a .\CortexM3\ARM_GCC_493\Debug\SAR Example.a(CyLib.o)
                                0xa18 (size before relaxing)
 .debug_str     0x00000d97      0x359 .\CortexM3\ARM_GCC_493\Debug\SAR Example.a(cyPm.o)
                                0x710 (size before relaxing)
 .debug_str     0x000010f0      0x19f .\CortexM3\ARM_GCC_493\Debug\SAR Example.a(ADC.o)
                                0x41d (size before relaxing)
 .debug_str     0x0000128f       0x29 .\CortexM3\ARM_GCC_493\Debug\SAR Example.a(ADC_INT.o)
                                0x184 (size before relaxing)
 .debug_str     0x000012b8      0x2a1 .\CortexM3\ARM_GCC_493\Debug\SAR Example.a(UART_1.o)
                                0x49c (size before relaxing)
 .debug_str     0x00001559      0x176 .\CortexM3\ARM_GCC_493\Debug\SAR Example.a(ADC_theACLK.o)
                                0x313 (size before relaxing)
 .debug_str     0x000016cf      0x14c .\CortexM3\ARM_GCC_493\Debug\SAR Example.a(UART_1_IntClock.o)
                                0x343 (size before relaxing)
 .debug_str     0x0000181b       0x97 .\CortexM3\ARM_GCC_493\Debug\SAR Example.a(PGA_1.o)
                                0x218 (size before relaxing)
 .debug_str     0x000018b2      0x19c .\CortexM3\ARM_GCC_493\Debug\SAR Example.a(CyFlash.o)
                                0x38a (size before relaxing)
 .debug_str     0x00001a4e       0xac .\CortexM3\ARM_GCC_493\Debug\SAR Example.a(CySpc.o)
                                0x313 (size before relaxing)

.debug_loc      0x00000000     0x20aa
 *(.debug_loc)
 .debug_loc     0x00000000       0x26 .\CortexM3\ARM_GCC_493\Debug\main.o
 .debug_loc     0x00000026      0x144 .\CortexM3\ARM_GCC_493\Debug\Cm3Start.o
 .debug_loc     0x0000016a      0x27f .\CortexM3\ARM_GCC_493\Debug\SAR Example.a(cyfitter_cfg.o)
 .debug_loc     0x000003e9      0xa11 .\CortexM3\ARM_GCC_493\Debug\SAR Example.a(CyLib.o)
 .debug_loc     0x00000dfa      0x1e4 .\CortexM3\ARM_GCC_493\Debug\SAR Example.a(cyPm.o)
 .debug_loc     0x00000fde      0x273 .\CortexM3\ARM_GCC_493\Debug\SAR Example.a(ADC.o)
 .debug_loc     0x00001251      0x258 .\CortexM3\ARM_GCC_493\Debug\SAR Example.a(UART_1.o)
 .debug_loc     0x000014a9      0x12c .\CortexM3\ARM_GCC_493\Debug\SAR Example.a(ADC_theACLK.o)
 .debug_loc     0x000015d5      0x128 .\CortexM3\ARM_GCC_493\Debug\SAR Example.a(UART_1_IntClock.o)
 .debug_loc     0x000016fd       0x60 .\CortexM3\ARM_GCC_493\Debug\SAR Example.a(PGA_1.o)
 .debug_loc     0x0000175d      0x300 .\CortexM3\ARM_GCC_493\Debug\SAR Example.a(CyFlash.o)
 .debug_loc     0x00001a5d      0x64d .\CortexM3\ARM_GCC_493\Debug\SAR Example.a(CySpc.o)

.debug_macinfo
 *(.debug_macinfo)

.debug_ranges   0x00000000      0x6f8
 *(.debug_ranges)
 .debug_ranges  0x00000000       0x10 .\CortexM3\ARM_GCC_493\Debug\main.o
 .debug_ranges  0x00000010       0x38 .\CortexM3\ARM_GCC_493\Debug\Cm3Start.o
 .debug_ranges  0x00000048       0x48 .\CortexM3\ARM_GCC_493\Debug\SAR Example.a(cyfitter_cfg.o)
 .debug_ranges  0x00000090      0x288 .\CortexM3\ARM_GCC_493\Debug\SAR Example.a(CyLib.o)
 .debug_ranges  0x00000318       0x88 .\CortexM3\ARM_GCC_493\Debug\SAR Example.a(cyPm.o)
 .debug_ranges  0x000003a0       0x98 .\CortexM3\ARM_GCC_493\Debug\SAR Example.a(ADC.o)
 .debug_ranges  0x00000438       0x10 .\CortexM3\ARM_GCC_493\Debug\SAR Example.a(ADC_INT.o)
 .debug_ranges  0x00000448       0xe0 .\CortexM3\ARM_GCC_493\Debug\SAR Example.a(UART_1.o)
 .debug_ranges  0x00000528       0x60 .\CortexM3\ARM_GCC_493\Debug\SAR Example.a(ADC_theACLK.o)
 .debug_ranges  0x00000588       0x60 .\CortexM3\ARM_GCC_493\Debug\SAR Example.a(UART_1_IntClock.o)
 .debug_ranges  0x000005e8       0x38 .\CortexM3\ARM_GCC_493\Debug\SAR Example.a(PGA_1.o)
 .debug_ranges  0x00000620       0x70 .\CortexM3\ARM_GCC_493\Debug\SAR Example.a(CyFlash.o)
 .debug_ranges  0x00000690       0x68 .\CortexM3\ARM_GCC_493\Debug\SAR Example.a(CySpc.o)

.comment        0x00000000       0x70
 .comment       0x00000000       0x70 .\CortexM3\ARM_GCC_493\Debug\main.o
                                 0x71 (size before relaxing)
 .comment       0x00000000       0x71 .\CortexM3\ARM_GCC_493\Debug\cymetadata.o
 .comment       0x00000000       0x71 .\CortexM3\ARM_GCC_493\Debug\Cm3Start.o
 .comment       0x00000000       0x71 .\CortexM3\ARM_GCC_493\Debug\SAR Example.a(cyfitter_cfg.o)
 .comment       0x00000000       0x71 .\CortexM3\ARM_GCC_493\Debug\SAR Example.a(CyLib.o)
 .comment       0x00000000       0x71 .\CortexM3\ARM_GCC_493\Debug\SAR Example.a(cyPm.o)
 .comment       0x00000000       0x71 .\CortexM3\ARM_GCC_493\Debug\SAR Example.a(ADC.o)
 .comment       0x00000000       0x71 .\CortexM3\ARM_GCC_493\Debug\SAR Example.a(ADC_INT.o)
 .comment       0x00000000       0x71 .\CortexM3\ARM_GCC_493\Debug\SAR Example.a(UART_1.o)
 .comment       0x00000000       0x71 .\CortexM3\ARM_GCC_493\Debug\SAR Example.a(ADC_theACLK.o)
 .comment       0x00000000       0x71 .\CortexM3\ARM_GCC_493\Debug\SAR Example.a(UART_1_IntClock.o)
 .comment       0x00000000       0x71 .\CortexM3\ARM_GCC_493\Debug\SAR Example.a(PGA_1.o)
 .comment       0x00000000       0x71 .\CortexM3\ARM_GCC_493\Debug\SAR Example.a(CyFlash.o)
 .comment       0x00000000       0x71 .\CortexM3\ARM_GCC_493\Debug\SAR Example.a(CySpc.o)

.debug_weaknames
 *(.debug_weaknames)

.debug_funcnames
 *(.debug_funcnames)

.debug_typenames
 *(.debug_typenames)

.debug_varnames
 *(.debug_varnames)

.note.gnu.arm.ident
 *(.note.gnu.arm.ident)

.ARM.attributes
                0x00000000       0x29
 *(.ARM.attributes)
 .ARM.attributes
                0x00000000       0x1d c:/program files/cypress/psoc creator/4.0/psoc creator/import/gnu/arm/4.9.3/bin/../lib/gcc/arm-none-eabi/4.9.3/armv7-m/crti.o
 .ARM.attributes
                0x0000001d       0x2d c:/program files/cypress/psoc creator/4.0/psoc creator/import/gnu/arm/4.9.3/bin/../lib/gcc/arm-none-eabi/4.9.3/armv7-m/crtbegin.o
 .ARM.attributes
                0x0000004a       0x1b c:/program files/cypress/psoc creator/4.0/psoc creator/import/gnu/arm/4.9.3/bin/../lib/gcc/arm-none-eabi/4.9.3/../../../../arm-none-eabi/lib/armv7-m/crt0.o
 .ARM.attributes
                0x00000065       0x33 .\CortexM3\ARM_GCC_493\Debug\main.o
 .ARM.attributes
                0x00000098       0x33 .\CortexM3\ARM_GCC_493\Debug\cymetadata.o
 .ARM.attributes
                0x000000cb       0x33 .\CortexM3\ARM_GCC_493\Debug\Cm3Start.o
 .ARM.attributes
                0x000000fe       0x33 .\CortexM3\ARM_GCC_493\Debug\SAR Example.a(cyfitter_cfg.o)
 .ARM.attributes
                0x00000131       0x33 .\CortexM3\ARM_GCC_493\Debug\SAR Example.a(CyLib.o)
 .ARM.attributes
                0x00000164       0x33 .\CortexM3\ARM_GCC_493\Debug\SAR Example.a(cyPm.o)
 .ARM.attributes
                0x00000197       0x33 .\CortexM3\ARM_GCC_493\Debug\SAR Example.a(ADC.o)
 .ARM.attributes
                0x000001ca       0x33 .\CortexM3\ARM_GCC_493\Debug\SAR Example.a(ADC_INT.o)
 .ARM.attributes
                0x000001fd       0x33 .\CortexM3\ARM_GCC_493\Debug\SAR Example.a(UART_1.o)
 .ARM.attributes
                0x00000230       0x33 .\CortexM3\ARM_GCC_493\Debug\SAR Example.a(ADC_theACLK.o)
 .ARM.attributes
                0x00000263       0x33 .\CortexM3\ARM_GCC_493\Debug\SAR Example.a(UART_1_IntClock.o)
 .ARM.attributes
                0x00000296       0x33 .\CortexM3\ARM_GCC_493\Debug\SAR Example.a(PGA_1.o)
 .ARM.attributes
                0x000002c9       0x21 .\CortexM3\ARM_GCC_493\Debug\SAR Example.a(CyBootAsmGnu.o)
 .ARM.attributes
                0x000002ea       0x33 .\CortexM3\ARM_GCC_493\Debug\SAR Example.a(CyFlash.o)
 .ARM.attributes
                0x0000031d       0x33 .\CortexM3\ARM_GCC_493\Debug\SAR Example.a(CySpc.o)
 .ARM.attributes
                0x00000350       0x1d c:/program files/cypress/psoc creator/4.0/psoc creator/import/gnu/arm/4.9.3/bin/../lib/gcc/arm-none-eabi/4.9.3/armv7-m\libgcc.a(_arm_addsubdf3.o)
 .ARM.attributes
                0x0000036d       0x1d c:/program files/cypress/psoc creator/4.0/psoc creator/import/gnu/arm/4.9.3/bin/../lib/gcc/arm-none-eabi/4.9.3/armv7-m\libgcc.a(_arm_addsubsf3.o)
 .ARM.attributes
                0x0000038a       0x1d c:/program files/cypress/psoc creator/4.0/psoc creator/import/gnu/arm/4.9.3/bin/../lib/gcc/arm-none-eabi/4.9.3/armv7-m\libgcc.a(_arm_muldivsf3.o)
 .ARM.attributes
                0x000003a7       0x1d c:/program files/cypress/psoc creator/4.0/psoc creator/import/gnu/arm/4.9.3/bin/../lib/gcc/arm-none-eabi/4.9.3/armv7-m\libgcc.a(_aeabi_ldivmod.o)
 .ARM.attributes
                0x000003c4       0x2d c:/program files/cypress/psoc creator/4.0/psoc creator/import/gnu/arm/4.9.3/bin/../lib/gcc/arm-none-eabi/4.9.3/armv7-m\libgcc.a(bpabi.o)
 .ARM.attributes
                0x000003f1       0x1d c:/program files/cypress/psoc creator/4.0/psoc creator/import/gnu/arm/4.9.3/bin/../lib/gcc/arm-none-eabi/4.9.3/armv7-m\libgcc.a(_dvmd_tls.o)
 .ARM.attributes
                0x0000040e       0x2d c:/program files/cypress/psoc creator/4.0/psoc creator/import/gnu/arm/4.9.3/bin/../lib/gcc/arm-none-eabi/4.9.3/armv7-m\libgcc.a(_divdi3.o)
 .ARM.attributes
                0x0000043b       0x2d c:/program files/cypress/psoc creator/4.0/psoc creator/import/gnu/arm/4.9.3/bin/../lib/gcc/arm-none-eabi/4.9.3/armv7-m\libgcc.a(_udivdi3.o)
 .ARM.attributes
                0x00000468       0x2d c:/program files/cypress/psoc creator/4.0/psoc creator/import/gnu/arm/4.9.3/bin/../lib/gcc/arm-none-eabi/4.9.3/../../../../arm-none-eabi/lib/armv7-m\libg.a(lib_a-errno.o)
 .ARM.attributes
                0x00000495       0x2d c:/program files/cypress/psoc creator/4.0/psoc creator/import/gnu/arm/4.9.3/bin/../lib/gcc/arm-none-eabi/4.9.3/../../../../arm-none-eabi/lib/armv7-m\libg.a(lib_a-exit.o)
 .ARM.attributes
                0x000004c2       0x2d c:/program files/cypress/psoc creator/4.0/psoc creator/import/gnu/arm/4.9.3/bin/../lib/gcc/arm-none-eabi/4.9.3/../../../../arm-none-eabi/lib/armv7-m\libg.a(lib_a-impure.o)
 .ARM.attributes
                0x000004ef       0x2d c:/program files/cypress/psoc creator/4.0/psoc creator/import/gnu/arm/4.9.3/bin/../lib/gcc/arm-none-eabi/4.9.3/../../../../arm-none-eabi/lib/armv7-m\libg.a(lib_a-init.o)
 .ARM.attributes
                0x0000051c       0x1b c:/program files/cypress/psoc creator/4.0/psoc creator/import/gnu/arm/4.9.3/bin/../lib/gcc/arm-none-eabi/4.9.3/../../../../arm-none-eabi/lib/armv7-m\libg.a(lib_a-memcpy.o)
 .ARM.attributes
                0x00000537       0x2d c:/program files/cypress/psoc creator/4.0/psoc creator/import/gnu/arm/4.9.3/bin/../lib/gcc/arm-none-eabi/4.9.3/../../../../arm-none-eabi/lib/armv7-m\libg.a(lib_a-memset.o)
 .ARM.attributes
                0x00000564       0x2d c:/program files/cypress/psoc creator/4.0/psoc creator/import/gnu/arm/4.9.3/bin/../lib/gcc/arm-none-eabi/4.9.3/../../../../arm-none-eabi/lib/armv7-m\libg.a(lib_a-sprintf.o)
 .ARM.attributes
                0x00000591       0x2d c:/program files/cypress/psoc creator/4.0/psoc creator/import/gnu/arm/4.9.3/bin/../lib/gcc/arm-none-eabi/4.9.3/../../../../arm-none-eabi/lib/armv7-m\libg.a(lib_a-svfprintf.o)
 .ARM.attributes
                0x000005be       0x2d c:/program files/cypress/psoc creator/4.0/psoc creator/import/gnu/arm/4.9.3/bin/../lib/gcc/arm-none-eabi/4.9.3/../../../../arm-none-eabi/lib/armv7-m\libg.a(lib_a-__call_atexit.o)
 .ARM.attributes
                0x000005eb       0x2d c:/program files/cypress/psoc creator/4.0/psoc creator/import/gnu/arm/4.9.3/bin/../lib/gcc/arm-none-eabi/4.9.3/../../../../arm-none-eabi/lib/armv7-m\libg.a(lib_a-atexit.o)
 .ARM.attributes
                0x00000618       0x2d c:/program files/cypress/psoc creator/4.0/psoc creator/import/gnu/arm/4.9.3/bin/../lib/gcc/arm-none-eabi/4.9.3/../../../../arm-none-eabi/lib/armv7-m\libg.a(lib_a-dtoa.o)
 .ARM.attributes
                0x00000645       0x2d c:/program files/cypress/psoc creator/4.0/psoc creator/import/gnu/arm/4.9.3/bin/../lib/gcc/arm-none-eabi/4.9.3/../../../../arm-none-eabi/lib/armv7-m\libg.a(lib_a-fini.o)
 .ARM.attributes
                0x00000672       0x2d c:/program files/cypress/psoc creator/4.0/psoc creator/import/gnu/arm/4.9.3/bin/../lib/gcc/arm-none-eabi/4.9.3/../../../../arm-none-eabi/lib/armv7-m\libg.a(lib_a-locale.o)
 .ARM.attributes
                0x0000069f       0x2d c:/program files/cypress/psoc creator/4.0/psoc creator/import/gnu/arm/4.9.3/bin/../lib/gcc/arm-none-eabi/4.9.3/../../../../arm-none-eabi/lib/armv7-m\libg.a(lib_a-mallocr.o)
 .ARM.attributes
                0x000006cc       0x2d c:/program files/cypress/psoc creator/4.0/psoc creator/import/gnu/arm/4.9.3/bin/../lib/gcc/arm-none-eabi/4.9.3/../../../../arm-none-eabi/lib/armv7-m\libg.a(lib_a-memchr.o)
 .ARM.attributes
                0x000006f9       0x2d c:/program files/cypress/psoc creator/4.0/psoc creator/import/gnu/arm/4.9.3/bin/../lib/gcc/arm-none-eabi/4.9.3/../../../../arm-none-eabi/lib/armv7-m\libg.a(lib_a-mlock.o)
 .ARM.attributes
                0x00000726       0x2d c:/program files/cypress/psoc creator/4.0/psoc creator/import/gnu/arm/4.9.3/bin/../lib/gcc/arm-none-eabi/4.9.3/../../../../arm-none-eabi/lib/armv7-m\libg.a(lib_a-mprec.o)
 .ARM.attributes
                0x00000753       0x2d c:/program files/cypress/psoc creator/4.0/psoc creator/import/gnu/arm/4.9.3/bin/../lib/gcc/arm-none-eabi/4.9.3/../../../../arm-none-eabi/lib/armv7-m\libg.a(lib_a-s_fpclassify.o)
 .ARM.attributes
                0x00000780       0x2d c:/program files/cypress/psoc creator/4.0/psoc creator/import/gnu/arm/4.9.3/bin/../lib/gcc/arm-none-eabi/4.9.3/../../../../arm-none-eabi/lib/armv7-m\libg.a(lib_a-sbrkr.o)
 .ARM.attributes
                0x000007ad       0x1b c:/program files/cypress/psoc creator/4.0/psoc creator/import/gnu/arm/4.9.3/bin/../lib/gcc/arm-none-eabi/4.9.3/../../../../arm-none-eabi/lib/armv7-m\libg.a(lib_a-strcmp.o)
 .ARM.attributes
                0x000007c8       0x2d c:/program files/cypress/psoc creator/4.0/psoc creator/import/gnu/arm/4.9.3/bin/../lib/gcc/arm-none-eabi/4.9.3/../../../../arm-none-eabi/lib/armv7-m\libg.a(lib_a-strlen.o)
 .ARM.attributes
                0x000007f5       0x2d c:/program files/cypress/psoc creator/4.0/psoc creator/import/gnu/arm/4.9.3/bin/../lib/gcc/arm-none-eabi/4.9.3/../../../../arm-none-eabi/lib/armv7-m\libg.a(lib_a-svfiprintf.o)
 .ARM.attributes
                0x00000822       0x2d c:/program files/cypress/psoc creator/4.0/psoc creator/import/gnu/arm/4.9.3/bin/../lib/gcc/arm-none-eabi/4.9.3/../../../../arm-none-eabi/lib/armv7-m\libg.a(lib_a-__atexit.o)
 .ARM.attributes
                0x0000084f       0x2d c:/program files/cypress/psoc creator/4.0/psoc creator/import/gnu/arm/4.9.3/bin/../lib/gcc/arm-none-eabi/4.9.3/../../../../arm-none-eabi/lib/armv7-m\libg.a(lib_a-callocr.o)
 .ARM.attributes
                0x0000087c       0x2d c:/program files/cypress/psoc creator/4.0/psoc creator/import/gnu/arm/4.9.3/bin/../lib/gcc/arm-none-eabi/4.9.3/../../../../arm-none-eabi/lib/armv7-m\libg.a(lib_a-freer.o)
 .ARM.attributes
                0x000008a9       0x2d c:/program files/cypress/psoc creator/4.0/psoc creator/import/gnu/arm/4.9.3/bin/../lib/gcc/arm-none-eabi/4.9.3/../../../../arm-none-eabi/lib/armv7-m\libg.a(lib_a-memmove.o)
 .ARM.attributes
                0x000008d6       0x2d c:/program files/cypress/psoc creator/4.0/psoc creator/import/gnu/arm/4.9.3/bin/../lib/gcc/arm-none-eabi/4.9.3/../../../../arm-none-eabi/lib/armv7-m\libg.a(lib_a-reallocr.o)
 .ARM.attributes
                0x00000903       0x2d c:/program files/cypress/psoc creator/4.0/psoc creator/import/gnu/arm/4.9.3/bin/../lib/gcc/arm-none-eabi/4.9.3/../../../../arm-none-eabi/lib/armv7-m\libg.a(lib_a-reent.o)
 .ARM.attributes
                0x00000930       0x1d c:/program files/cypress/psoc creator/4.0/psoc creator/import/gnu/arm/4.9.3/bin/../lib/gcc/arm-none-eabi/4.9.3/armv7-m\libgcc.a(_arm_muldivdf3.o)
 .ARM.attributes
                0x0000094d       0x1d c:/program files/cypress/psoc creator/4.0/psoc creator/import/gnu/arm/4.9.3/bin/../lib/gcc/arm-none-eabi/4.9.3/armv7-m\libgcc.a(_arm_cmpdf2.o)
 .ARM.attributes
                0x0000096a       0x1d c:/program files/cypress/psoc creator/4.0/psoc creator/import/gnu/arm/4.9.3/bin/../lib/gcc/arm-none-eabi/4.9.3/armv7-m\libgcc.a(_arm_fixdfsi.o)
 .ARM.attributes
                0x00000987       0x1d c:/program files/cypress/psoc creator/4.0/psoc creator/import/gnu/arm/4.9.3/bin/../lib/gcc/arm-none-eabi/4.9.3/armv7-m\libgcc.a(_aeabi_uldivmod.o)
 .ARM.attributes
                0x000009a4       0x2d c:/program files/cypress/psoc creator/4.0/psoc creator/import/gnu/arm/4.9.3/bin/../lib/gcc/arm-none-eabi/4.9.3/armv7-m/crtend.o
 .ARM.attributes
                0x000009d1       0x1d c:/program files/cypress/psoc creator/4.0/psoc creator/import/gnu/arm/4.9.3/bin/../lib/gcc/arm-none-eabi/4.9.3/armv7-m/crtn.o

/DISCARD/
 *(.note.GNU-stack)
OUTPUT(.\CortexM3\ARM_GCC_493\Debug\SAR Example.elf elf32-littlearm)
