Archive member included because of file (symbol)

.\ARM_GCC_493\Debug\ADC_SingleEndedMode01.a(cyfitter_cfg.o)
                              .\ARM_GCC_493\Debug\Cm3Start.o (cyfitter_cfg)
.\ARM_GCC_493\Debug\ADC_SingleEndedMode01.a(ADC_DelSig_1.o)
                              .\ARM_GCC_493\Debug\main.o (ADC_DelSig_1_Start)
.\ARM_GCC_493\Debug\ADC_SingleEndedMode01.a(ADC_DelSig_1_INT.o)
                              .\ARM_GCC_493\Debug\ADC_SingleEndedMode01.a(ADC_DelSig_1.o) (ADC_DelSig_1_ISR1)
.\ARM_GCC_493\Debug\ADC_SingleEndedMode01.a(UART_1.o)
                              .\ARM_GCC_493\Debug\main.o (UART_1_Start)
.\ARM_GCC_493\Debug\ADC_SingleEndedMode01.a(ADC_DelSig_1_AMux.o)
                              .\ARM_GCC_493\Debug\ADC_SingleEndedMode01.a(ADC_DelSig_1.o) (ADC_DelSig_1_AMux_Select)
.\ARM_GCC_493\Debug\ADC_SingleEndedMode01.a(ADC_DelSig_1_Ext_CP_Clk.o)
                              .\ARM_GCC_493\Debug\ADC_SingleEndedMode01.a(ADC_DelSig_1.o) (ADC_DelSig_1_Ext_CP_Clk_SetDividerRegister)
.\ARM_GCC_493\Debug\ADC_SingleEndedMode01.a(ADC_DelSig_1_theACLK.o)
                              .\ARM_GCC_493\Debug\ADC_SingleEndedMode01.a(ADC_DelSig_1.o) (ADC_DelSig_1_theACLK_SetDividerRegister)
.\ARM_GCC_493\Debug\ADC_SingleEndedMode01.a(UART_1_IntClock.o)
                              .\ARM_GCC_493\Debug\ADC_SingleEndedMode01.a(UART_1.o) (UART_1_IntClock_Start)
.\ARM_GCC_493\Debug\ADC_SingleEndedMode01.a(CyLib.o)
                              .\ARM_GCC_493\Debug\Cm3Start.o (CyResetStatus)
.\ARM_GCC_493\Debug\ADC_SingleEndedMode01.a(cyPm.o)
                              .\ARM_GCC_493\Debug\ADC_SingleEndedMode01.a(CyLib.o) (CyPmReadStatus)
.\ARM_GCC_493\Debug\ADC_SingleEndedMode01.a(CyBootAsmGnu.o)
                              .\ARM_GCC_493\Debug\ADC_SingleEndedMode01.a(cyfitter_cfg.o) (CyDelayCycles)
.\ARM_GCC_493\Debug\ADC_SingleEndedMode01.a(CyFlash.o)
                              .\ARM_GCC_493\Debug\ADC_SingleEndedMode01.a(cyPm.o) (CyFlash_SetWaitCycles)
.\ARM_GCC_493\Debug\ADC_SingleEndedMode01.a(CySpc.o)
                              .\ARM_GCC_493\Debug\ADC_SingleEndedMode01.a(CyFlash.o) (CySpcStart)
c:/program files/cypress/psoc creator/4.0/psoc creator/import/gnu/arm/4.9.3/bin/../lib/gcc/arm-none-eabi/4.9.3/armv7-m\libgcc.a(_arm_addsubdf3.o)
                              .\ARM_GCC_493\Debug\main.o (__aeabi_f2d)
c:/program files/cypress/psoc creator/4.0/psoc creator/import/gnu/arm/4.9.3/bin/../lib/gcc/arm-none-eabi/4.9.3/armv7-m\libgcc.a(_arm_cmpdf2.o)
                              .\ARM_GCC_493\Debug\ADC_SingleEndedMode01.a(ADC_DelSig_1.o) (__aeabi_dcmpgt)
c:/program files/cypress/psoc creator/4.0/psoc creator/import/gnu/arm/4.9.3/bin/../lib/gcc/arm-none-eabi/4.9.3/armv7-m\libgcc.a(_arm_addsubsf3.o)
                              .\ARM_GCC_493\Debug\ADC_SingleEndedMode01.a(ADC_DelSig_1.o) (__aeabi_ui2f)
c:/program files/cypress/psoc creator/4.0/psoc creator/import/gnu/arm/4.9.3/bin/../lib/gcc/arm-none-eabi/4.9.3/armv7-m\libgcc.a(_arm_muldivsf3.o)
                              .\ARM_GCC_493\Debug\ADC_SingleEndedMode01.a(ADC_DelSig_1.o) (__aeabi_fmul)
c:/program files/cypress/psoc creator/4.0/psoc creator/import/gnu/arm/4.9.3/bin/../lib/gcc/arm-none-eabi/4.9.3/armv7-m\libgcc.a(_arm_cmpsf2.o)
                              .\ARM_GCC_493\Debug\main.o (__aeabi_fcmplt)
c:/program files/cypress/psoc creator/4.0/psoc creator/import/gnu/arm/4.9.3/bin/../lib/gcc/arm-none-eabi/4.9.3/armv7-m\libgcc.a(_arm_fixunssfsi.o)
                              .\ARM_GCC_493\Debug\ADC_SingleEndedMode01.a(ADC_DelSig_1.o) (__aeabi_f2uiz)
c:/program files/cypress/psoc creator/4.0/psoc creator/import/gnu/arm/4.9.3/bin/../lib/gcc/arm-none-eabi/4.9.3/../../../../arm-none-eabi/lib/armv7-m\libg_nano.a(lib_a-errno.o)
                              .\ARM_GCC_493\Debug\Cm3Start.o (__errno)
c:/program files/cypress/psoc creator/4.0/psoc creator/import/gnu/arm/4.9.3/bin/../lib/gcc/arm-none-eabi/4.9.3/../../../../arm-none-eabi/lib/armv7-m\libg_nano.a(lib_a-exit.o)
                              c:/program files/cypress/psoc creator/4.0/psoc creator/import/gnu/arm/4.9.3/bin/../lib/gcc/arm-none-eabi/4.9.3/../../../../arm-none-eabi/lib/armv7-m/crt0.o (exit)
c:/program files/cypress/psoc creator/4.0/psoc creator/import/gnu/arm/4.9.3/bin/../lib/gcc/arm-none-eabi/4.9.3/../../../../arm-none-eabi/lib/armv7-m\libg_nano.a(lib_a-impure.o)
                              c:/program files/cypress/psoc creator/4.0/psoc creator/import/gnu/arm/4.9.3/bin/../lib/gcc/arm-none-eabi/4.9.3/../../../../arm-none-eabi/lib/armv7-m\libg_nano.a(lib_a-exit.o) (_global_impure_ptr)
c:/program files/cypress/psoc creator/4.0/psoc creator/import/gnu/arm/4.9.3/bin/../lib/gcc/arm-none-eabi/4.9.3/../../../../arm-none-eabi/lib/armv7-m\libg_nano.a(lib_a-init.o)
[...]
Memory Configuration

Name             Origin             Length             Attributes
rom              0x00000000         0x00040000         xr
ram              0x1fff8000         0x00010000         xrw
*default*        0x00000000         0xffffffff

Linker script and memory map

LOAD c:/program files/cypress/psoc creator/4.0/psoc creator/import/gnu/arm/4.9.3/bin/../lib/gcc/arm-none-eabi/4.9.3/armv7-m/crti.o
LOAD c:/program files/cypress/psoc creator/4.0/psoc creator/import/gnu/arm/4.9.3/bin/../lib/gcc/arm-none-eabi/4.9.3/armv7-m/crtbegin.o
LOAD c:/program files/cypress/psoc creator/4.0/psoc creator/import/gnu/arm/4.9.3/bin/../lib/gcc/arm-none-eabi/4.9.3/../../../../arm-none-eabi/lib/armv7-m/crt0.o
START GROUP
LOAD .\ARM_GCC_493\Debug\main.o
LOAD .\ARM_GCC_493\Debug\cymetadata.o
LOAD .\ARM_GCC_493\Debug\Cm3Start.o
LOAD .\ARM_GCC_493\Debug\ADC_SingleEndedMode01.a
LOAD C:\Program Files\Cypress\PSoC Creator\4.0\PSoC Creator\psoc\content\cycomponentlibrary\CyComponentLibrary.cylib\CortexM3\ARM_GCC_493\Debug\CyComponentLibrary.a
END GROUP
START GROUP
LOAD c:/program files/cypress/psoc creator/4.0/psoc creator/import/gnu/arm/4.9.3/bin/../lib/gcc/arm-none-eabi/4.9.3/armv7-m\libgcc.a
LOAD c:/program files/cypress/psoc creator/4.0/psoc creator/import/gnu/arm/4.9.3/bin/../lib/gcc/arm-none-eabi/4.9.3/../../../../arm-none-eabi/lib/armv7-m\libg_nano.a
LOAD c:/program files/cypress/psoc creator/4.0/psoc creator/import/gnu/arm/4.9.3/bin/../lib/gcc/arm-none-eabi/4.9.3/../../../../arm-none-eabi/lib/armv7-m\libc_nano.a
END GROUP
START GROUP
LOAD c:/program files/cypress/psoc creator/4.0/psoc creator/import/gnu/arm/4.9.3/bin/../lib/gcc/arm-none-eabi/4.9.3/armv7-m\libgcc.a
LOAD c:/program files/cypress/psoc creator/4.0/psoc creator/import/gnu/arm/4.9.3/bin/../lib/gcc/arm-none-eabi/4.9.3/../../../../arm-none-eabi/lib/armv7-m\libc_nano.a
END GROUP
LOAD c:/program files/cypress/psoc creator/4.0/psoc creator/import/gnu/arm/4.9.3/bin/../lib/gcc/arm-none-eabi/4.9.3/armv7-m/crtend.o
LOAD c:/program files/cypress/psoc creator/4.0/psoc creator/import/gnu/arm/4.9.3/bin/../lib/gcc/arm-none-eabi/4.9.3/armv7-m/crtn.o
START GROUP
LOAD c:/program files/cypress/psoc creator/4.0/psoc creator/import/gnu/arm/4.9.3/bin/../lib/gcc/arm-none-eabi/4.9.3/armv7-m\libgcc.a
LOAD c:/program files/cypress/psoc creator/4.0/psoc creator/import/gnu/arm/4.9.3/bin/../lib/gcc/arm-none-eabi/4.9.3/../../../../arm-none-eabi/lib/armv7-m\libc.a
LOAD c:/program files/cypress/psoc creator/4.0/psoc creator/import/gnu/arm/4.9.3/bin/../lib/gcc/arm-none-eabi/4.9.3/../../../../arm-none-eabi/lib/armv7-m\libnosys.a
END GROUP
                0x00000000                CY_APPL_ORIGIN = 0x0
                0x00000100                CY_FLASH_ROW_SIZE = 0x100
                0x00000020                CY_ECC_ROW_SIZE = 0x20
                0x00000000                CY_EE_IN_BTLDR = 0x0
                0x00000000                CY_APPL_LOADABLE = 0x0
                0x00000800                CY_EE_SIZE = 0x800
                0x00000001                CY_APPL_NUM = 0x1
                0x00000001                CY_APPL_MAX = 0x1
                0x00000040                CY_METADATA_SIZE = 0x40
                0x00000000                CY_APPL_LOADABLE = 0x0
                0x00000000                CY_CHECKSUM_EXCLUDE_SIZE = ALIGN (0x0, CY_FLASH_ROW_SIZE)
                0x1fff81c8                PROVIDE (__cy_heap_start, _end)
                0x00000001                PROVIDE (__cy_region_num, ((__cy_regions_end - __cy_regions) / 0x10))
                0x20008000                PROVIDE (__cy_stack, (ORIGIN (ram) + 0x10000))
                0x20007800                PROVIDE (__cy_heap_end, (__cy_stack - 0x800))

.cybootloader   0x00000000        0x0
 *(.cybootloader)
                0x00000000                appl1_start = CY_APPL_ORIGIN?CY_APPL_ORIGIN:ALIGN (CY_FLASH_ROW_SIZE)
                0x0001ff00                appl2_start = (appl1_start + ALIGN ((((0x40000 - appl1_start) - (0x2 * CY_FLASH_ROW_SIZE)) / 0x2), CY_FLASH_ROW_SIZE))
                0x00000000                appl_start = (CY_APPL_NUM == 0x1)?appl1_start:appl2_start
                0x00000000                ecc_offset = ((appl_start / CY_FLASH_ROW_SIZE) * CY_ECC_ROW_SIZE)
                0x00000000                ee_offset = (CY_APPL_LOADABLE && ! (CY_EE_IN_BTLDR))?((CY_EE_SIZE / CY_APPL_MAX) * (CY_APPL_NUM - 0x1)):0x0
                0x00000800                ee_size = (CY_APPL_LOADABLE && ! (CY_EE_IN_BTLDR))?(CY_EE_SIZE / CY_APPL_MAX):CY_EE_SIZE
                0x00000000                PROVIDE (CY_ECC_OFFSET, ecc_offset)

.text           0x00000000     0x240c
 CREATE_OBJECT_SYMBOLS
                0x00000000                PROVIDE (__cy_interrupt_vector, RomVectors)
 *(.romvectors)
 .romvectors    0x00000000       0x10 .\ARM_GCC_493\Debug\Cm3Start.o
                0x00000000                RomVectors
                0x00000001                ASSERT ((. != __cy_interrupt_vector), No interrupt vector)
                0x00000001                ASSERT (CY_APPL_ORIGIN?(SIZEOF (.cybootloader) <= CY_APPL_ORIGIN):0x1, Wrong image location)
                0x00000010                PROVIDE (__cy_reset, Reset)
 *(.text.Reset)
 .text.Reset    0x00000010       0x18 .\ARM_GCC_493\Debug\Cm3Start.o
                0x00000010                Reset
                0x00000001                ASSERT ((. != __cy_reset), No reset code)
 *(.dma_init)
                0x00000001                ASSERT ((((appl_start + .) <= 0x10000) || 0x1), DMA Init must be within the first 64k of flash)
 *(.text .text.* .gnu.linkonce.t.*)
 .text          0x00000028       0x5c c:/program files/cypress/psoc creator/4.0/psoc creator/import/gnu/arm/4.9.3/bin/../lib/gcc/arm-none-eabi/4.9.3/armv7-m/crtbegin.o
 .text.main     0x00000084       0x84 .\ARM_GCC_493\Debug\main.o
                0x00000084                main
 .text.IntDefaultHandler
                0x00000108       0x14 .\ARM_GCC_493\Debug\Cm3Start.o
                0x00000108                IntDefaultHandler
 .text._sbrk    0x0000011c       0x50 .\ARM_GCC_493\Debug\Cm3Start.o
                0x0000011c                _sbrk
 .text.Start_c  0x0000016c       0x98 .\ARM_GCC_493\Debug\Cm3Start.o
                0x0000016c                Start_c
 .text.initialize_psoc
                0x00000204       0x8c .\ARM_GCC_493\Debug\Cm3Start.o
                0x00000204                initialize_psoc
 .text.CYMEMZERO
                0x00000290       0x1c .\ARM_GCC_493\Debug\ADC_SingleEndedMode01.a(cyfitter_cfg.o)
 .text.CYCONFIGCPY
                0x000002ac       0x1c .\ARM_GCC_493\Debug\ADC_SingleEndedMode01.a(cyfitter_cfg.o)
 .text.CyClockStartupError
                0x000002c8        0xc .\ARM_GCC_493\Debug\ADC_SingleEndedMode01.a(cyfitter_cfg.o)
 .text.cfg_write_bytes32
                0x000002d4       0x74 .\ARM_GCC_493\Debug\ADC_SingleEndedMode01.a(cyfitter_cfg.o)
 .text.ClockSetup
                0x00000348      0x158 .\ARM_GCC_493\Debug\ADC_SingleEndedMode01.a(cyfitter_cfg.o)
 .text.AnalogSetDefault
                0x000004a0       0x58 .\ARM_GCC_493\Debug\ADC_SingleEndedMode01.a(cyfitter_cfg.o)
 .text.ADC_DelSig_1_AMux_Set
                0x000004f8       0x40 .\ARM_GCC_493\Debug\ADC_SingleEndedMode01.a(cyfitter_cfg.o)
                0x000004f8                ADC_DelSig_1_AMux_Set
 .text.ADC_DelSig_1_AMux_Unset
                0x00000538       0x44 .\ARM_GCC_493\Debug\ADC_SingleEndedMode01.a(cyfitter_cfg.o)
                0x00000538                ADC_DelSig_1_AMux_Unset
 .text.cyfitter_cfg
                0x0000057c      0x198 .\ARM_GCC_493\Debug\ADC_SingleEndedMode01.a(cyfitter_cfg.o)
                0x0000057c                cyfitter_cfg
 .text.ADC_DelSig_1_Init
                0x00000714      0x11c .\ARM_GCC_493\Debug\ADC_SingleEndedMode01.a(ADC_DelSig_1.o)
                0x00000714                ADC_DelSig_1_Init
 .text.ADC_DelSig_1_Enable
                0x00000830      0x170 .\ARM_GCC_493\Debug\ADC_SingleEndedMode01.a(ADC_DelSig_1.o)
                0x00000830                ADC_DelSig_1_Enable
 .text.ADC_DelSig_1_Start
                0x000009a0       0x30 .\ARM_GCC_493\Debug\ADC_SingleEndedMode01.a(ADC_DelSig_1.o)
                0x000009a0                ADC_DelSig_1_Start
 .text.ADC_DelSig_1_StartConvert
                0x000009d0       0x20 .\ARM_GCC_493\Debug\ADC_SingleEndedMode01.a(ADC_DelSig_1.o)
                0x000009d0                ADC_DelSig_1_StartConvert
 .text.ADC_DelSig_1_IsEndConversion
                0x000009f0       0x50 .\ARM_GCC_493\Debug\ADC_SingleEndedMode01.a(ADC_DelSig_1.o)
                0x000009f0                ADC_DelSig_1_IsEndConversion
 .text.ADC_DelSig_1_GetResult32
                0x00000a40       0xa8 .\ARM_GCC_493\Debug\ADC_SingleEndedMode01.a(ADC_DelSig_1.o)
                0x00000a40                ADC_DelSig_1_GetResult32
 .text.ADC_DelSig_1_InitConfig
                0x00000ae8      0x164 .\ARM_GCC_493\Debug\ADC_SingleEndedMode01.a(ADC_DelSig_1.o)
 .text.ADC_DelSig_1_GainCompensation
                0x00000c4c      0x16c .\ARM_GCC_493\Debug\ADC_SingleEndedMode01.a(ADC_DelSig_1.o)
 .text.ADC_DelSig_1_SetDSMRef0Reg
                0x00000db8       0x78 .\ARM_GCC_493\Debug\ADC_SingleEndedMode01.a(ADC_DelSig_1.o)
 .text.ADC_DelSig_1_ISR1
                0x00000e30        0xc .\ARM_GCC_493\Debug\ADC_SingleEndedMode01.a(ADC_DelSig_1_INT.o)
                0x00000e30                ADC_DelSig_1_ISR1
 .text.UART_1_Start
                0x00000e3c       0x20 .\ARM_GCC_493\Debug\ADC_SingleEndedMode01.a(UART_1.o)
                0x00000e3c                UART_1_Start
 .text.UART_1_Init
                0x00000e5c       0x40 .\ARM_GCC_493\Debug\ADC_SingleEndedMode01.a(UART_1.o)
                0x00000e5c                UART_1_Init
 .text.UART_1_Enable
                0x00000e9c       0x5c .\ARM_GCC_493\Debug\ADC_SingleEndedMode01.a(UART_1.o)
                0x00000e9c                UART_1_Enable
 .text.UART_1_PutChar
                0x00000ef8       0x34 .\ARM_GCC_493\Debug\ADC_SingleEndedMode01.a(UART_1.o)
                0x00000ef8                UART_1_PutChar
 .text.UART_1_PutString
                0x00000f2c       0x40 .\ARM_GCC_493\Debug\ADC_SingleEndedMode01.a(UART_1.o)
                0x00000f2c                UART_1_PutString
 .text.ADC_DelSig_1_AMux_Start
                0x00000f6c       0x30 .\ARM_GCC_493\Debug\ADC_SingleEndedMode01.a(ADC_DelSig_1_AMux.o)
                0x00000f6c                ADC_DelSig_1_AMux_Start
 .text.ADC_DelSig_1_AMux_Select
                0x00000f9c       0x28 .\ARM_GCC_493\Debug\ADC_SingleEndedMode01.a(ADC_DelSig_1_AMux.o)
                0x00000f9c                ADC_DelSig_1_AMux_Select
 .text.ADC_DelSig_1_Ext_CP_Clk_SetDividerRegister
                0x00000fc4      0x160 .\ARM_GCC_493\Debug\ADC_SingleEndedMode01.a(ADC_DelSig_1_Ext_CP_Clk.o)
                0x00000fc4                ADC_DelSig_1_Ext_CP_Clk_SetDividerRegister
 .text.ADC_DelSig_1_Ext_CP_Clk_GetDividerRegister
                0x00001124       0x18 .\ARM_GCC_493\Debug\ADC_SingleEndedMode01.a(ADC_DelSig_1_Ext_CP_Clk.o)
                0x00001124                ADC_DelSig_1_Ext_CP_Clk_GetDividerRegister
 .text.ADC_DelSig_1_Ext_CP_Clk_SetModeRegister
                0x0000113c       0x34 .\ARM_GCC_493\Debug\ADC_SingleEndedMode01.a(ADC_DelSig_1_Ext_CP_Clk.o)
                0x0000113c                ADC_DelSig_1_Ext_CP_Clk_SetModeRegister
 .text.ADC_DelSig_1_Ext_CP_Clk_GetSourceRegister
                0x00001170       0x20 .\ARM_GCC_493\Debug\ADC_SingleEndedMode01.a(ADC_DelSig_1_Ext_CP_Clk.o)
                0x00001170                ADC_DelSig_1_Ext_CP_Clk_GetSourceRegister
 .text.ADC_DelSig_1_theACLK_SetDividerRegister
                0x00001190      0x160 .\ARM_GCC_493\Debug\ADC_SingleEndedMode01.a(ADC_DelSig_1_theACLK.o)
                0x00001190                ADC_DelSig_1_theACLK_SetDividerRegister
 .text.ADC_DelSig_1_theACLK_GetDividerRegister
                0x000012f0       0x18 .\ARM_GCC_493\Debug\ADC_SingleEndedMode01.a(ADC_DelSig_1_theACLK.o)
                0x000012f0                ADC_DelSig_1_theACLK_GetDividerRegister
 .text.ADC_DelSig_1_theACLK_SetModeRegister
                0x00001308       0x34 .\ARM_GCC_493\Debug\ADC_SingleEndedMode01.a(ADC_DelSig_1_theACLK.o)
                0x00001308                ADC_DelSig_1_theACLK_SetModeRegister
 .text.ADC_DelSig_1_theACLK_GetSourceRegister
                0x0000133c       0x20 .\ARM_GCC_493\Debug\ADC_SingleEndedMode01.a(ADC_DelSig_1_theACLK.o)
                0x0000133c                ADC_DelSig_1_theACLK_GetSourceRegister
 .text.UART_1_IntClock_Start
                0x0000135c       0x34 .\ARM_GCC_493\Debug\ADC_SingleEndedMode01.a(UART_1_IntClock.o)
                0x0000135c                UART_1_IntClock_Start
 .text.CyHalt   0x00001390       0x18 .\ARM_GCC_493\Debug\ADC_SingleEndedMode01.a(CyLib.o)
                0x00001390                CyHalt
 .text.CyDelay  0x000013a8       0x44 .\ARM_GCC_493\Debug\ADC_SingleEndedMode01.a(CyLib.o)
                0x000013a8                CyDelay
 .text.CyDelayUs
                0x000013ec       0x24 .\ARM_GCC_493\Debug\ADC_SingleEndedMode01.a(CyLib.o)
                0x000013ec                CyDelayUs
 .text.CyIntSetVector
                0x00001410       0x50 .\ARM_GCC_493\Debug\ADC_SingleEndedMode01.a(CyLib.o)
                0x00001410                CyIntSetVector
 .text.CyIntSetPriority
                0x00001460       0x44 .\ARM_GCC_493\Debug\ADC_SingleEndedMode01.a(CyLib.o)
                0x00001460                CyIntSetPriority
 *fill*         0x000014a4        0x4 
 .text          0x000014a8       0x58 .\ARM_GCC_493\Debug\ADC_SingleEndedMode01.a(CyBootAsmGnu.o)
                0x000014a8                CyDelayCycles
                0x000014e6                CyEnterCriticalSection
                0x000014ee                CyExitCriticalSection
 .text          0x00001500      0x370 c:/program files/cypress/psoc creator/4.0/psoc creator/import/gnu/arm/4.9.3/bin/../lib/gcc/arm-none-eabi/4.9.3/armv7-m\libgcc.a(_arm_addsubdf3.o)
                0x00001500                __aeabi_drsub
                0x00001508                __aeabi_dsub
                0x00001508                __subdf3
                0x0000150c                __aeabi_dadd
                0x0000150c                __adddf3
                0x00001784                __floatunsidf
                0x00001784                __aeabi_ui2d
                0x000017a4                __floatsidf
                0x000017a4                __aeabi_i2d
                0x000017c8                __aeabi_f2d
                0x000017c8                __extendsfdf2
                0x00001804                __floatundidf
                0x00001804                __aeabi_ul2d
                0x00001814                __floatdidf
                0x00001814                __aeabi_l2d
 .text          0x00001870      0x21c c:/program files/cypress/psoc creator/4.0/psoc creator/import/gnu/arm/4.9.3/bin/../lib/gcc/arm-none-eabi/4.9.3/armv7-m\libgcc.a(_arm_addsubsf3.o)
                0x00001870                __aeabi_frsub
                0x00001878                __subsf3
                0x00001878                __aeabi_fsub
                0x0000187c                __aeabi_fadd
                0x0000187c                __addsf3
                0x000019dc                __aeabi_ui2f
                0x000019dc                __floatunsisf
                0x000019e4                __aeabi_i2f
                0x000019e4                __floatsisf
                0x00001a00                __aeabi_ul2f
                0x00001a00                __floatundisf
                0x00001a10                __aeabi_l2f
                0x00001a10                __floatdisf
 .text          0x00001a8c       0xec c:/program files/cypress/psoc creator/4.0/psoc creator/import/gnu/arm/4.9.3/bin/../lib/gcc/arm-none-eabi/4.9.3/armv7-m\libgcc.a(_arm_cmpsf2.o)
                0x00001a8c                __gesf2
                0x00001a8c                __gtsf2
                0x00001a94                __lesf2
                0x00001a94                __ltsf2
                0x00001a9c                __nesf2
                0x00001a9c                __eqsf2
                0x00001a9c                __cmpsf2
                0x00001afc                __aeabi_cfrcmple
                0x00001b04                __aeabi_cfcmpeq
                0x00001b04                __aeabi_cfcmple
                0x00001b14                __aeabi_fcmpeq
                0x00001b28                __aeabi_fcmplt
                0x00001b3c                __aeabi_fcmple
                0x00001b50                __aeabi_fcmpge
                0x00001b64                __aeabi_fcmpgt
 .text.__errno  0x00001b78        0xc c:/program files/cypress/psoc creator/4.0/psoc creator/import/gnu/arm/4.9.3/bin/../lib/gcc/arm-none-eabi/4.9.3/../../../../arm-none-eabi/lib/armv7-m\libg_nano.a(lib_a-errno.o)
                0x00001b78                __errno
 .text.__libc_init_array
                0x00001b84       0x4c c:/program files/cypress/psoc creator/4.0/psoc creator/import/gnu/arm/4.9.3/bin/../lib/gcc/arm-none-eabi/4.9.3/../../../../arm-none-eabi/lib/armv7-m\libg_nano.a(lib_a-init.o)
                0x00001b84                __libc_init_array
 .text.memcpy   0x00001bd0       0x16 c:/program files/cypress/psoc creator/4.0/psoc creator/import/gnu/arm/4.9.3/bin/../lib/gcc/arm-none-eabi/4.9.3/../../../../arm-none-eabi/lib/armv7-m\libg_nano.a(lib_a-memcpy.o)
                0x00001bd0                memcpy
 .text.memset   0x00001be6       0x10 c:/program files/cypress/psoc creator/4.0/psoc creator/import/gnu/arm/4.9.3/bin/../lib/gcc/arm-none-eabi/4.9.3/../../../../arm-none-eabi/lib/armv7-m\libg_nano.a(lib_a-memset.o)
                0x00001be6                memset
 *fill*         0x00001bf6        0x2 
 .text.sprintf  0x00001bf8       0x48 c:/program files/cypress/psoc creator/4.0/psoc creator/import/gnu/arm/4.9.3/bin/../lib/gcc/arm-none-eabi/4.9.3/../../../../arm-none-eabi/lib/armv7-m\libg_nano.a(lib_a-sprintf.o)
                0x00001bf8                siprintf
                0x00001bf8                sprintf
 .text.__ssputs_r
                0x00001c40       0xb2 c:/program files/cypress/psoc creator/4.0/psoc creator/import/gnu/arm/4.9.3/bin/../lib/gcc/arm-none-eabi/4.9.3/../../../../arm-none-eabi/lib/armv7-m\libg_nano.a(lib_a-nano-svfprintf.o)
                0x00001c40                __ssputs_r
 *fill*         0x00001cf2        0x2 
 .text._svfprintf_r
                0x00001cf4      0x1e4 c:/program files/cypress/psoc creator/4.0/psoc creator/import/gnu/arm/4.9.3/bin/../lib/gcc/arm-none-eabi/4.9.3/../../../../arm-none-eabi/lib/armv7-m\libg_nano.a(lib_a-nano-svfprintf.o)
                0x00001cf4                _svfiprintf_r
                0x00001cf4                _svfprintf_r
 .text._printf_common
                0x00001ed8       0xea c:/program files/cypress/psoc creator/4.0/psoc creator/import/gnu/arm/4.9.3/bin/../lib/gcc/arm-none-eabi/4.9.3/../../../../arm-none-eabi/lib/armv7-m\libg_nano.a(lib_a-nano-vfprintf_i.o)
                0x00001ed8                _printf_common
 *fill*         0x00001fc2        0x2 
 .text._printf_i
                0x00001fc4      0x240 c:/program files/cypress/psoc creator/4.0/psoc creator/import/gnu/arm/4.9.3/bin/../lib/gcc/arm-none-eabi/4.9.3/../../../../arm-none-eabi/lib/armv7-m\libg_nano.a(lib_a-nano-vfprintf_i.o)
                0x00001fc4                _printf_i
 .text.memchr   0x00002204       0x1c c:/program files/cypress/psoc creator/4.0/psoc creator/import/gnu/arm/4.9.3/bin/../lib/gcc/arm-none-eabi/4.9.3/../../../../arm-none-eabi/lib/armv7-m\libg_nano.a(lib_a-memchr.o)
                0x00002204                memchr
 .text.memmove  0x00002220       0x36 c:/program files/cypress/psoc creator/4.0/psoc creator/import/gnu/arm/4.9.3/bin/../lib/gcc/arm-none-eabi/4.9.3/../../../../arm-none-eabi/lib/armv7-m\libg_nano.a(lib_a-memmove.o)
                0x00002220                memmove
 *fill*         0x00002256        0x2 
 .text._free_r  0x00002258       0x88 c:/program files/cypress/psoc creator/4.0/psoc creator/import/gnu/arm/4.9.3/bin/../lib/gcc/arm-none-eabi/4.9.3/../../../../arm-none-eabi/lib/armv7-m\libg_nano.a(lib_a-nano-freer.o)
                0x00002258                _free_r
 .text._malloc_r
                0x000022e0       0xac c:/program files/cypress/psoc creator/4.0/psoc creator/import/gnu/arm/4.9.3/bin/../lib/gcc/arm-none-eabi/4.9.3/../../../../arm-none-eabi/lib/armv7-m\libg_nano.a(lib_a-nano-mallocr.o)
                0x000022e0                _malloc_r
 .text._realloc_r
                0x0000238c       0x4c c:/program files/cypress/psoc creator/4.0/psoc creator/import/gnu/arm/4.9.3/bin/../lib/gcc/arm-none-eabi/4.9.3/../../../../arm-none-eabi/lib/armv7-m\libg_nano.a(lib_a-nano-reallocr.o)
                0x0000238c                _realloc_r
 .text._sbrk_r  0x000023d8       0x20 c:/program files/cypress/psoc creator/4.0/psoc creator/import/gnu/arm/4.9.3/bin/../lib/gcc/arm-none-eabi/4.9.3/../../../../arm-none-eabi/lib/armv7-m\libg_nano.a(lib_a-sbrkr.o)
                0x000023d8                _sbrk_r
 .text._malloc_usable_size_r
                0x000023f8       0x14 c:/program files/cypress/psoc creator/4.0/psoc creator/import/gnu/arm/4.9.3/bin/../lib/gcc/arm-none-eabi/4.9.3/../../../../arm-none-eabi/lib/armv7-m\libg_nano.a(lib_a-nano-msizer.o)
                0x000023f8                _malloc_usable_size_r
 *(.plt)
 *(.gnu.warning)
 *(.glue_7t)
 .glue_7t       0x00000000        0x0 linker stubs
 *(.glue_7)
 .glue_7        0x00000000        0x0 linker stubs
 *(.vfp11_veneer)
 .vfp11_veneer  0x00000000        0x0 linker stubs
 *(.bootloader)
 *(.ARM.extab* .gnu.linkonce.armextab.*)
 *(.gcc_except_table)

.v4_bx          0x0000240c        0x0
 .v4_bx         0x00000000        0x0 linker stubs

.iplt           0x0000240c        0x0
 .iplt          0x00000000        0x0 c:/program files/cypress/psoc creator/4.0/psoc creator/import/gnu/arm/4.9.3/bin/../lib/gcc/arm-none-eabi/4.9.3/armv7-m/crtbegin.o

.eh_frame_hdr
 *(.eh_frame_hdr)

.eh_frame       0x0000240c        0x4
 *(.eh_frame)
 .eh_frame      0x0000240c        0x0 c:/program files/cypress/psoc creator/4.0/psoc creator/import/gnu/arm/4.9.3/bin/../lib/gcc/arm-none-eabi/4.9.3/armv7-m/crtbegin.o
 .eh_frame      0x0000240c        0x4 c:/program files/cypress/psoc creator/4.0/psoc creator/import/gnu/arm/4.9.3/bin/../lib/gcc/arm-none-eabi/4.9.3/armv7-m/crtend.o
                0x00002410                PROVIDE (__exidx_start, .)

.ARM.exidx
 *(.ARM.exidx* .gnu.linkonce.armexidx.*)
                0x00002410                __exidx_end = .

.rodata         0x00002410       0xc0
 *(.rodata .rodata.* .gnu.linkonce.r.*)
 .rodata        0x00002410        0xc .\ARM_GCC_493\Debug\main.o
 .rodata        0x0000241c       0x44 .\ARM_GCC_493\Debug\ADC_SingleEndedMode01.a(cyfitter_cfg.o)
                0x0000241c                ADC_DelSig_1_AMux__addrTable
                0x00002424                ADC_DelSig_1_AMux__maskTable
 .rodata.str1.1
                0x00002460        0x2 c:/program files/cypress/psoc creator/4.0/psoc creator/import/gnu/arm/4.9.3/bin/../lib/gcc/arm-none-eabi/4.9.3/../../../../arm-none-eabi/lib/armv7-m\libg_nano.a(lib_a-impure.o)
 .rodata.str1.1
                0x00002462       0x11 c:/program files/cypress/psoc creator/4.0/psoc creator/import/gnu/arm/4.9.3/bin/../lib/gcc/arm-none-eabi/4.9.3/../../../../arm-none-eabi/lib/armv7-m\libg_nano.a(lib_a-nano-svfprintf.o)
 .rodata.str1.1
                0x00002473       0x22 c:/program files/cypress/psoc creator/4.0/psoc creator/import/gnu/arm/4.9.3/bin/../lib/gcc/arm-none-eabi/4.9.3/../../../../arm-none-eabi/lib/armv7-m\libg_nano.a(lib_a-nano-vfprintf_i.o)
                0x00002498                . = ALIGN (0x4)
 *fill*         0x00002495        0x3 
 *(.init)
 .init          0x00002498        0x4 c:/program files/cypress/psoc creator/4.0/psoc creator/import/gnu/arm/4.9.3/bin/../lib/gcc/arm-none-eabi/4.9.3/armv7-m/crti.o
                0x00002498                _init
 .init          0x0000249c        0x8 c:/program files/cypress/psoc creator/4.0/psoc creator/import/gnu/arm/4.9.3/bin/../lib/gcc/arm-none-eabi/4.9.3/armv7-m/crtn.o
                0x000024a4                . = ALIGN (0x4)
                0x000024a4                __preinit_array_start = .
 *(.preinit_array)
                0x000024a4                __preinit_array_end = .
                0x000024a4                . = ALIGN (0x4)
                0x000024a4                __init_array_start = .
 *(SORT(.init_array.*))
 *(.init_array)
 .init_array    0x000024a4        0x4 c:/program files/cypress/psoc creator/4.0/psoc creator/import/gnu/arm/4.9.3/bin/../lib/gcc/arm-none-eabi/4.9.3/armv7-m/crtbegin.o
 .init_array    0x000024a8        0x4 .\ARM_GCC_493\Debug\Cm3Start.o
                0x000024ac                __init_array_end = .
                0x000024ac                . = ALIGN (0x4)
 *(.fini)
 .fini          0x000024ac        0x4 c:/program files/cypress/psoc creator/4.0/psoc creator/import/gnu/arm/4.9.3/bin/../lib/gcc/arm-none-eabi/4.9.3/armv7-m/crti.o
                0x000024ac                _fini
 .fini          0x000024b0        0x8 c:/program files/cypress/psoc creator/4.0/psoc creator/import/gnu/arm/4.9.3/bin/../lib/gcc/arm-none-eabi/4.9.3/armv7-m/crtn.o
                0x000024b8                . = ALIGN (0x4)
                0x000024b8                __fini_array_start = .
 *(.fini_array)
 .fini_array    0x000024b8        0x4 c:/program files/cypress/psoc creator/4.0/psoc creator/import/gnu/arm/4.9.3/bin/../lib/gcc/arm-none-eabi/4.9.3/armv7-m/crtbegin.o
 *(SORT(.fini_array.*))
                0x000024bc                __fini_array_end = .
                0x000024bc                . = ALIGN (0x4)
 *crtbegin.o(.ctors)
 *(EXCLUDE_FILE(*crtend.o) .ctors)
 *(SORT(.ctors.*))
 *crtend.o(.ctors)
                0x000024bc                . = ALIGN (0x4)
 *crtbegin.o(.dtors)
 *(EXCLUDE_FILE(*crtend.o) .dtors)
 *(SORT(.dtors.*))
 *crtend.o(.dtors)
                0x000024bc                . = ALIGN (0x4)
                0x000024bc                __cy_regions = .
                0x000024bc        0x4 LONG 0x24d0 __cy_region_init_ram
                0x000024c0        0x4 LONG 0x1fff8108 __cy_region_start_data
                0x000024c4        0x4 LONG 0x80 __cy_region_init_size_ram
                0x000024c8        0x4 LONG 0x40 __cy_region_zero_size_ram
                0x000024cc                __cy_regions_end = .
                0x000024d0                . = ALIGN (0x8)
 *fill*         0x000024cc        0x4 
                0x000024d0                _etext = .

.cy_checksum_exclude
                0x000024d0        0x0
 *(.cy_checksum_exclude)

.ramvectors     0x1fff8000      0x100
                0x1fff8000                __cy_region_start_ram = .
 *(.ramvectors)
 .ramvectors    0x1fff8000      0x100 .\ARM_GCC_493\Debug\Cm3Start.o
                0x1fff8000                CyRamVectors

.noinit         0x1fff8100        0x5
 *(.noinit)
 .noinit        0x1fff8100        0x4 .\ARM_GCC_493\Debug\Cm3Start.o
 .noinit        0x1fff8104        0x1 .\ARM_GCC_493\Debug\ADC_SingleEndedMode01.a(CyLib.o)
                0x1fff8104                CyResetStatus

.data           0x1fff8108       0x80 load address 0x000024d0
                0x1fff8108                __cy_region_start_data = .
 *(.jcr)
 .jcr           0x1fff8108        0x0 c:/program files/cypress/psoc creator/4.0/psoc creator/import/gnu/arm/4.9.3/bin/../lib/gcc/arm-none-eabi/4.9.3/armv7-m/crtbegin.o
 .jcr           0x1fff8108        0x4 c:/program files/cypress/psoc creator/4.0/psoc creator/import/gnu/arm/4.9.3/bin/../lib/gcc/arm-none-eabi/4.9.3/armv7-m/crtend.o
 *(.got.plt)
 *(.got)
 *(.shdata)
 *(.data .data.* .gnu.linkonce.d.*)
 .data          0x1fff810c        0x4 .\ARM_GCC_493\Debug\Cm3Start.o
 .data          0x1fff8110        0x1 .\ARM_GCC_493\Debug\ADC_SingleEndedMode01.a(ADC_DelSig_1.o)
                0x1fff8110                ADC_DelSig_1_Config
 .data          0x1fff8111        0x1 .\ARM_GCC_493\Debug\ADC_SingleEndedMode01.a(ADC_DelSig_1_AMux.o)
 *fill*         0x1fff8112        0x2 
 .data          0x1fff8114       0x10 .\ARM_GCC_493\Debug\ADC_SingleEndedMode01.a(CyLib.o)
                0x1fff8114                cydelay_freq_hz
                0x1fff8118                cydelay_freq_khz
                0x1fff811c                cydelay_freq_mhz
                0x1fff8120                cydelay_32k_ms
 .data.impure_data
                0x1fff8124       0x60 c:/program files/cypress/psoc creator/4.0/psoc creator/import/gnu/arm/4.9.3/bin/../lib/gcc/arm-none-eabi/4.9.3/../../../../arm-none-eabi/lib/armv7-m\libg_nano.a(lib_a-impure.o)
 .data._impure_ptr
                0x1fff8184        0x4 c:/program files/cypress/psoc creator/4.0/psoc creator/import/gnu/arm/4.9.3/bin/../lib/gcc/arm-none-eabi/4.9.3/../../../../arm-none-eabi/lib/armv7-m\libg_nano.a(lib_a-impure.o)
                0x1fff8184                _impure_ptr
                0x1fff8188                . = ALIGN (0x8)
 *(.ram)
                0x1fff8188                _edata = .

.igot.plt       0x1fff8188        0x0 load address 0x00002550
 .igot.plt      0x00000000        0x0 c:/program files/cypress/psoc creator/4.0/psoc creator/import/gnu/arm/4.9.3/bin/../lib/gcc/arm-none-eabi/4.9.3/armv7-m/crtbegin.o

.bss            0x1fff8188       0x40 load address 0x00002550
                0x1fff8188                PROVIDE (__bss_start__, .)
 *(.shbss)
 *(.bss .bss.* .gnu.linkonce.b.*)
 .bss           0x1fff8188       0x1c c:/program files/cypress/psoc creator/4.0/psoc creator/import/gnu/arm/4.9.3/bin/../lib/gcc/arm-none-eabi/4.9.3/armv7-m/crtbegin.o
 .bss           0x1fff81a4        0x8 .\ARM_GCC_493\Debug\ADC_SingleEndedMode01.a(ADC_DelSig_1.o)
                0x1fff81a4                ADC_DelSig_1_convDone
                0x1fff81a5                ADC_DelSig_1_stopConversion
                0x1fff81a6                ADC_DelSig_1_initVar
                0x1fff81a7                ADC_DelSig_1_started
 .bss           0x1fff81ac        0x2 .\ARM_GCC_493\Debug\ADC_SingleEndedMode01.a(UART_1.o)
                0x1fff81ac                UART_1_initVar
 *fill*         0x1fff81ae        0x2 
 .bss.__malloc_sbrk_start
                0x1fff81b0        0x4 c:/program files/cypress/psoc creator/4.0/psoc creator/import/gnu/arm/4.9.3/bin/../lib/gcc/arm-none-eabi/4.9.3/../../../../arm-none-eabi/lib/armv7-m\libg_nano.a(lib_a-nano-mallocr.o)
                0x1fff81b0                __malloc_sbrk_start
 .bss.__malloc_free_list
                0x1fff81b4        0x4 c:/program files/cypress/psoc creator/4.0/psoc creator/import/gnu/arm/4.9.3/bin/../lib/gcc/arm-none-eabi/4.9.3/../../../../arm-none-eabi/lib/armv7-m\libg_nano.a(lib_a-nano-mallocr.o)
                0x1fff81b4                __malloc_free_list
 *(COMMON)
 COMMON         0x1fff81b8        0x8 .\ARM_GCC_493\Debug\ADC_SingleEndedMode01.a(ADC_DelSig_1.o)
                0x1fff81b8                ADC_DelSig_1_CountsPerVolt
                0x1fff81bc                ADC_DelSig_1_Offset
 COMMON         0x1fff81c0        0x4 c:/program files/cypress/psoc creator/4.0/psoc creator/import/gnu/arm/4.9.3/bin/../lib/gcc/arm-none-eabi/4.9.3/../../../../arm-none-eabi/lib/armv7-m\libg_nano.a(lib_a-reent.o)
                0x1fff81c0                errno
                0x1fff81c8                . = ALIGN (0x8)
 *fill*         0x1fff81c4        0x4 
 *(.ram.b)
                0x1fff81c8                _end = .
                0x1fff81c8                __end = .
                0x1fff81c8                PROVIDE (end, .)
                0x1fff81c8                PROVIDE (__bss_end__, .)
                0x000024d0                __cy_region_init_ram = LOADADDR (.data)
                0x00000080                __cy_region_init_size_ram = (_edata - ADDR (.data))
                0x00000040                __cy_region_zero_size_ram = (_end - _edata)

.heap           0x1fff81c8       0x80 load address 0x00002550
                0x1fff81c8                . = _end
                0x1fff8248                . = (. + 0x80)
 *fill*         0x1fff81c8       0x80 
                0x1fff8248                __cy_heap_limit = .

.stack          0x20007800      0x800
                0x20007800                __cy_stack_limit = .
                0x20008000                . = (. + 0x800)
 *fill*         0x20007800      0x800 
                0x00000001                ASSERT ((__cy_stack_limit >= __cy_heap_limit), region RAM overflowed with stack)
                0x00000000                cy_checksum_exclude_size = (CY_APPL_LOADABLE == 0x1)?SIZEOF (.cy_checksum_exclude):0x0
                0x00000001                ASSERT ((cy_checksum_exclude_size <= CY_CHECKSUM_EXCLUDE_SIZE), CY_BOOT: Section .cy_checksum_exclude size exceedes specified limit.)

.cyloadermeta
 *(.cyloadermeta)

.cyloadablemeta
 *(.cyloadablemeta)

.cyconfigecc    0x80000000      0x368
 *(.cyconfigecc)
 .cyconfigecc   0x80000000      0x368 .\ARM_GCC_493\Debug\cymetadata.o
                0x80000000                cy_meta_configecc

.cycustnvl      0x90000000        0x4
 *(.cycustnvl)
 .cycustnvl     0x90000000        0x4 .\ARM_GCC_493\Debug\cymetadata.o
                0x90000000                cy_meta_custnvl

.cywolatch      0x90100000        0x4
 *(.cywolatch)
 .cywolatch     0x90100000        0x4 .\ARM_GCC_493\Debug\cymetadata.o
                0x90100000                cy_meta_wonvl

.cyeeprom       0x90200000        0x0
 *(.cyeeprom)
                0x00000001                ASSERT ((. <= ((0x90200000 + ee_offset) + ee_size)), .cyeeprom data will not fit in EEPROM)

.cyflashprotect
                0x90400000      0x100
 *(.cyflashprotect)
 .cyflashprotect
                0x90400000      0x100 .\ARM_GCC_493\Debug\cymetadata.o
                0x90400000                cy_meta_flashprotect

.cymeta         0x90500000        0xc
 *(.cymeta)
 .cymeta        0x90500000        0xc .\ARM_GCC_493\Debug\cymetadata.o
                0x90500000                cy_metadata

.rel.dyn        0x00002550        0x0 load address 0x9050000c
 .rel.iplt      0x00000000        0x0 c:/program files/cypress/psoc creator/4.0/psoc creator/import/gnu/arm/4.9.3/bin/../lib/gcc/arm-none-eabi/4.9.3/armv7-m/crtbegin.o

.stab
 *(.stab)

.stabstr
 *(.stabstr)

.debug
 *(.debug)

.line
 *(.line)

.debug_srcinfo
 *(.debug_srcinfo)

.debug_sfnames
 *(.debug_sfnames)

.debug_aranges  0x00000000      0x8e0
 *(.debug_aranges)
 .debug_aranges
                0x00000000       0x20 .\ARM_GCC_493\Debug\main.o
 .debug_aranges
                0x00000020       0x18 .\ARM_GCC_493\Debug\cymetadata.o
 .debug_aranges
                0x00000038       0x48 .\ARM_GCC_493\Debug\Cm3Start.o
 .debug_aranges
                0x00000080       0x70 .\ARM_GCC_493\Debug\ADC_SingleEndedMode01.a(cyfitter_cfg.o)
 .debug_aranges
                0x000000f0       0xe8 .\ARM_GCC_493\Debug\ADC_SingleEndedMode01.a(ADC_DelSig_1.o)
 .debug_aranges
                0x000001d8       0x38 .\ARM_GCC_493\Debug\ADC_SingleEndedMode01.a(ADC_DelSig_1_INT.o)
 .debug_aranges
                0x00000210       0xf0 .\ARM_GCC_493\Debug\ADC_SingleEndedMode01.a(UART_1.o)
 .debug_aranges
                0x00000300       0x30 .\ARM_GCC_493\Debug\ADC_SingleEndedMode01.a(ADC_DelSig_1_AMux.o)
 .debug_aranges
                0x00000330       0x70 .\ARM_GCC_493\Debug\ADC_SingleEndedMode01.a(ADC_DelSig_1_Ext_CP_Clk.o)
 .debug_aranges
                0x000003a0       0x80 .\ARM_GCC_493\Debug\ADC_SingleEndedMode01.a(ADC_DelSig_1_theACLK.o)
 .debug_aranges
                0x00000420       0x70 .\ARM_GCC_493\Debug\ADC_SingleEndedMode01.a(UART_1_IntClock.o)
 .debug_aranges
                0x00000490      0x2a0 .\ARM_GCC_493\Debug\ADC_SingleEndedMode01.a(CyLib.o)
 .debug_aranges
                0x00000730       0x98 .\ARM_GCC_493\Debug\ADC_SingleEndedMode01.a(cyPm.o)
 .debug_aranges
                0x000007c8       0x20 .\ARM_GCC_493\Debug\ADC_SingleEndedMode01.a(CyBootAsmGnu.o)
 .debug_aranges
                0x000007e8       0x80 .\ARM_GCC_493\Debug\ADC_SingleEndedMode01.a(CyFlash.o)
 .debug_aranges
                0x00000868       0x78 .\ARM_GCC_493\Debug\ADC_SingleEndedMode01.a(CySpc.o)

.debug_pubnames
 *(.debug_pubnames)

.debug_info     0x00000000     0x3b96
 *(.debug_info .gnu.linkonce.wi.*)
 .debug_info    0x00000000      0x10b .\ARM_GCC_493\Debug\main.o
 .debug_info    0x0000010b      0x13b .\ARM_GCC_493\Debug\cymetadata.o
 .debug_info    0x00000246      0x319 .\ARM_GCC_493\Debug\Cm3Start.o
 .debug_info    0x0000055f      0x4ef .\ARM_GCC_493\Debug\ADC_SingleEndedMode01.a(cyfitter_cfg.o)
 .debug_info    0x00000a4e      0x725 .\ARM_GCC_493\Debug\ADC_SingleEndedMode01.a(ADC_DelSig_1.o)
 .debug_info    0x00001173       0xcc .\ARM_GCC_493\Debug\ADC_SingleEndedMode01.a(ADC_DelSig_1_INT.o)
 .debug_info    0x0000123f      0x503 .\ARM_GCC_493\Debug\ADC_SingleEndedMode01.a(UART_1.o)
 .debug_info    0x00001742      0x10a .\ARM_GCC_493\Debug\ADC_SingleEndedMode01.a(ADC_DelSig_1_AMux.o)
 .debug_info    0x0000184c      0x25d .\ARM_GCC_493\Debug\ADC_SingleEndedMode01.a(ADC_DelSig_1_Ext_CP_Clk.o)
 .debug_info    0x00001aa9      0x299 .\ARM_GCC_493\Debug\ADC_SingleEndedMode01.a(ADC_DelSig_1_theACLK.o)
 .debug_info    0x00001d42      0x25d .\ARM_GCC_493\Debug\ADC_SingleEndedMode01.a(UART_1_IntClock.o)
 .debug_info    0x00001f9f      0xe4a .\ARM_GCC_493\Debug\ADC_SingleEndedMode01.a(CyLib.o)
 .debug_info    0x00002de9      0x561 .\ARM_GCC_493\Debug\ADC_SingleEndedMode01.a(cyPm.o)
 .debug_info    0x0000334a       0x8f .\ARM_GCC_493\Debug\ADC_SingleEndedMode01.a(CyBootAsmGnu.o)
 .debug_info    0x000033d9      0x36a .\ARM_GCC_493\Debug\ADC_SingleEndedMode01.a(CyFlash.o)
 .debug_info    0x00003743      0x453 .\ARM_GCC_493\Debug\ADC_SingleEndedMode01.a(CySpc.o)

.debug_abbrev   0x00000000     0x11ac
 *(.debug_abbrev)
 .debug_abbrev  0x00000000       0x8a .\ARM_GCC_493\Debug\main.o
 .debug_abbrev  0x0000008a       0x66 .\ARM_GCC_493\Debug\cymetadata.o
 .debug_abbrev  0x000000f0      0x1b6 .\ARM_GCC_493\Debug\Cm3Start.o
 .debug_abbrev  0x000002a6      0x1ca .\ARM_GCC_493\Debug\ADC_SingleEndedMode01.a(cyfitter_cfg.o)
 .debug_abbrev  0x00000470      0x19d .\ARM_GCC_493\Debug\ADC_SingleEndedMode01.a(ADC_DelSig_1.o)
 .debug_abbrev  0x0000060d       0x42 .\ARM_GCC_493\Debug\ADC_SingleEndedMode01.a(ADC_DelSig_1_INT.o)
 .debug_abbrev  0x0000064f      0x163 .\ARM_GCC_493\Debug\ADC_SingleEndedMode01.a(UART_1.o)
 .debug_abbrev  0x000007b2       0x6f .\ARM_GCC_493\Debug\ADC_SingleEndedMode01.a(ADC_DelSig_1_AMux.o)
 .debug_abbrev  0x00000821      0x11d .\ARM_GCC_493\Debug\ADC_SingleEndedMode01.a(ADC_DelSig_1_Ext_CP_Clk.o)
 .debug_abbrev  0x0000093e      0x11d .\ARM_GCC_493\Debug\ADC_SingleEndedMode01.a(ADC_DelSig_1_theACLK.o)
 .debug_abbrev  0x00000a5b      0x11d .\ARM_GCC_493\Debug\ADC_SingleEndedMode01.a(UART_1_IntClock.o)
 .debug_abbrev  0x00000b78      0x217 .\ARM_GCC_493\Debug\ADC_SingleEndedMode01.a(CyLib.o)
 .debug_abbrev  0x00000d8f      0x161 .\ARM_GCC_493\Debug\ADC_SingleEndedMode01.a(cyPm.o)
 .debug_abbrev  0x00000ef0       0x14 .\ARM_GCC_493\Debug\ADC_SingleEndedMode01.a(CyBootAsmGnu.o)
 .debug_abbrev  0x00000f04      0x13c .\ARM_GCC_493\Debug\ADC_SingleEndedMode01.a(CyFlash.o)
 .debug_abbrev  0x00001040      0x16c .\ARM_GCC_493\Debug\ADC_SingleEndedMode01.a(CySpc.o)

.debug_line     0x00000000     0x230d
 *(.debug_line)
 .debug_line    0x00000000      0x154 .\ARM_GCC_493\Debug\main.o
 .debug_line    0x00000154       0x51 .\ARM_GCC_493\Debug\cymetadata.o
 .debug_line    0x000001a5      0x1d6 .\ARM_GCC_493\Debug\Cm3Start.o
 .debug_line    0x0000037b      0x244 .\ARM_GCC_493\Debug\ADC_SingleEndedMode01.a(cyfitter_cfg.o)
 .debug_line    0x000005bf      0x368 .\ARM_GCC_493\Debug\ADC_SingleEndedMode01.a(ADC_DelSig_1.o)
 .debug_line    0x00000927       0x95 .\ARM_GCC_493\Debug\ADC_SingleEndedMode01.a(ADC_DelSig_1_INT.o)
 .debug_line    0x000009bc      0x2e4 .\ARM_GCC_493\Debug\ADC_SingleEndedMode01.a(UART_1.o)
 .debug_line    0x00000ca0       0xa6 .\ARM_GCC_493\Debug\ADC_SingleEndedMode01.a(ADC_DelSig_1_AMux.o)
 .debug_line    0x00000d46      0x1b2 .\ARM_GCC_493\Debug\ADC_SingleEndedMode01.a(ADC_DelSig_1_Ext_CP_Clk.o)
 .debug_line    0x00000ef8      0x1d3 .\ARM_GCC_493\Debug\ADC_SingleEndedMode01.a(ADC_DelSig_1_theACLK.o)
 .debug_line    0x000010cb      0x1aa .\ARM_GCC_493\Debug\ADC_SingleEndedMode01.a(UART_1_IntClock.o)
 .debug_line    0x00001275      0x882 .\ARM_GCC_493\Debug\ADC_SingleEndedMode01.a(CyLib.o)
 .debug_line    0x00001af7      0x37f .\ARM_GCC_493\Debug\ADC_SingleEndedMode01.a(cyPm.o)
 .debug_line    0x00001e76       0x7d .\ARM_GCC_493\Debug\ADC_SingleEndedMode01.a(CyBootAsmGnu.o)
 .debug_line    0x00001ef3      0x205 .\ARM_GCC_493\Debug\ADC_SingleEndedMode01.a(CyFlash.o)
 .debug_line    0x000020f8      0x215 .\ARM_GCC_493\Debug\ADC_SingleEndedMode01.a(CySpc.o)

.debug_frame    0x00000000     0x2778
 *(.debug_frame)
 .debug_frame   0x00000000       0x38 .\ARM_GCC_493\Debug\main.o
 .debug_frame   0x00000038       0xd8 .\ARM_GCC_493\Debug\Cm3Start.o
 .debug_frame   0x00000110      0x1bc .\ARM_GCC_493\Debug\ADC_SingleEndedMode01.a(cyfitter_cfg.o)
 .debug_frame   0x000002cc      0x40c .\ARM_GCC_493\Debug\ADC_SingleEndedMode01.a(ADC_DelSig_1.o)
 .debug_frame   0x000006d8       0xa0 .\ARM_GCC_493\Debug\ADC_SingleEndedMode01.a(ADC_DelSig_1_INT.o)
 .debug_frame   0x00000778      0x42c .\ARM_GCC_493\Debug\ADC_SingleEndedMode01.a(UART_1.o)
 .debug_frame   0x00000ba4       0x88 .\ARM_GCC_493\Debug\ADC_SingleEndedMode01.a(ADC_DelSig_1_AMux.o)
 .debug_frame   0x00000c2c      0x1b4 .\ARM_GCC_493\Debug\ADC_SingleEndedMode01.a(ADC_DelSig_1_Ext_CP_Clk.o)
 .debug_frame   0x00000de0      0x200 .\ARM_GCC_493\Debug\ADC_SingleEndedMode01.a(ADC_DelSig_1_theACLK.o)
 .debug_frame   0x00000fe0      0x1b4 .\ARM_GCC_493\Debug\ADC_SingleEndedMode01.a(UART_1_IntClock.o)
 .debug_frame   0x00001194      0xc0c .\ARM_GCC_493\Debug\ADC_SingleEndedMode01.a(CyLib.o)
 .debug_frame   0x00001da0      0x234 .\ARM_GCC_493\Debug\ADC_SingleEndedMode01.a(cyPm.o)
 .debug_frame   0x00001fd4      0x210 .\ARM_GCC_493\Debug\ADC_SingleEndedMode01.a(CyFlash.o)
 .debug_frame   0x000021e4      0x1f8 .\ARM_GCC_493\Debug\ADC_SingleEndedMode01.a(CySpc.o)
 .debug_frame   0x000023dc       0x20 c:/program files/cypress/psoc creator/4.0/psoc creator/import/gnu/arm/4.9.3/bin/../lib/gcc/arm-none-eabi/4.9.3/../../../../arm-none-eabi/lib/armv7-m\libg_nano.a(lib_a-errno.o)
 .debug_frame   0x000023fc       0x28 c:/program files/cypress/psoc creator/4.0/psoc creator/import/gnu/arm/4.9.3/bin/../lib/gcc/arm-none-eabi/4.9.3/../../../../arm-none-eabi/lib/armv7-m\libg_nano.a(lib_a-exit.o)
 .debug_frame   0x00002424       0x2c c:/program files/cypress/psoc creator/4.0/psoc creator/import/gnu/arm/4.9.3/bin/../lib/gcc/arm-none-eabi/4.9.3/../../../../arm-none-eabi/lib/armv7-m\libg_nano.a(lib_a-init.o)
 .debug_frame   0x00002450       0x28 c:/program files/cypress/psoc creator/4.0/psoc creator/import/gnu/arm/4.9.3/bin/../lib/gcc/arm-none-eabi/4.9.3/../../../../arm-none-eabi/lib/armv7-m\libg_nano.a(lib_a-memcpy.o)
 .debug_frame   0x00002478       0x20 c:/program files/cypress/psoc creator/4.0/psoc creator/import/gnu/arm/4.9.3/bin/../lib/gcc/arm-none-eabi/4.9.3/../../../../arm-none-eabi/lib/armv7-m\libg_nano.a(lib_a-memset.o)
 .debug_frame   0x00002498       0x70 c:/program files/cypress/psoc creator/4.0/psoc creator/import/gnu/arm/4.9.3/bin/../lib/gcc/arm-none-eabi/4.9.3/../../../../arm-none-eabi/lib/armv7-m\libg_nano.a(lib_a-sprintf.o)
 .debug_frame   0x00002508       0x8c c:/program files/cypress/psoc creator/4.0/psoc creator/import/gnu/arm/4.9.3/bin/../lib/gcc/arm-none-eabi/4.9.3/../../../../arm-none-eabi/lib/armv7-m\libg_nano.a(lib_a-nano-svfprintf.o)
 .debug_frame   0x00002594       0x58 c:/program files/cypress/psoc creator/4.0/psoc creator/import/gnu/arm/4.9.3/bin/../lib/gcc/arm-none-eabi/4.9.3/../../../../arm-none-eabi/lib/armv7-m\libg_nano.a(lib_a-nano-vfprintf_i.o)
 .debug_frame   0x000025ec       0x28 c:/program files/cypress/psoc creator/4.0/psoc creator/import/gnu/arm/4.9.3/bin/../lib/gcc/arm-none-eabi/4.9.3/../../../../arm-none-eabi/lib/armv7-m\libg_nano.a(lib_a-memchr.o)
 .debug_frame   0x00002614       0x28 c:/program files/cypress/psoc creator/4.0/psoc creator/import/gnu/arm/4.9.3/bin/../lib/gcc/arm-none-eabi/4.9.3/../../../../arm-none-eabi/lib/armv7-m\libg_nano.a(lib_a-memmove.o)
 .debug_frame   0x0000263c       0x2c c:/program files/cypress/psoc creator/4.0/psoc creator/import/gnu/arm/4.9.3/bin/../lib/gcc/arm-none-eabi/4.9.3/../../../../arm-none-eabi/lib/armv7-m\libg_nano.a(lib_a-nano-freer.o)
 .debug_frame   0x00002668       0x2c c:/program files/cypress/psoc creator/4.0/psoc creator/import/gnu/arm/4.9.3/bin/../lib/gcc/arm-none-eabi/4.9.3/../../../../arm-none-eabi/lib/armv7-m\libg_nano.a(lib_a-nano-mallocr.o)
 .debug_frame   0x00002694       0x3c c:/program files/cypress/psoc creator/4.0/psoc creator/import/gnu/arm/4.9.3/bin/../lib/gcc/arm-none-eabi/4.9.3/../../../../arm-none-eabi/lib/armv7-m\libg_nano.a(lib_a-nano-reallocr.o)
 .debug_frame   0x000026d0       0x2c c:/program files/cypress/psoc creator/4.0/psoc creator/import/gnu/arm/4.9.3/bin/../lib/gcc/arm-none-eabi/4.9.3/../../../../arm-none-eabi/lib/armv7-m\libg_nano.a(lib_a-sbrkr.o)
 .debug_frame   0x000026fc       0x20 c:/program files/cypress/psoc creator/4.0/psoc creator/import/gnu/arm/4.9.3/bin/../lib/gcc/arm-none-eabi/4.9.3/../../../../arm-none-eabi/lib/armv7-m\libg_nano.a(lib_a-nano-msizer.o)
 .debug_frame   0x0000271c       0x5c c:/program files/cypress/psoc creator/4.0/psoc creator/import/gnu/arm/4.9.3/bin/../lib/gcc/arm-none-eabi/4.9.3/../../../../arm-none-eabi/lib/armv7-m\libg_nano.a(lib_a-reent.o)

.debug_str      0x00000000     0x2085
 *(.debug_str)
 .debug_str     0x00000000      0x179 .\ARM_GCC_493\Debug\main.o
                                0x1c1 (size before relaxing)
 .debug_str     0x00000179       0x7b .\ARM_GCC_493\Debug\cymetadata.o
                                0x1e9 (size before relaxing)
 .debug_str     0x000001f4      0x13c .\ARM_GCC_493\Debug\Cm3Start.o
                                0x2ca (size before relaxing)
 .debug_str     0x00000330      0x201 .\ARM_GCC_493\Debug\ADC_SingleEndedMode01.a(cyfitter_cfg.o)
                                0x39b (size before relaxing)
 .debug_str     0x00000531      0x43e .\ARM_GCC_493\Debug\ADC_SingleEndedMode01.a(ADC_DelSig_1.o)
                                0x616 (size before relaxing)
 .debug_str     0x0000096f       0x72 .\ARM_GCC_493\Debug\ADC_SingleEndedMode01.a(ADC_DelSig_1_INT.o)
                                0x1e0 (size before relaxing)
 .debug_str     0x000009e1      0x29a .\ARM_GCC_493\Debug\ADC_SingleEndedMode01.a(UART_1.o)
                                0x44e (size before relaxing)
 .debug_str     0x00000c7b       0x9c .\ARM_GCC_493\Debug\ADC_SingleEndedMode01.a(ADC_DelSig_1_AMux.o)
                                0x20f (size before relaxing)
 .debug_str     0x00000d17      0x220 .\ARM_GCC_493\Debug\ADC_SingleEndedMode01.a(ADC_DelSig_1_Ext_CP_Clk.o)
                                0x3ad (size before relaxing)
 .debug_str     0x00000f37      0x208 .\ARM_GCC_493\Debug\ADC_SingleEndedMode01.a(ADC_DelSig_1_theACLK.o)
                                0x3de (size before relaxing)
 .debug_str     0x0000113f      0x177 .\ARM_GCC_493\Debug\ADC_SingleEndedMode01.a(UART_1_IntClock.o)
                                0x34d (size before relaxing)
 .debug_str     0x000012b6      0x806 .\ARM_GCC_493\Debug\ADC_SingleEndedMode01.a(CyLib.o)
                                0x9dd (size before relaxing)
 .debug_str     0x00001abc      0x365 .\ARM_GCC_493\Debug\ADC_SingleEndedMode01.a(cyPm.o)
                                0x52a (size before relaxing)
 .debug_str     0x00001e21      0x145 .\ARM_GCC_493\Debug\ADC_SingleEndedMode01.a(CyFlash.o)
                                0x2e9 (size before relaxing)
 .debug_str     0x00001f66      0x11f .\ARM_GCC_493\Debug\ADC_SingleEndedMode01.a(CySpc.o)
                                0x2e6 (size before relaxing)

.debug_loc
 *(.debug_loc)

.debug_macinfo
 *(.debug_macinfo)

.debug_ranges   0x00000000      0x7c8
 *(.debug_ranges)
 .debug_ranges  0x00000000       0x10 .\ARM_GCC_493\Debug\main.o
 .debug_ranges  0x00000010       0x38 .\ARM_GCC_493\Debug\Cm3Start.o
 .debug_ranges  0x00000048       0x60 .\ARM_GCC_493\Debug\ADC_SingleEndedMode01.a(cyfitter_cfg.o)
 .debug_ranges  0x000000a8       0xd8 .\ARM_GCC_493\Debug\ADC_SingleEndedMode01.a(ADC_DelSig_1.o)
 .debug_ranges  0x00000180       0x28 .\ARM_GCC_493\Debug\ADC_SingleEndedMode01.a(ADC_DelSig_1_INT.o)
 .debug_ranges  0x000001a8       0xe0 .\ARM_GCC_493\Debug\ADC_SingleEndedMode01.a(UART_1.o)
 .debug_ranges  0x00000288       0x20 .\ARM_GCC_493\Debug\ADC_SingleEndedMode01.a(ADC_DelSig_1_AMux.o)
 .debug_ranges  0x000002a8       0x60 .\ARM_GCC_493\Debug\ADC_SingleEndedMode01.a(ADC_DelSig_1_Ext_CP_Clk.o)
 .debug_ranges  0x00000308       0x70 .\ARM_GCC_493\Debug\ADC_SingleEndedMode01.a(ADC_DelSig_1_theACLK.o)
 .debug_ranges  0x00000378       0x60 .\ARM_GCC_493\Debug\ADC_SingleEndedMode01.a(UART_1_IntClock.o)
 .debug_ranges  0x000003d8      0x290 .\ARM_GCC_493\Debug\ADC_SingleEndedMode01.a(CyLib.o)
 .debug_ranges  0x00000668       0x88 .\ARM_GCC_493\Debug\ADC_SingleEndedMode01.a(cyPm.o)
 .debug_ranges  0x000006f0       0x70 .\ARM_GCC_493\Debug\ADC_SingleEndedMode01.a(CyFlash.o)
 .debug_ranges  0x00000760       0x68 .\ARM_GCC_493\Debug\ADC_SingleEndedMode01.a(CySpc.o)

.comment        0x00000000       0x70
 .comment       0x00000000       0x70 .\ARM_GCC_493\Debug\main.o
                                 0x71 (size before relaxing)
 .comment       0x00000000       0x71 .\ARM_GCC_493\Debug\cymetadata.o
 .comment       0x00000000       0x71 .\ARM_GCC_493\Debug\Cm3Start.o
 .comment       0x00000000       0x71 .\ARM_GCC_493\Debug\ADC_SingleEndedMode01.a(cyfitter_cfg.o)
 .comment       0x00000000       0x71 .\ARM_GCC_493\Debug\ADC_SingleEndedMode01.a(ADC_DelSig_1.o)
 .comment       0x00000000       0x71 .\ARM_GCC_493\Debug\ADC_SingleEndedMode01.a(ADC_DelSig_1_INT.o)
 .comment       0x00000000       0x71 .\ARM_GCC_493\Debug\ADC_SingleEndedMode01.a(UART_1.o)
 .comment       0x00000000       0x71 .\ARM_GCC_493\Debug\ADC_SingleEndedMode01.a(ADC_DelSig_1_AMux.o)
 .comment       0x00000000       0x71 .\ARM_GCC_493\Debug\ADC_SingleEndedMode01.a(ADC_DelSig_1_Ext_CP_Clk.o)
 .comment       0x00000000       0x71 .\ARM_GCC_493\Debug\ADC_SingleEndedMode01.a(ADC_DelSig_1_theACLK.o)
 .comment       0x00000000       0x71 .\ARM_GCC_493\Debug\ADC_SingleEndedMode01.a(UART_1_IntClock.o)
 .comment       0x00000000       0x71 .\ARM_GCC_493\Debug\ADC_SingleEndedMode01.a(CyLib.o)
 .comment       0x00000000       0x71 .\ARM_GCC_493\Debug\ADC_SingleEndedMode01.a(cyPm.o)
 .comment       0x00000000       0x71 .\ARM_GCC_493\Debug\ADC_SingleEndedMode01.a(CyFlash.o)
 .comment       0x00000000       0x71 .\ARM_GCC_493\Debug\ADC_SingleEndedMode01.a(CySpc.o)

.debug_weaknames
 *(.debug_weaknames)

.debug_funcnames
 *(.debug_funcnames)

.debug_typenames
 *(.debug_typenames)

.debug_varnames
 *(.debug_varnames)

.note.gnu.arm.ident
 *(.note.gnu.arm.ident)

.ARM.attributes
                0x00000000       0x29
 *(.ARM.attributes)
 .ARM.attributes
                0x00000000       0x1d c:/program files/cypress/psoc creator/4.0/psoc creator/import/gnu/arm/4.9.3/bin/../lib/gcc/arm-none-eabi/4.9.3/armv7-m/crti.o
 .ARM.attributes
                0x0000001d       0x2d c:/program files/cypress/psoc creator/4.0/psoc creator/import/gnu/arm/4.9.3/bin/../lib/gcc/arm-none-eabi/4.9.3/armv7-m/crtbegin.o
 .ARM.attributes
                0x0000004a       0x1b c:/program files/cypress/psoc creator/4.0/psoc creator/import/gnu/arm/4.9.3/bin/../lib/gcc/arm-none-eabi/4.9.3/../../../../arm-none-eabi/lib/armv7-m/crt0.o
 .ARM.attributes
                0x00000065       0x33 .\ARM_GCC_493\Debug\main.o
 .ARM.attributes
                0x00000098       0x33 .\ARM_GCC_493\Debug\cymetadata.o
 .ARM.attributes
                0x000000cb       0x33 .\ARM_GCC_493\Debug\Cm3Start.o
 .ARM.attributes
                0x000000fe       0x33 .\ARM_GCC_493\Debug\ADC_SingleEndedMode01.a(cyfitter_cfg.o)
 .ARM.attributes
                0x00000131       0x33 .\ARM_GCC_493\Debug\ADC_SingleEndedMode01.a(ADC_DelSig_1.o)
 .ARM.attributes
                0x00000164       0x33 .\ARM_GCC_493\Debug\ADC_SingleEndedMode01.a(ADC_DelSig_1_INT.o)
 .ARM.attributes
                0x00000197       0x33 .\ARM_GCC_493\Debug\ADC_SingleEndedMode01.a(UART_1.o)
 .ARM.attributes
                0x000001ca       0x33 .\ARM_GCC_493\Debug\ADC_SingleEndedMode01.a(ADC_DelSig_1_AMux.o)
 .ARM.attributes
                0x000001fd       0x33 .\ARM_GCC_493\Debug\ADC_SingleEndedMode01.a(ADC_DelSig_1_Ext_CP_Clk.o)
 .ARM.attributes
                0x00000230       0x33 .\ARM_GCC_493\Debug\ADC_SingleEndedMode01.a(ADC_DelSig_1_theACLK.o)
 .ARM.attributes
                0x00000263       0x33 .\ARM_GCC_493\Debug\ADC_SingleEndedMode01.a(UART_1_IntClock.o)
 .ARM.attributes
                0x00000296       0x33 .\ARM_GCC_493\Debug\ADC_SingleEndedMode01.a(CyLib.o)
 .ARM.attributes
                0x000002c9       0x33 .\ARM_GCC_493\Debug\ADC_SingleEndedMode01.a(cyPm.o)
 .ARM.attributes
                0x000002fc       0x21 .\ARM_GCC_493\Debug\ADC_SingleEndedMode01.a(CyBootAsmGnu.o)
 .ARM.attributes
                0x0000031d       0x33 .\ARM_GCC_493\Debug\ADC_SingleEndedMode01.a(CyFlash.o)
 .ARM.attributes
                0x00000350       0x33 .\ARM_GCC_493\Debug\ADC_SingleEndedMode01.a(CySpc.o)
 .ARM.attributes
                0x00000383       0x1d c:/program files/cypress/psoc creator/4.0/psoc creator/import/gnu/arm/4.9.3/bin/../lib/gcc/arm-none-eabi/4.9.3/armv7-m\libgcc.a(_arm_addsubdf3.o)
 .ARM.attributes
                0x000003a0       0x1d c:/program files/cypress/psoc creator/4.0/psoc creator/import/gnu/arm/4.9.3/bin/../lib/gcc/arm-none-eabi/4.9.3/armv7-m\libgcc.a(_arm_cmpdf2.o)
 .ARM.attributes
                0x000003bd       0x1d c:/program files/cypress/psoc creator/4.0/psoc creator/import/gnu/arm/4.9.3/bin/../lib/gcc/arm-none-eabi/4.9.3/armv7-m\libgcc.a(_arm_addsubsf3.o)
 .ARM.attributes
                0x000003da       0x1d c:/program files/cypress/psoc creator/4.0/psoc creator/import/gnu/arm/4.9.3/bin/../lib/gcc/arm-none-eabi/4.9.3/armv7-m\libgcc.a(_arm_muldivsf3.o)
 .ARM.attributes
                0x000003f7       0x1d c:/program files/cypress/psoc creator/4.0/psoc creator/import/gnu/arm/4.9.3/bin/../lib/gcc/arm-none-eabi/4.9.3/armv7-m\libgcc.a(_arm_cmpsf2.o)
 .ARM.attributes
                0x00000414       0x1d c:/program files/cypress/psoc creator/4.0/psoc creator/import/gnu/arm/4.9.3/bin/../lib/gcc/arm-none-eabi/4.9.3/armv7-m\libgcc.a(_arm_fixunssfsi.o)
 .ARM.attributes
                0x00000431       0x2d c:/program files/cypress/psoc creator/4.0/psoc creator/import/gnu/arm/4.9.3/bin/../lib/gcc/arm-none-eabi/4.9.3/../../../../arm-none-eabi/lib/armv7-m\libg_nano.a(lib_a-errno.o)
 .ARM.attributes
                0x0000045e       0x2d c:/program files/cypress/psoc creator/4.0/psoc creator/import/gnu/arm/4.9.3/bin/../lib/gcc/arm-none-eabi/4.9.3/../../../../arm-none-eabi/lib/armv7-m\libg_nano.a(lib_a-exit.o)
 .ARM.attributes
                0x0000048b       0x2d c:/program files/cypress/psoc creator/4.0/psoc creator/import/gnu/arm/4.9.3/bin/../lib/gcc/arm-none-eabi/4.9.3/../../../../arm-none-eabi/lib/armv7-m\libg_nano.a(lib_a-impure.o)
 .ARM.attributes
                0x000004b8       0x2d c:/program files/cypress/psoc creator/4.0/psoc creator/import/gnu/arm/4.9.3/bin/../lib/gcc/arm-none-eabi/4.9.3/../../../../arm-none-eabi/lib/armv7-m\libg_nano.a(lib_a-init.o)
 .ARM.attributes
                0x000004e5       0x2d c:/program files/cypress/psoc creator/4.0/psoc creator/import/gnu/arm/4.9.3/bin/../lib/gcc/arm-none-eabi/4.9.3/../../../../arm-none-eabi/lib/armv7-m\libg_nano.a(lib_a-memcpy.o)
 .ARM.attributes
                0x00000512       0x2d c:/program files/cypress/psoc creator/4.0/psoc creator/import/gnu/arm/4.9.3/bin/../lib/gcc/arm-none-eabi/4.9.3/../../../../arm-none-eabi/lib/armv7-m\libg_nano.a(lib_a-memset.o)
 .ARM.attributes
                0x0000053f       0x2d c:/program files/cypress/psoc creator/4.0/psoc creator/import/gnu/arm/4.9.3/bin/../lib/gcc/arm-none-eabi/4.9.3/../../../../arm-none-eabi/lib/armv7-m\libg_nano.a(lib_a-sprintf.o)
 .ARM.attributes
                0x0000056c       0x2d c:/program files/cypress/psoc creator/4.0/psoc creator/import/gnu/arm/4.9.3/bin/../lib/gcc/arm-none-eabi/4.9.3/../../../../arm-none-eabi/lib/armv7-m\libg_nano.a(lib_a-nano-svfprintf.o)
 .ARM.attributes
                0x00000599       0x2d c:/program files/cypress/psoc creator/4.0/psoc creator/import/gnu/arm/4.9.3/bin/../lib/gcc/arm-none-eabi/4.9.3/../../../../arm-none-eabi/lib/armv7-m\libg_nano.a(lib_a-nano-vfprintf_i.o)
 .ARM.attributes
                0x000005c6       0x2d c:/program files/cypress/psoc creator/4.0/psoc creator/import/gnu/arm/4.9.3/bin/../lib/gcc/arm-none-eabi/4.9.3/../../../../arm-none-eabi/lib/armv7-m\libg_nano.a(lib_a-memchr.o)
 .ARM.attributes
                0x000005f3       0x2d c:/program files/cypress/psoc creator/4.0/psoc creator/import/gnu/arm/4.9.3/bin/../lib/gcc/arm-none-eabi/4.9.3/../../../../arm-none-eabi/lib/armv7-m\libg_nano.a(lib_a-memmove.o)
 .ARM.attributes
                0x00000620       0x2d c:/program files/cypress/psoc creator/4.0/psoc creator/import/gnu/arm/4.9.3/bin/../lib/gcc/arm-none-eabi/4.9.3/../../../../arm-none-eabi/lib/armv7-m\libg_nano.a(lib_a-nano-freer.o)
 .ARM.attributes
                0x0000064d       0x2d c:/program files/cypress/psoc creator/4.0/psoc creator/import/gnu/arm/4.9.3/bin/../lib/gcc/arm-none-eabi/4.9.3/../../../../arm-none-eabi/lib/armv7-m\libg_nano.a(lib_a-nano-mallocr.o)
 .ARM.attributes
                0x0000067a       0x2d c:/program files/cypress/psoc creator/4.0/psoc creator/import/gnu/arm/4.9.3/bin/../lib/gcc/arm-none-eabi/4.9.3/../../../../arm-none-eabi/lib/armv7-m\libg_nano.a(lib_a-nano-reallocr.o)
 .ARM.attributes
                0x000006a7       0x2d c:/program files/cypress/psoc creator/4.0/psoc creator/import/gnu/arm/4.9.3/bin/../lib/gcc/arm-none-eabi/4.9.3/../../../../arm-none-eabi/lib/armv7-m\libg_nano.a(lib_a-sbrkr.o)
 .ARM.attributes
                0x000006d4       0x2d c:/program files/cypress/psoc creator/4.0/psoc creator/import/gnu/arm/4.9.3/bin/../lib/gcc/arm-none-eabi/4.9.3/../../../../arm-none-eabi/lib/armv7-m\libg_nano.a(lib_a-nano-msizer.o)
 .ARM.attributes
                0x00000701       0x2d c:/program files/cypress/psoc creator/4.0/psoc creator/import/gnu/arm/4.9.3/bin/../lib/gcc/arm-none-eabi/4.9.3/../../../../arm-none-eabi/lib/armv7-m\libg_nano.a(lib_a-reent.o)
 .ARM.attributes
                0x0000072e       0x2d c:/program files/cypress/psoc creator/4.0/psoc creator/import/gnu/arm/4.9.3/bin/../lib/gcc/arm-none-eabi/4.9.3/armv7-m/crtend.o
 .ARM.attributes
                0x0000075b       0x1d c:/program files/cypress/psoc creator/4.0/psoc creator/import/gnu/arm/4.9.3/bin/../lib/gcc/arm-none-eabi/4.9.3/armv7-m/crtn.o

/DISCARD/
 *(.note.GNU-stack)
OUTPUT(.\ARM_GCC_493\Debug\ADC_SingleEndedMode01.elf elf32-littlearm)
