Archive member included because of file (symbol)

.\CortexM3\ARM_GCC_484\Debug\Design12.a(cyfitter_cfg.o)
                              .\CortexM3\ARM_GCC_484\Debug\Cm3Start.o (cyfitter_cfg)
.\CortexM3\ARM_GCC_484\Debug\Design12.a(CyBootAsmGnu.o)
                              .\CortexM3\ARM_GCC_484\Debug\Design12.a(cyfitter_cfg.o) (CyDelayCycles)
.\CortexM3\ARM_GCC_484\Debug\Design12.a(CyLib.o)
                              .\CortexM3\ARM_GCC_484\Debug\Cm3Start.o (CyHalt)
.\CortexM3\ARM_GCC_484\Debug\Design12.a(cyPm.o)
                              .\CortexM3\ARM_GCC_484\Debug\Design12.a(CyLib.o) (CyPmReadStatus)
.\CortexM3\ARM_GCC_484\Debug\Design12.a(ADC.o)
                              .\CortexM3\ARM_GCC_484\Debug\main.o (ADC_Start)
.\CortexM3\ARM_GCC_484\Debug\Design12.a(ADC_INT.o)
                              .\CortexM3\ARM_GCC_484\Debug\Design12.a(ADC.o) (ADC_ISR)
.\CortexM3\ARM_GCC_484\Debug\Design12.a(Pin_2.o)
                              .\CortexM3\ARM_GCC_484\Debug\main.o (Pin_2_Write)
.\CortexM3\ARM_GCC_484\Debug\Design12.a(UART_1.o)
                              .\CortexM3\ARM_GCC_484\Debug\main.o (UART_1_Start)
.\CortexM3\ARM_GCC_484\Debug\Design12.a(ADC_theACLK.o)
                              .\CortexM3\ARM_GCC_484\Debug\Design12.a(ADC.o) (ADC_theACLK_SetModeRegister)
.\CortexM3\ARM_GCC_484\Debug\Design12.a(UART_1_IntClock.o)
                              .\CortexM3\ARM_GCC_484\Debug\Design12.a(UART_1.o) (UART_1_IntClock_Start)
.\CortexM3\ARM_GCC_484\Debug\Design12.a(CyFlash.o)
                              .\CortexM3\ARM_GCC_484\Debug\Design12.a(cyPm.o) (CyFlash_SetWaitCycles)
.\CortexM3\ARM_GCC_484\Debug\Design12.a(CySpc.o)
                              .\CortexM3\ARM_GCC_484\Debug\Design12.a(CyFlash.o) (CySpcStart)
c:/program files (x86)/cypress/psoc creator/3.2/psoc creator/import/gnu/arm/4.8.4/bin/../lib/gcc/arm-none-eabi/4.8.4/armv7-m\libgcc.a(_arm_addsubdf3.o)
                              .\CortexM3\ARM_GCC_484\Debug\main.o (__aeabi_f2d)
c:/program files (x86)/cypress/psoc creator/3.2/psoc creator/import/gnu/arm/4.8.4/bin/../lib/gcc/arm-none-eabi/4.8.4/armv7-m\libgcc.a(_arm_cmpdf2.o)
                              .\CortexM3\ARM_GCC_484\Debug\main.o (__aeabi_dcmpge)
c:/program files (x86)/cypress/psoc creator/3.2/psoc creator/import/gnu/arm/4.8.4/bin/../lib/gcc/arm-none-eabi/4.8.4/armv7-m\libgcc.a(_arm_addsubsf3.o)
                              .\CortexM3\ARM_GCC_484\Debug\Design12.a(ADC.o) (__aeabi_i2f)
c:/program files (x86)/cypress/psoc creator/3.2/psoc creator/import/gnu/arm/4.8.4/bin/../lib/gcc/arm-none-eabi/4.8.4/armv7-m\libgcc.a(_arm_muldivsf3.o)
                              .\CortexM3\ARM_GCC_484\Debug\Design12.a(ADC.o) (__aeabi_fmul)
c:/program files (x86)/cypress/psoc creator/3.2/psoc creator/import/gnu/arm/4.8.4/bin/../lib/gcc/arm-none-eabi/4.8.4/armv7-m\libgcc.a(_aeabi_ldivmod.o)
                              .\CortexM3\ARM_GCC_484\Debug\Design12.a(ADC.o) (__aeabi_ldivmod)
c:/program files (x86)/cypress/psoc creator/3.2/psoc creator/import/gnu/arm/4.8.4/bin/../lib/gcc/arm-none-eabi/4.8.4/armv7-m\libgcc.a(bpabi.o)
                              c:/program files (x86)/cypress/psoc creator/3.2/psoc creator/import/gnu/arm/4.8.4/bin/../lib/gcc/arm-none-eabi/4.8.4/armv7-m\libgcc.a(_aeabi_ldivmod.o) (__gnu_ldivmod_helper)
c:/program files (x86)/cypress/psoc creator/3.2/psoc creator/import/gnu/arm/4.8.4/bin/../lib/gcc/arm-none-eabi/4.8.4/armv7-m\libgcc.a(_dvmd_tls.o)
                              c:/program files (x86)/cypress/psoc creator/3.2/psoc creator/import/gnu/arm/4.8.4/bin/../lib/gcc/arm-none-eabi/4.8.4/armv7-m\libgcc.a(_aeabi_ldivmod.o) (__aeabi_ldiv0)
c:/program files (x86)/cypress/psoc creator/3.2/psoc creator/import/gnu/arm/4.8.4/bin/../lib/gcc/arm-none-eabi/4.8.4/armv7-m\libgcc.a(_divdi3.o)
                              c:/program files (x86)/cypress/psoc creator/3.2/psoc creator/import/gnu/arm/4.8.4/bin/../lib/gcc/arm-none-eabi/4.8.4/armv7-m\libgcc.a(bpabi.o) (__divdi3)
c:/program files (x86)/cypress/psoc creator/3.2/psoc creator/import/gnu/arm/4.8.4/bin/../lib/gcc/arm-none-eabi/4.8.4/armv7-m\libgcc.a(_udivdi3.o)
                              c:/program files (x86)/cypress/psoc creator/3.2/psoc creator/import/gnu/arm/4.8.4/bin/../lib/gcc/arm-none-eabi/4.8.4/armv7-m\libgcc.a(bpabi.o) (__udivdi3)
c:/program files (x86)/cypress/psoc creator/3.2/psoc creator/import/gnu/arm/4.8.4/bin/../lib/gcc/arm-none-eabi/4.8.4/../../../../arm-none-eabi/lib/armv7-m\libg.a(lib_a-errno.o)
                              .\CortexM3\ARM_GCC_484\Debug\Cm3Start.o (__errno)
c:/program files (x86)/cypress/psoc creator/3.2/psoc creator/import/gnu/arm/4.8.4/bin/../lib/gcc/arm-none-eabi/4.8.4/../../../../arm-none-eabi/lib/armv7-m\libg.a(lib_a-exit.o)
                              c:/program files (x86)/cypress/psoc creator/3.2/psoc creator/import/gnu/arm/4.8.4/bin/../lib/gcc/arm-none-eabi/4.8.4/../../../../arm-none-eabi/lib/armv7-m/crt0.o (exit)
[...]
Memory Configuration

Name             Origin             Length             Attributes
rom              0x00000000         0x00040000         xr
ram              0x1fff8000         0x00010000         xrw
*default*        0x00000000         0xffffffff

Linker script and memory map

LOAD c:/program files (x86)/cypress/psoc creator/3.2/psoc creator/import/gnu/arm/4.8.4/bin/../lib/gcc/arm-none-eabi/4.8.4/armv7-m/crti.o
LOAD c:/program files (x86)/cypress/psoc creator/3.2/psoc creator/import/gnu/arm/4.8.4/bin/../lib/gcc/arm-none-eabi/4.8.4/armv7-m/crtbegin.o
LOAD c:/program files (x86)/cypress/psoc creator/3.2/psoc creator/import/gnu/arm/4.8.4/bin/../lib/gcc/arm-none-eabi/4.8.4/../../../../arm-none-eabi/lib/armv7-m/crt0.o
START GROUP
LOAD .\CortexM3\ARM_GCC_484\Debug\main.o
LOAD .\CortexM3\ARM_GCC_484\Debug\cymetadata.o
LOAD .\CortexM3\ARM_GCC_484\Debug\Cm3Start.o
LOAD .\CortexM3\ARM_GCC_484\Debug\Design12.a
LOAD C:\Program Files (x86)\Cypress\PSoC Creator\3.2\PSoC Creator\psoc\content\cycomponentlibrary\CyComponentLibrary.cylib\CortexM3\ARM_GCC_484\Debug\CyComponentLibrary.a
END GROUP
START GROUP
LOAD c:/program files (x86)/cypress/psoc creator/3.2/psoc creator/import/gnu/arm/4.8.4/bin/../lib/gcc/arm-none-eabi/4.8.4/armv7-m\libgcc.a
LOAD c:/program files (x86)/cypress/psoc creator/3.2/psoc creator/import/gnu/arm/4.8.4/bin/../lib/gcc/arm-none-eabi/4.8.4/../../../../arm-none-eabi/lib/armv7-m\libg.a
LOAD c:/program files (x86)/cypress/psoc creator/3.2/psoc creator/import/gnu/arm/4.8.4/bin/../lib/gcc/arm-none-eabi/4.8.4/../../../../arm-none-eabi/lib/armv7-m\libc.a
END GROUP
LOAD c:/program files (x86)/cypress/psoc creator/3.2/psoc creator/import/gnu/arm/4.8.4/bin/../lib/gcc/arm-none-eabi/4.8.4/armv7-m/crtend.o
LOAD c:/program files (x86)/cypress/psoc creator/3.2/psoc creator/import/gnu/arm/4.8.4/bin/../lib/gcc/arm-none-eabi/4.8.4/armv7-m/crtn.o
START GROUP
LOAD c:/program files (x86)/cypress/psoc creator/3.2/psoc creator/import/gnu/arm/4.8.4/bin/../lib/gcc/arm-none-eabi/4.8.4/armv7-m\libgcc.a
LOAD c:/program files (x86)/cypress/psoc creator/3.2/psoc creator/import/gnu/arm/4.8.4/bin/../lib/gcc/arm-none-eabi/4.8.4/../../../../arm-none-eabi/lib/armv7-m\libc.a
LOAD c:/program files (x86)/cypress/psoc creator/3.2/psoc creator/import/gnu/arm/4.8.4/bin/../lib/gcc/arm-none-eabi/4.8.4/../../../../arm-none-eabi/lib/armv7-m\libnosys.a
END GROUP
                0x00000000                CY_APPL_ORIGIN = 0x0
                0x00000100                CY_FLASH_ROW_SIZE = 0x100
                0x00000020                CY_ECC_ROW_SIZE = 0x20
                0x00000000                CY_EE_IN_BTLDR = 0x0
                0x00000000                CY_APPL_LOADABLE = 0x0
                0x00000800                CY_EE_SIZE = 0x800
                0x00000001                CY_APPL_NUM = 0x1
                0x00000001                CY_APPL_MAX = 0x1
                0x00000040                CY_METADATA_SIZE = 0x40
                0x1fff8a08                PROVIDE (__cy_heap_start, _end)
                0x00000001                PROVIDE (__cy_region_num, ((__cy_regions_end - __cy_regions) / 0x10))
                0x20008000                PROVIDE (__cy_stack, (ORIGIN (ram) + 0x10000))
                0x20004000                PROVIDE (__cy_heap_end, (__cy_stack - 0x4000))

.cybootloader   0x00000000        0x0
 *(.cybootloader)
                0x00000000                appl1_start = CY_APPL_ORIGIN?CY_APPL_ORIGIN:ALIGN (CY_FLASH_ROW_SIZE)
                0x0001ff00                appl2_start = (appl1_start + ALIGN ((((0x40000 - appl1_start) - (0x2 * CY_FLASH_ROW_SIZE)) / 0x2), CY_FLASH_ROW_SIZE))
                0x00000000                appl_start = (CY_APPL_NUM == 0x1)?appl1_start:appl2_start
                0x00000000                ecc_offset = ((appl_start / CY_FLASH_ROW_SIZE) * CY_ECC_ROW_SIZE)
                0x00000000                ee_offset = (CY_APPL_LOADABLE && ! (CY_EE_IN_BTLDR))?((CY_EE_SIZE / CY_APPL_MAX) * (CY_APPL_NUM - 0x1)):0x0
                0x00000800                ee_size = (CY_APPL_LOADABLE && ! (CY_EE_IN_BTLDR))?(CY_EE_SIZE / CY_APPL_MAX):CY_EE_SIZE
                0x00000000                PROVIDE (CY_ECC_OFFSET, ecc_offset)

.text           0x00000000     0x580c
 CREATE_OBJECT_SYMBOLS
                0x00000000                PROVIDE (__cy_interrupt_vector, RomVectors)
 *(.romvectors)
 .romvectors    0x00000000       0x10 .\CortexM3\ARM_GCC_484\Debug\Cm3Start.o
                0x00000000                RomVectors
                0x00000001                ASSERT ((. != __cy_interrupt_vector), No interrupt vector)
                0x00000001                ASSERT (CY_APPL_ORIGIN?(SIZEOF (.cybootloader) <= CY_APPL_ORIGIN):0x1, Wrong image location)
                0x00000010                PROVIDE (__cy_reset, Reset)
 *(.text.Reset)
 .text.Reset    0x00000010       0x18 .\CortexM3\ARM_GCC_484\Debug\Cm3Start.o
                0x00000010                Reset
                0x00000001                ASSERT ((. != __cy_reset), No reset code)
 *(.dma_init)
                0x00000001                ASSERT ((((appl_start + .) <= 0x10000) || 0x1), DMA Init must be within the first 64k of flash)
 *(.text .text.* .gnu.linkonce.t.*)
 .text          0x00000028       0x54 c:/program files (x86)/cypress/psoc creator/3.2/psoc creator/import/gnu/arm/4.8.4/bin/../lib/gcc/arm-none-eabi/4.8.4/armv7-m/crtbegin.o
 *fill*         0x0000007c        0x4 
 .text.main     0x00000080       0x88 .\CortexM3\ARM_GCC_484\Debug\main.o
                0x00000080                main
 .text.IntDefaultHandler
                0x00000108        0x4 .\CortexM3\ARM_GCC_484\Debug\Cm3Start.o
                0x00000108                IntDefaultHandler
 .text._sbrk    0x0000010c       0x30 .\CortexM3\ARM_GCC_484\Debug\Cm3Start.o
                0x0000010c                _sbrk
 .text.Start_c  0x0000013c       0x4c .\CortexM3\ARM_GCC_484\Debug\Cm3Start.o
                0x0000013c                Start_c
 .text.initialize_psoc
                0x00000188       0x70 .\CortexM3\ARM_GCC_484\Debug\Cm3Start.o
                0x00000188                initialize_psoc
 .text.CyClockStartupError
                0x000001f8        0x4 .\CortexM3\ARM_GCC_484\Debug\Design12.a(cyfitter_cfg.o)
 .text.cfg_write_bytes32
                0x000001fc       0x34 .\CortexM3\ARM_GCC_484\Debug\Design12.a(cyfitter_cfg.o)
 .text.AnalogSetDefault
                0x00000230       0x70 .\CortexM3\ARM_GCC_484\Debug\Design12.a(cyfitter_cfg.o)
 .text.CYMEMZERO
                0x000002a0        0xc .\CortexM3\ARM_GCC_484\Debug\Design12.a(cyfitter_cfg.o)
 .text.ClockSetup
                0x000002ac       0xc8 .\CortexM3\ARM_GCC_484\Debug\Design12.a(cyfitter_cfg.o)
 .text.CYCONFIGCPY
                0x00000374        0x8 .\CortexM3\ARM_GCC_484\Debug\Design12.a(cyfitter_cfg.o)
 .text.cyfitter_cfg
                0x0000037c      0x110 .\CortexM3\ARM_GCC_484\Debug\Design12.a(cyfitter_cfg.o)
                0x0000037c                cyfitter_cfg
 *fill*         0x0000048c        0x4 
 .text          0x00000490       0x28 .\CortexM3\ARM_GCC_484\Debug\Design12.a(CyBootAsmGnu.o)
                0x00000490                CyDelayCycles
                0x000004a4                CyEnterCriticalSection
                0x000004ac                CyExitCriticalSection
 .text.CyHalt   0x000004b8        0x4 .\CortexM3\ARM_GCC_484\Debug\Design12.a(CyLib.o)
                0x000004b8                CyHalt
 .text.CyDelay  0x000004bc       0x2c .\CortexM3\ARM_GCC_484\Debug\Design12.a(CyLib.o)
                0x000004bc                CyDelay
 .text.CyDelayUs
                0x000004e8       0x14 .\CortexM3\ARM_GCC_484\Debug\Design12.a(CyLib.o)
                0x000004e8                CyDelayUs
 .text.CyIntSetVector
                0x000004fc       0x28 .\CortexM3\ARM_GCC_484\Debug\Design12.a(CyLib.o)
                0x000004fc                CyIntSetVector
 .text.CyIntSetPriority
                0x00000524       0x30 .\CortexM3\ARM_GCC_484\Debug\Design12.a(CyLib.o)
                0x00000524                CyIntSetPriority
 .text.ADC_CalcGain
                0x00000554       0x5c .\CortexM3\ARM_GCC_484\Debug\Design12.a(ADC.o)
 .text.ADC_Enable
                0x000005b0       0x90 .\CortexM3\ARM_GCC_484\Debug\Design12.a(ADC.o)
                0x000005b0                ADC_Enable
 .text.ADC_SetResolution
                0x00000640       0x38 .\CortexM3\ARM_GCC_484\Debug\Design12.a(ADC.o)
                0x00000640                ADC_SetResolution
 .text.ADC_Init
                0x00000678       0x3c .\CortexM3\ARM_GCC_484\Debug\Design12.a(ADC.o)
                0x00000678                ADC_Init
 .text.ADC_Start
                0x000006b4       0x1c .\CortexM3\ARM_GCC_484\Debug\Design12.a(ADC.o)
                0x000006b4                ADC_Start
 .text.ADC_StartConvert
                0x000006d0       0x10 .\CortexM3\ARM_GCC_484\Debug\Design12.a(ADC.o)
                0x000006d0                ADC_StartConvert
 .text.ADC_GetResult16
                0x000006e0       0x18 .\CortexM3\ARM_GCC_484\Debug\Design12.a(ADC.o)
                0x000006e0                ADC_GetResult16
 .text.ADC_CountsTo_Volts
                0x000006f8       0x50 .\CortexM3\ARM_GCC_484\Debug\Design12.a(ADC.o)
                0x000006f8                ADC_CountsTo_Volts
 .text.ADC_ISR  0x00000748        0x4 .\CortexM3\ARM_GCC_484\Debug\Design12.a(ADC_INT.o)
                0x00000748                ADC_ISR
 .text.Pin_2_Write
                0x0000074c       0x18 .\CortexM3\ARM_GCC_484\Debug\Design12.a(Pin_2.o)
                0x0000074c                Pin_2_Write
 .text.UART_1_Init
                0x00000764       0x24 .\CortexM3\ARM_GCC_484\Debug\Design12.a(UART_1.o)
                0x00000764                UART_1_Init
 .text.UART_1_Enable
                0x00000788       0x38 .\CortexM3\ARM_GCC_484\Debug\Design12.a(UART_1.o)
                0x00000788                UART_1_Enable
 .text.UART_1_Start
                0x000007c0       0x1c .\CortexM3\ARM_GCC_484\Debug\Design12.a(UART_1.o)
                0x000007c0                UART_1_Start
 .text.UART_1_PutChar
                0x000007dc       0x18 .\CortexM3\ARM_GCC_484\Debug\Design12.a(UART_1.o)
                0x000007dc                UART_1_PutChar
 .text.UART_1_PutString
                0x000007f4       0x24 .\CortexM3\ARM_GCC_484\Debug\Design12.a(UART_1.o)
                0x000007f4                UART_1_PutString
 .text.ADC_theACLK_SetModeRegister
                0x00000818       0x14 .\CortexM3\ARM_GCC_484\Debug\Design12.a(ADC_theACLK.o)
                0x00000818                ADC_theACLK_SetModeRegister
 .text.UART_1_IntClock_Start
                0x0000082c       0x1c .\CortexM3\ARM_GCC_484\Debug\Design12.a(UART_1_IntClock.o)
                0x0000082c                UART_1_IntClock_Start
 .text          0x00000848      0x370 c:/program files (x86)/cypress/psoc creator/3.2/psoc creator/import/gnu/arm/4.8.4/bin/../lib/gcc/arm-none-eabi/4.8.4/armv7-m\libgcc.a(_arm_addsubdf3.o)
                0x00000848                __aeabi_drsub
                0x00000850                __aeabi_dsub
                0x00000850                __subdf3
                0x00000854                __aeabi_dadd
                0x00000854                __adddf3
                0x00000acc                __floatunsidf
                0x00000acc                __aeabi_ui2d
                0x00000aec                __floatsidf
                0x00000aec                __aeabi_i2d
                0x00000b10                __aeabi_f2d
                0x00000b10                __extendsfdf2
                0x00000b4c                __floatundidf
                0x00000b4c                __aeabi_ul2d
                0x00000b5c                __floatdidf
                0x00000b5c                __aeabi_l2d
 .text          0x00000bb8      0x110 c:/program files (x86)/cypress/psoc creator/3.2/psoc creator/import/gnu/arm/4.8.4/bin/../lib/gcc/arm-none-eabi/4.8.4/armv7-m\libgcc.a(_arm_cmpdf2.o)
                0x00000bb8                __gtdf2
                0x00000bb8                __gedf2
                0x00000bc0                __ltdf2
                0x00000bc0                __ledf2
                0x00000bc8                __nedf2
                0x00000bc8                __eqdf2
                0x00000bc8                __cmpdf2
                0x00000c44                __aeabi_cdrcmple
                0x00000c54                __aeabi_cdcmpeq
                0x00000c54                __aeabi_cdcmple
                0x00000c64                __aeabi_dcmpeq
                0x00000c78                __aeabi_dcmplt
                0x00000c8c                __aeabi_dcmple
                0x00000ca0                __aeabi_dcmpge
                0x00000cb4                __aeabi_dcmpgt
 .text          0x00000cc8      0x21c c:/program files (x86)/cypress/psoc creator/3.2/psoc creator/import/gnu/arm/4.8.4/bin/../lib/gcc/arm-none-eabi/4.8.4/armv7-m\libgcc.a(_arm_addsubsf3.o)
                0x00000cc8                __aeabi_frsub
                0x00000cd0                __subsf3
                0x00000cd0                __aeabi_fsub
                0x00000cd4                __aeabi_fadd
                0x00000cd4                __addsf3
                0x00000e34                __aeabi_ui2f
                0x00000e34                __floatunsisf
                0x00000e3c                __aeabi_i2f
                0x00000e3c                __floatsisf
                0x00000e58                __aeabi_ul2f
                0x00000e58                __floatundisf
                0x00000e68                __aeabi_l2f
                0x00000e68                __floatdisf
 .text          0x00000ee4      0x2a0 c:/program files (x86)/cypress/psoc creator/3.2/psoc creator/import/gnu/arm/4.8.4/bin/../lib/gcc/arm-none-eabi/4.8.4/armv7-m\libgcc.a(_arm_muldivsf3.o)
                0x00000ee4                __mulsf3
                0x00000ee4                __aeabi_fmul
                0x0000104c                __aeabi_fdiv
                0x0000104c                __divsf3
 .text          0x00001184       0x60 c:/program files (x86)/cypress/psoc creator/3.2/psoc creator/import/gnu/arm/4.8.4/bin/../lib/gcc/arm-none-eabi/4.8.4/armv7-m\libgcc.a(bpabi.o)
                0x00001184                __gnu_ldivmod_helper
                0x000011b4                __gnu_uldivmod_helper
 .text          0x000011e4        0x4 c:/program files (x86)/cypress/psoc creator/3.2/psoc creator/import/gnu/arm/4.8.4/bin/../lib/gcc/arm-none-eabi/4.8.4/armv7-m\libgcc.a(_dvmd_tls.o)
                0x000011e4                __aeabi_idiv0
                0x000011e4                __aeabi_ldiv0
 .text          0x000011e8      0x2a0 c:/program files (x86)/cypress/psoc creator/3.2/psoc creator/import/gnu/arm/4.8.4/bin/../lib/gcc/arm-none-eabi/4.8.4/armv7-m\libgcc.a(_divdi3.o)
                0x000011e8                __divdi3
 .text          0x00001488      0x290 c:/program files (x86)/cypress/psoc creator/3.2/psoc creator/import/gnu/arm/4.8.4/bin/../lib/gcc/arm-none-eabi/4.8.4/armv7-m\libgcc.a(_udivdi3.o)
                0x00001488                __udivdi3
 .text.__errno  0x00001718        0xc c:/program files (x86)/cypress/psoc creator/3.2/psoc creator/import/gnu/arm/4.8.4/bin/../lib/gcc/arm-none-eabi/4.8.4/../../../../arm-none-eabi/lib/armv7-m\libg.a(lib_a-errno.o)
                0x00001718                __errno
 .text.__libc_init_array
                0x00001724       0x50 c:/program files (x86)/cypress/psoc creator/3.2/psoc creator/import/gnu/arm/4.8.4/bin/../lib/gcc/arm-none-eabi/4.8.4/../../../../arm-none-eabi/lib/armv7-m\libg.a(lib_a-init.o)
                0x00001724                __libc_init_array
 .text          0x00001774       0xec c:/program files (x86)/cypress/psoc creator/3.2/psoc creator/import/gnu/arm/4.8.4/bin/../lib/gcc/arm-none-eabi/4.8.4/../../../../arm-none-eabi/lib/armv7-m\libg.a(lib_a-memcpy.o)
                0x00001774                memcpy
 .text.memset   0x00001860       0x94 c:/program files (x86)/cypress/psoc creator/3.2/psoc creator/import/gnu/arm/4.8.4/bin/../lib/gcc/arm-none-eabi/4.8.4/../../../../arm-none-eabi/lib/armv7-m\libg.a(lib_a-memset.o)
                0x00001860                memset
 .text.sprintf  0x000018f4       0x4c c:/program files (x86)/cypress/psoc creator/3.2/psoc creator/import/gnu/arm/4.8.4/bin/../lib/gcc/arm-none-eabi/4.8.4/../../../../arm-none-eabi/lib/armv7-m\libg.a(lib_a-sprintf.o)
                0x000018f4                sprintf
 .text._svfprintf_r
                0x00001940     0x14e0 c:/program files (x86)/cypress/psoc creator/3.2/psoc creator/import/gnu/arm/4.8.4/bin/../lib/gcc/arm-none-eabi/4.8.4/../../../../arm-none-eabi/lib/armv7-m\libg.a(lib_a-svfprintf.o)
                0x00001940                _svfprintf_r
 .text.startup.register_fini
                0x00002e20       0x14 c:/program files (x86)/cypress/psoc creator/3.2/psoc creator/import/gnu/arm/4.8.4/bin/../lib/gcc/arm-none-eabi/4.8.4/../../../../arm-none-eabi/lib/armv7-m\libg.a(lib_a-__call_atexit.o)
 .text.atexit   0x00002e34        0xc c:/program files (x86)/cypress/psoc creator/3.2/psoc creator/import/gnu/arm/4.8.4/bin/../lib/gcc/arm-none-eabi/4.8.4/../../../../arm-none-eabi/lib/armv7-m\libg.a(lib_a-atexit.o)
                0x00002e34                atexit
 .text.quorem   0x00002e40      0x134 c:/program files (x86)/cypress/psoc creator/3.2/psoc creator/import/gnu/arm/4.8.4/bin/../lib/gcc/arm-none-eabi/4.8.4/../../../../arm-none-eabi/lib/armv7-m\libg.a(lib_a-dtoa.o)
 *fill*         0x00002f74        0x4 
 .text._dtoa_r  0x00002f78      0xe38 c:/program files (x86)/cypress/psoc creator/3.2/psoc creator/import/gnu/arm/4.8.4/bin/../lib/gcc/arm-none-eabi/4.8.4/../../../../arm-none-eabi/lib/armv7-m\libg.a(lib_a-dtoa.o)
                0x00002f78                _dtoa_r
 .text.__libc_fini_array
                0x00003db0       0x30 c:/program files (x86)/cypress/psoc creator/3.2/psoc creator/import/gnu/arm/4.8.4/bin/../lib/gcc/arm-none-eabi/4.8.4/../../../../arm-none-eabi/lib/armv7-m\libg.a(lib_a-fini.o)
                0x00003db0                __libc_fini_array
 .text._localeconv_r
                0x00003de0        0x8 c:/program files (x86)/cypress/psoc creator/3.2/psoc creator/import/gnu/arm/4.8.4/bin/../lib/gcc/arm-none-eabi/4.8.4/../../../../arm-none-eabi/lib/armv7-m\libg.a(lib_a-locale.o)
                0x00003de0                _localeconv_r
 .text._malloc_r
                0x00003de8      0x538 c:/program files (x86)/cypress/psoc creator/3.2/psoc creator/import/gnu/arm/4.8.4/bin/../lib/gcc/arm-none-eabi/4.8.4/../../../../arm-none-eabi/lib/armv7-m\libg.a(lib_a-mallocr.o)
                0x00003de8                _malloc_r
 .text.memchr   0x00004320       0x94 c:/program files (x86)/cypress/psoc creator/3.2/psoc creator/import/gnu/arm/4.8.4/bin/../lib/gcc/arm-none-eabi/4.8.4/../../../../arm-none-eabi/lib/armv7-m\libg.a(lib_a-memchr-stub.o)
                0x00004320                memchr
 .text.__malloc_lock
                0x000043b4        0x4 c:/program files (x86)/cypress/psoc creator/3.2/psoc creator/import/gnu/arm/4.8.4/bin/../lib/gcc/arm-none-eabi/4.8.4/../../../../arm-none-eabi/lib/armv7-m\libg.a(lib_a-mlock.o)
                0x000043b4                __malloc_lock
 .text.__malloc_unlock
                0x000043b8        0x4 c:/program files (x86)/cypress/psoc creator/3.2/psoc creator/import/gnu/arm/4.8.4/bin/../lib/gcc/arm-none-eabi/4.8.4/../../../../arm-none-eabi/lib/armv7-m\libg.a(lib_a-mlock.o)
                0x000043b8                __malloc_unlock
 .text._Balloc  0x000043bc       0x4c c:/program files (x86)/cypress/psoc creator/3.2/psoc creator/import/gnu/arm/4.8.4/bin/../lib/gcc/arm-none-eabi/4.8.4/../../../../arm-none-eabi/lib/armv7-m\libg.a(lib_a-mprec.o)
                0x000043bc                _Balloc
 .text._Bfree   0x00004408       0x14 c:/program files (x86)/cypress/psoc creator/3.2/psoc creator/import/gnu/arm/4.8.4/bin/../lib/gcc/arm-none-eabi/4.8.4/../../../../arm-none-eabi/lib/armv7-m\libg.a(lib_a-mprec.o)
                0x00004408                _Bfree
 .text.__multadd
                0x0000441c       0x94 c:/program files (x86)/cypress/psoc creator/3.2/psoc creator/import/gnu/arm/4.8.4/bin/../lib/gcc/arm-none-eabi/4.8.4/../../../../arm-none-eabi/lib/armv7-m\libg.a(lib_a-mprec.o)
                0x0000441c                __multadd
 .text.__hi0bits
                0x000044b0       0x40 c:/program files (x86)/cypress/psoc creator/3.2/psoc creator/import/gnu/arm/4.8.4/bin/../lib/gcc/arm-none-eabi/4.8.4/../../../../arm-none-eabi/lib/armv7-m\libg.a(lib_a-mprec.o)
                0x000044b0                __hi0bits
 .text.__lo0bits
                0x000044f0       0x5c c:/program files (x86)/cypress/psoc creator/3.2/psoc creator/import/gnu/arm/4.8.4/bin/../lib/gcc/arm-none-eabi/4.8.4/../../../../arm-none-eabi/lib/armv7-m\libg.a(lib_a-mprec.o)
                0x000044f0                __lo0bits
 .text.__i2b    0x0000454c       0x14 c:/program files (x86)/cypress/psoc creator/3.2/psoc creator/import/gnu/arm/4.8.4/bin/../lib/gcc/arm-none-eabi/4.8.4/../../../../arm-none-eabi/lib/armv7-m\libg.a(lib_a-mprec.o)
                0x0000454c                __i2b
 .text.__multiply
                0x00004560      0x13c c:/program files (x86)/cypress/psoc creator/3.2/psoc creator/import/gnu/arm/4.8.4/bin/../lib/gcc/arm-none-eabi/4.8.4/../../../../arm-none-eabi/lib/armv7-m\libg.a(lib_a-mprec.o)
                0x00004560                __multiply
 .text.__pow5mult
                0x0000469c       0x9c c:/program files (x86)/cypress/psoc creator/3.2/psoc creator/import/gnu/arm/4.8.4/bin/../lib/gcc/arm-none-eabi/4.8.4/../../../../arm-none-eabi/lib/armv7-m\libg.a(lib_a-mprec.o)
                0x0000469c                __pow5mult
 .text.__lshift
                0x00004738       0xbc c:/program files (x86)/cypress/psoc creator/3.2/psoc creator/import/gnu/arm/4.8.4/bin/../lib/gcc/arm-none-eabi/4.8.4/../../../../arm-none-eabi/lib/armv7-m\libg.a(lib_a-mprec.o)
                0x00004738                __lshift
 .text.__mcmp   0x000047f4       0x48 c:/program files (x86)/cypress/psoc creator/3.2/psoc creator/import/gnu/arm/4.8.4/bin/../lib/gcc/arm-none-eabi/4.8.4/../../../../arm-none-eabi/lib/armv7-m\libg.a(lib_a-mprec.o)
                0x000047f4                __mcmp
 .text.__mdiff  0x0000483c       0xd8 c:/program files (x86)/cypress/psoc creator/3.2/psoc creator/import/gnu/arm/4.8.4/bin/../lib/gcc/arm-none-eabi/4.8.4/../../../../arm-none-eabi/lib/armv7-m\libg.a(lib_a-mprec.o)
                0x0000483c                __mdiff
 .text.__d2b    0x00004914       0xbc c:/program files (x86)/cypress/psoc creator/3.2/psoc creator/import/gnu/arm/4.8.4/bin/../lib/gcc/arm-none-eabi/4.8.4/../../../../arm-none-eabi/lib/armv7-m\libg.a(lib_a-mprec.o)
                0x00004914                __d2b
 .text.__fpclassifyd
                0x000049d0       0x50 c:/program files (x86)/cypress/psoc creator/3.2/psoc creator/import/gnu/arm/4.8.4/bin/../lib/gcc/arm-none-eabi/4.8.4/../../../../arm-none-eabi/lib/armv7-m\libg.a(lib_a-s_fpclassify.o)
                0x000049d0                __fpclassifyd
 .text._sbrk_r  0x00004a20       0x24 c:/program files (x86)/cypress/psoc creator/3.2/psoc creator/import/gnu/arm/4.8.4/bin/../lib/gcc/arm-none-eabi/4.8.4/../../../../arm-none-eabi/lib/armv7-m\libg.a(lib_a-sbrkr.o)
                0x00004a20                _sbrk_r
 .text.strlen   0x00004a44       0x60 c:/program files (x86)/cypress/psoc creator/3.2/psoc creator/import/gnu/arm/4.8.4/bin/../lib/gcc/arm-none-eabi/4.8.4/../../../../arm-none-eabi/lib/armv7-m\libg.a(lib_a-strlen.o)
                0x00004a44                strlen
 .text.__ssprint_r
                0x00004aa4      0x100 c:/program files (x86)/cypress/psoc creator/3.2/psoc creator/import/gnu/arm/4.8.4/bin/../lib/gcc/arm-none-eabi/4.8.4/../../../../arm-none-eabi/lib/armv7-m\libg.a(lib_a-svfiprintf.o)
                0x00004aa4                __ssprint_r
 .text.__register_exitproc
                0x00004ba4       0xa8 c:/program files (x86)/cypress/psoc creator/3.2/psoc creator/import/gnu/arm/4.8.4/bin/../lib/gcc/arm-none-eabi/4.8.4/../../../../arm-none-eabi/lib/armv7-m\libg.a(lib_a-__atexit.o)
                0x00004ba4                __register_exitproc
 .text._calloc_r
                0x00004c4c       0x60 c:/program files (x86)/cypress/psoc creator/3.2/psoc creator/import/gnu/arm/4.8.4/bin/../lib/gcc/arm-none-eabi/4.8.4/../../../../arm-none-eabi/lib/armv7-m\libg.a(lib_a-callocr.o)
                0x00004c4c                _calloc_r
 .text._malloc_trim_r
                0x00004cac       0x9c c:/program files (x86)/cypress/psoc creator/3.2/psoc creator/import/gnu/arm/4.8.4/bin/../lib/gcc/arm-none-eabi/4.8.4/../../../../arm-none-eabi/lib/armv7-m\libg.a(lib_a-freer.o)
                0x00004cac                _malloc_trim_r
 .text._free_r  0x00004d48      0x198 c:/program files (x86)/cypress/psoc creator/3.2/psoc creator/import/gnu/arm/4.8.4/bin/../lib/gcc/arm-none-eabi/4.8.4/../../../../arm-none-eabi/lib/armv7-m\libg.a(lib_a-freer.o)
                0x00004d48                _free_r
 .text.memmove  0x00004ee0       0xcc c:/program files (x86)/cypress/psoc creator/3.2/psoc creator/import/gnu/arm/4.8.4/bin/../lib/gcc/arm-none-eabi/4.8.4/../../../../arm-none-eabi/lib/armv7-m\libg.a(lib_a-memmove.o)
                0x00004ee0                memmove
 .text._realloc_r
                0x00004fac      0x3c0 c:/program files (x86)/cypress/psoc creator/3.2/psoc creator/import/gnu/arm/4.8.4/bin/../lib/gcc/arm-none-eabi/4.8.4/../../../../arm-none-eabi/lib/armv7-m\libg.a(lib_a-reallocr.o)
                0x00004fac                _realloc_r
 .text          0x0000536c      0x424 c:/program files (x86)/cypress/psoc creator/3.2/psoc creator/import/gnu/arm/4.8.4/bin/../lib/gcc/arm-none-eabi/4.8.4/armv7-m\libgcc.a(_arm_muldivdf3.o)
                0x0000536c                __aeabi_dmul
                0x0000536c                __muldf3
                0x000055c0                __divdf3
                0x000055c0                __aeabi_ddiv
 .text          0x00005790       0x50 c:/program files (x86)/cypress/psoc creator/3.2/psoc creator/import/gnu/arm/4.8.4/bin/../lib/gcc/arm-none-eabi/4.8.4/armv7-m\libgcc.a(_arm_fixdfsi.o)
                0x00005790                __aeabi_d2iz
                0x00005790                __fixdfsi
 .text          0x000057e0       0x2c c:/program files (x86)/cypress/psoc creator/3.2/psoc creator/import/gnu/arm/4.8.4/bin/../lib/gcc/arm-none-eabi/4.8.4/armv7-m\libgcc.a(_aeabi_uldivmod.o)
                0x000057e0                __aeabi_uldivmod
 *(.plt)
 *(.gnu.warning)
 *(.glue_7t)
 .glue_7t       0x00000000        0x0 linker stubs
 *(.glue_7)
 .glue_7        0x00000000        0x0 linker stubs
 *(.vfp11_veneer)
 .vfp11_veneer  0x00000000        0x0 linker stubs
 *(.bootloader)
 *(.ARM.extab* .gnu.linkonce.armextab.*)
 *(.gcc_except_table)

.v4_bx          0x0000580c        0x0
 .v4_bx         0x00000000        0x0 linker stubs

.iplt           0x0000580c        0x0
 .iplt          0x00000000        0x0 c:/program files (x86)/cypress/psoc creator/3.2/psoc creator/import/gnu/arm/4.8.4/bin/../lib/gcc/arm-none-eabi/4.8.4/armv7-m/crtbegin.o

.eh_frame_hdr
 *(.eh_frame_hdr)

.eh_frame       0x0000580c        0x4
 *(.eh_frame)
 .eh_frame      0x0000580c        0x0 c:/program files (x86)/cypress/psoc creator/3.2/psoc creator/import/gnu/arm/4.8.4/bin/../lib/gcc/arm-none-eabi/4.8.4/armv7-m/crtbegin.o
 .eh_frame      0x0000580c        0x4 c:/program files (x86)/cypress/psoc creator/3.2/psoc creator/import/gnu/arm/4.8.4/bin/../lib/gcc/arm-none-eabi/4.8.4/armv7-m/crtend.o
                0x00005810                PROVIDE (__exidx_start, .)

.ARM.exidx      0x00005810        0x8
 *(.ARM.exidx* .gnu.linkonce.armexidx.*)
 .ARM.exidx     0x00005810        0x8 c:/program files (x86)/cypress/psoc creator/3.2/psoc creator/import/gnu/arm/4.8.4/bin/../lib/gcc/arm-none-eabi/4.8.4/armv7-m\libgcc.a(_divdi3.o)
 .ARM.exidx     0x00005818        0x0 c:/program files (x86)/cypress/psoc creator/3.2/psoc creator/import/gnu/arm/4.8.4/bin/../lib/gcc/arm-none-eabi/4.8.4/armv7-m\libgcc.a(_udivdi3.o)
                                  0x8 (size before relaxing)
                0x00005818                __exidx_end = .

.rodata         0x00005818      0x208
 *(.rodata .rodata.* .gnu.linkonce.r.*)
 .rodata.str1.4
                0x00005818        0xb .\CortexM3\ARM_GCC_484\Debug\main.o
                                  0xc (size before relaxing)
 *fill*         0x00005823        0x1 
 .rodata        0x00005824       0x3c .\CortexM3\ARM_GCC_484\Debug\Design12.a(cyfitter_cfg.o)
 .rodata.str1.4
                0x00005860        0x2 c:/program files (x86)/cypress/psoc creator/3.2/psoc creator/import/gnu/arm/4.8.4/bin/../lib/gcc/arm-none-eabi/4.8.4/../../../../arm-none-eabi/lib/armv7-m\libg.a(lib_a-impure.o)
                                  0x4 (size before relaxing)
 *fill*         0x00005862        0x2 
 .rodata._global_impure_ptr
                0x00005864        0x4 c:/program files (x86)/cypress/psoc creator/3.2/psoc creator/import/gnu/arm/4.8.4/bin/../lib/gcc/arm-none-eabi/4.8.4/../../../../arm-none-eabi/lib/armv7-m\libg.a(lib_a-impure.o)
                0x00005864                _global_impure_ptr
 .rodata.zeroes.6763
                0x00005868       0x10 c:/program files (x86)/cypress/psoc creator/3.2/psoc creator/import/gnu/arm/4.8.4/bin/../lib/gcc/arm-none-eabi/4.8.4/../../../../arm-none-eabi/lib/armv7-m\libg.a(lib_a-svfprintf.o)
 .rodata.str1.4
                0x00005878       0x42 c:/program files (x86)/cypress/psoc creator/3.2/psoc creator/import/gnu/arm/4.8.4/bin/../lib/gcc/arm-none-eabi/4.8.4/../../../../arm-none-eabi/lib/armv7-m\libg.a(lib_a-svfprintf.o)
                                 0x44 (size before relaxing)
 *fill*         0x000058ba        0x2 
 .rodata.blanks.6762
                0x000058bc       0x10 c:/program files (x86)/cypress/psoc creator/3.2/psoc creator/import/gnu/arm/4.8.4/bin/../lib/gcc/arm-none-eabi/4.8.4/../../../../arm-none-eabi/lib/armv7-m\libg.a(lib_a-svfprintf.o)
 .rodata.str1.4
                0x000058cc       0x10 c:/program files (x86)/cypress/psoc creator/3.2/psoc creator/import/gnu/arm/4.8.4/bin/../lib/gcc/arm-none-eabi/4.8.4/../../../../arm-none-eabi/lib/armv7-m\libg.a(lib_a-dtoa.o)
                                 0x14 (size before relaxing)
 .rodata.str1.4
                0x000058dc        0xc c:/program files (x86)/cypress/psoc creator/3.2/psoc creator/import/gnu/arm/4.8.4/bin/../lib/gcc/arm-none-eabi/4.8.4/../../../../arm-none-eabi/lib/armv7-m\libg.a(lib_a-locale.o)
                                 0x14 (size before relaxing)
 .rodata.__mprec_tens
                0x000058e8       0xc8 c:/program files (x86)/cypress/psoc creator/3.2/psoc creator/import/gnu/arm/4.8.4/bin/../lib/gcc/arm-none-eabi/4.8.4/../../../../arm-none-eabi/lib/armv7-m\libg.a(lib_a-mprec.o)
                0x000058e8                __mprec_tens
 .rodata.__mprec_bigtens
                0x000059b0       0x28 c:/program files (x86)/cypress/psoc creator/3.2/psoc creator/import/gnu/arm/4.8.4/bin/../lib/gcc/arm-none-eabi/4.8.4/../../../../arm-none-eabi/lib/armv7-m\libg.a(lib_a-mprec.o)
                0x000059b0                __mprec_bigtens
 .rodata.p05.5269
                0x000059d8        0xc c:/program files (x86)/cypress/psoc creator/3.2/psoc creator/import/gnu/arm/4.8.4/bin/../lib/gcc/arm-none-eabi/4.8.4/../../../../arm-none-eabi/lib/armv7-m\libg.a(lib_a-mprec.o)
                0x000059e4                . = ALIGN (0x4)
 *(.init)
 .init          0x000059e4        0x4 c:/program files (x86)/cypress/psoc creator/3.2/psoc creator/import/gnu/arm/4.8.4/bin/../lib/gcc/arm-none-eabi/4.8.4/armv7-m/crti.o
                0x000059e4                _init
 .init          0x000059e8        0x8 c:/program files (x86)/cypress/psoc creator/3.2/psoc creator/import/gnu/arm/4.8.4/bin/../lib/gcc/arm-none-eabi/4.8.4/armv7-m/crtn.o
                0x000059f0                . = ALIGN (0x4)
                0x000059f0                __preinit_array_start = .
 *(.preinit_array)
                0x000059f0                __preinit_array_end = .
                0x000059f0                . = ALIGN (0x4)
                0x000059f0                __init_array_start = .
 *(SORT(.init_array.*))
 .init_array.00000
                0x000059f0        0x4 c:/program files (x86)/cypress/psoc creator/3.2/psoc creator/import/gnu/arm/4.8.4/bin/../lib/gcc/arm-none-eabi/4.8.4/../../../../arm-none-eabi/lib/armv7-m\libg.a(lib_a-__call_atexit.o)
 *(.init_array)
 .init_array    0x000059f4        0x4 c:/program files (x86)/cypress/psoc creator/3.2/psoc creator/import/gnu/arm/4.8.4/bin/../lib/gcc/arm-none-eabi/4.8.4/armv7-m/crtbegin.o
 .init_array    0x000059f8        0x4 .\CortexM3\ARM_GCC_484\Debug\Cm3Start.o
                0x000059fc                __init_array_end = .
                0x000059fc                . = ALIGN (0x4)
 *(.fini)
 .fini          0x000059fc        0x4 c:/program files (x86)/cypress/psoc creator/3.2/psoc creator/import/gnu/arm/4.8.4/bin/../lib/gcc/arm-none-eabi/4.8.4/armv7-m/crti.o
                0x000059fc                _fini
 .fini          0x00005a00        0x8 c:/program files (x86)/cypress/psoc creator/3.2/psoc creator/import/gnu/arm/4.8.4/bin/../lib/gcc/arm-none-eabi/4.8.4/armv7-m/crtn.o
                0x00005a08                . = ALIGN (0x4)
                0x00005a08                __fini_array_start = .
 *(.fini_array)
 .fini_array    0x00005a08        0x4 c:/program files (x86)/cypress/psoc creator/3.2/psoc creator/import/gnu/arm/4.8.4/bin/../lib/gcc/arm-none-eabi/4.8.4/armv7-m/crtbegin.o
 *(SORT(.fini_array.*))
                0x00005a0c                __fini_array_end = .
                0x00005a0c                . = ALIGN (0x4)
 *crtbegin.o(.ctors)
 *(EXCLUDE_FILE(*crtend.o) .ctors)
 *(SORT(.ctors.*))
 *crtend.o(.ctors)
                0x00005a0c                . = ALIGN (0x4)
 *crtbegin.o(.dtors)
 *(EXCLUDE_FILE(*crtend.o) .dtors)
 *(SORT(.dtors.*))
 *crtend.o(.dtors)
                0x00005a0c                . = ALIGN (0x4)
                0x00005a0c                __cy_regions = .
                0x00005a0c        0x4 LONG 0x5a20 __cy_region_init_ram
                0x00005a10        0x4 LONG 0x1fff8108 __cy_region_start_data
                0x00005a14        0x4 LONG 0x890 __cy_region_init_size_ram
                0x00005a18        0x4 LONG 0x70 __cy_region_zero_size_ram
                0x00005a1c                __cy_regions_end = .
                0x00005a20                . = ALIGN (0x8)
 *fill*         0x00005a1c        0x4 
                0x00005a20                _etext = .

.ramvectors     0x1fff8000      0x100
                0x1fff8000                __cy_region_start_ram = .
 *(.ramvectors)
 .ramvectors    0x1fff8000      0x100 .\CortexM3\ARM_GCC_484\Debug\Cm3Start.o
                0x1fff8000                CyRamVectors

.noinit         0x1fff8100        0x5
 *(.noinit)
 .noinit        0x1fff8100        0x4 .\CortexM3\ARM_GCC_484\Debug\Cm3Start.o
 .noinit        0x1fff8104        0x1 .\CortexM3\ARM_GCC_484\Debug\Design12.a(CyLib.o)
                0x1fff8104                CyResetStatus

.data           0x1fff8108      0x890 load address 0x00005a20
                0x1fff8108                __cy_region_start_data = .
 *(.jcr)
 .jcr           0x1fff8108        0x0 c:/program files (x86)/cypress/psoc creator/3.2/psoc creator/import/gnu/arm/4.8.4/bin/../lib/gcc/arm-none-eabi/4.8.4/armv7-m/crtbegin.o
 .jcr           0x1fff8108        0x4 c:/program files (x86)/cypress/psoc creator/3.2/psoc creator/import/gnu/arm/4.8.4/bin/../lib/gcc/arm-none-eabi/4.8.4/armv7-m/crtend.o
 *(.got.plt)
 *(.got)
 *(.shdata)
 *(.data .data.* .gnu.linkonce.d.*)
 .data          0x1fff810c        0x4 .\CortexM3\ARM_GCC_484\Debug\Cm3Start.o
 .data          0x1fff8110       0x10 .\CortexM3\ARM_GCC_484\Debug\Design12.a(CyLib.o)
                0x1fff8110                cydelay_32k_ms
                0x1fff8114                cydelay_freq_khz
                0x1fff8118                cydelay_freq_mhz
                0x1fff811c                cydelay_freq_hz
 .data.impure_data
                0x1fff8120      0x428 c:/program files (x86)/cypress/psoc creator/3.2/psoc creator/import/gnu/arm/4.8.4/bin/../lib/gcc/arm-none-eabi/4.8.4/../../../../arm-none-eabi/lib/armv7-m\libg.a(lib_a-impure.o)
 .data._impure_ptr
                0x1fff8548        0x4 c:/program files (x86)/cypress/psoc creator/3.2/psoc creator/import/gnu/arm/4.8.4/bin/../lib/gcc/arm-none-eabi/4.8.4/../../../../arm-none-eabi/lib/armv7-m\libg.a(lib_a-impure.o)
                0x1fff8548                _impure_ptr
 .data.lconv    0x1fff854c       0x38 c:/program files (x86)/cypress/psoc creator/3.2/psoc creator/import/gnu/arm/4.8.4/bin/../lib/gcc/arm-none-eabi/4.8.4/../../../../arm-none-eabi/lib/armv7-m\libg.a(lib_a-locale.o)
 .data.__malloc_av_
                0x1fff8584      0x408 c:/program files (x86)/cypress/psoc creator/3.2/psoc creator/import/gnu/arm/4.8.4/bin/../lib/gcc/arm-none-eabi/4.8.4/../../../../arm-none-eabi/lib/armv7-m\libg.a(lib_a-mallocr.o)
                0x1fff8584                __malloc_av_
 .data.__malloc_trim_threshold
                0x1fff898c        0x4 c:/program files (x86)/cypress/psoc creator/3.2/psoc creator/import/gnu/arm/4.8.4/bin/../lib/gcc/arm-none-eabi/4.8.4/../../../../arm-none-eabi/lib/armv7-m\libg.a(lib_a-mallocr.o)
                0x1fff898c                __malloc_trim_threshold
 .data.__malloc_sbrk_base
                0x1fff8990        0x4 c:/program files (x86)/cypress/psoc creator/3.2/psoc creator/import/gnu/arm/4.8.4/bin/../lib/gcc/arm-none-eabi/4.8.4/../../../../arm-none-eabi/lib/armv7-m\libg.a(lib_a-mallocr.o)
                0x1fff8990                __malloc_sbrk_base
                0x1fff8998                . = ALIGN (0x8)
 *fill*         0x1fff8994        0x4 
 *(.ram)
                0x1fff8998                _edata = .

.igot.plt       0x1fff8998        0x0 load address 0x000062b0
 .igot.plt      0x00000000        0x0 c:/program files (x86)/cypress/psoc creator/3.2/psoc creator/import/gnu/arm/4.8.4/bin/../lib/gcc/arm-none-eabi/4.8.4/armv7-m/crtbegin.o

.bss            0x1fff8998       0x70 load address 0x000062b0
                0x1fff8998                PROVIDE (__bss_start__, .)
 *(.shbss)
 *(.bss .bss.* .gnu.linkonce.b.*)
 .bss           0x1fff8998       0x1c c:/program files (x86)/cypress/psoc creator/3.2/psoc creator/import/gnu/arm/4.8.4/bin/../lib/gcc/arm-none-eabi/4.8.4/armv7-m/crtbegin.o
 .bss           0x1fff89b4        0x8 .\CortexM3\ARM_GCC_484\Debug\main.o
                0x1fff89b4                counts
                0x1fff89b8                voltage
 .bss           0x1fff89bc        0x1 .\CortexM3\ARM_GCC_484\Debug\Design12.a(ADC.o)
                0x1fff89bc                ADC_initVar
 .bss           0x1fff89bd        0x2 .\CortexM3\ARM_GCC_484\Debug\Design12.a(UART_1.o)
                0x1fff89bd                UART_1_initVar
 *fill*         0x1fff89bf        0x1 
 .bss.__malloc_max_total_mem
                0x1fff89c0        0x4 c:/program files (x86)/cypress/psoc creator/3.2/psoc creator/import/gnu/arm/4.8.4/bin/../lib/gcc/arm-none-eabi/4.8.4/../../../../arm-none-eabi/lib/armv7-m\libg.a(lib_a-mallocr.o)
                0x1fff89c0                __malloc_max_total_mem
 .bss.__malloc_max_sbrked_mem
                0x1fff89c4        0x4 c:/program files (x86)/cypress/psoc creator/3.2/psoc creator/import/gnu/arm/4.8.4/bin/../lib/gcc/arm-none-eabi/4.8.4/../../../../arm-none-eabi/lib/armv7-m\libg.a(lib_a-mallocr.o)
                0x1fff89c4                __malloc_max_sbrked_mem
 .bss.__malloc_top_pad
                0x1fff89c8        0x4 c:/program files (x86)/cypress/psoc creator/3.2/psoc creator/import/gnu/arm/4.8.4/bin/../lib/gcc/arm-none-eabi/4.8.4/../../../../arm-none-eabi/lib/armv7-m\libg.a(lib_a-mallocr.o)
                0x1fff89c8                __malloc_top_pad
 .bss.__malloc_current_mallinfo
                0x1fff89cc       0x28 c:/program files (x86)/cypress/psoc creator/3.2/psoc creator/import/gnu/arm/4.8.4/bin/../lib/gcc/arm-none-eabi/4.8.4/../../../../arm-none-eabi/lib/armv7-m\libg.a(lib_a-mallocr.o)
                0x1fff89cc                __malloc_current_mallinfo
 *(COMMON)
 COMMON         0x1fff89f4        0xa .\CortexM3\ARM_GCC_484\Debug\Design12.a(ADC.o)
                0x1fff89f4                ADC_countsPer10Volt
                0x1fff89f8                ADC_shift
                0x1fff89fa                ADC_countsPerVolt
                0x1fff89fc                ADC_offset
 *fill*         0x1fff89fe        0x2 
 COMMON         0x1fff8a00        0x4 c:/program files (x86)/cypress/psoc creator/3.2/psoc creator/import/gnu/arm/4.8.4/bin/../lib/gcc/arm-none-eabi/4.8.4/../../../../arm-none-eabi/lib/armv7-m\libg.a(lib_a-reent.o)
                0x1fff8a00                errno
                0x1fff8a08                . = ALIGN (0x8)
 *fill*         0x1fff8a04        0x4 
 *(.ram.b)
                0x1fff8a08                _end = .
                0x1fff8a08                __end = .
                0x1fff8a08                PROVIDE (end, .)
                0x1fff8a08                PROVIDE (__bss_end__, .)
                0x00005a20                __cy_region_init_ram = LOADADDR (.data)
                0x00000890                __cy_region_init_size_ram = (_edata - ADDR (.data))
                0x00000070                __cy_region_zero_size_ram = (_end - _edata)

.heap           0x1fff8a08     0x1000 load address 0x000062b0
                0x1fff8a08                . = _end
                0x1fff9a08                . = (. + 0x1000)
 *fill*         0x1fff8a08     0x1000 
                0x1fff9a08                __cy_heap_limit = .

.stack          0x20004000     0x4000
                0x20004000                __cy_stack_limit = .
                0x20008000                . = (. + 0x4000)
 *fill*         0x20004000     0x4000 
                0x00000001                ASSERT ((__cy_stack_limit >= __cy_heap_limit), region RAM overflowed with stack)

.cyloadermeta
 *(.cyloadermeta)

.cyloadablemeta
 *(.cyloadablemeta)

.cyconfigecc    0x80000000      0x414
 *(.cyconfigecc)
 .cyconfigecc   0x80000000      0x414 .\CortexM3\ARM_GCC_484\Debug\cymetadata.o
                0x80000000                cy_meta_configecc

.cycustnvl      0x90000000        0x4
 *(.cycustnvl)
 .cycustnvl     0x90000000        0x4 .\CortexM3\ARM_GCC_484\Debug\cymetadata.o
                0x90000000                cy_meta_custnvl

.cywolatch      0x90100000        0x4
 *(.cywolatch)
 .cywolatch     0x90100000        0x4 .\CortexM3\ARM_GCC_484\Debug\cymetadata.o
                0x90100000                cy_meta_wonvl

.cyeeprom       0x90200000        0x0
 *(.cyeeprom)
                0x00000001                ASSERT ((. <= ((0x90200000 + ee_offset) + ee_size)), .cyeeprom data will not fit in EEPROM)

.cyflashprotect
                0x90400000      0x100
 *(.cyflashprotect)
 .cyflashprotect
                0x90400000      0x100 .\CortexM3\ARM_GCC_484\Debug\cymetadata.o
                0x90400000                cy_meta_flashprotect

.cymeta         0x90500000        0xc
 *(.cymeta)
 .cymeta        0x90500000        0xc .\CortexM3\ARM_GCC_484\Debug\cymetadata.o
                0x90500000                cy_metadata

.rel.dyn        0x000062b0        0x0 load address 0x9050000c
 .rel.iplt      0x00000000        0x0 c:/program files (x86)/cypress/psoc creator/3.2/psoc creator/import/gnu/arm/4.8.4/bin/../lib/gcc/arm-none-eabi/4.8.4/armv7-m/crtbegin.o

.stab
 *(.stab)

.stabstr
 *(.stabstr)

.debug
 *(.debug)

.line
 *(.line)

.debug_srcinfo
 *(.debug_srcinfo)

.debug_sfnames
 *(.debug_sfnames)

.debug_aranges  0x00000000      0x7f0
 *(.debug_aranges)
 .debug_aranges
                0x00000000       0x20 .\CortexM3\ARM_GCC_484\Debug\main.o
 .debug_aranges
                0x00000020       0x18 .\CortexM3\ARM_GCC_484\Debug\cymetadata.o
 .debug_aranges
                0x00000038       0x48 .\CortexM3\ARM_GCC_484\Debug\Cm3Start.o
 .debug_aranges
                0x00000080       0x58 .\CortexM3\ARM_GCC_484\Debug\Design12.a(cyfitter_cfg.o)
 .debug_aranges
                0x000000d8       0x20 .\CortexM3\ARM_GCC_484\Debug\Design12.a(CyBootAsmGnu.o)
 .debug_aranges
                0x000000f8      0x298 .\CortexM3\ARM_GCC_484\Debug\Design12.a(CyLib.o)
 .debug_aranges
                0x00000390       0x98 .\CortexM3\ARM_GCC_484\Debug\Design12.a(cyPm.o)
 .debug_aranges
                0x00000428       0xa8 .\CortexM3\ARM_GCC_484\Debug\Design12.a(ADC.o)
 .debug_aranges
                0x000004d0       0x20 .\CortexM3\ARM_GCC_484\Debug\Design12.a(ADC_INT.o)
 .debug_aranges
                0x000004f0       0x38 .\CortexM3\ARM_GCC_484\Debug\Design12.a(Pin_2.o)
 .debug_aranges
                0x00000528       0xf0 .\CortexM3\ARM_GCC_484\Debug\Design12.a(UART_1.o)
 .debug_aranges
                0x00000618       0x70 .\CortexM3\ARM_GCC_484\Debug\Design12.a(ADC_theACLK.o)
 .debug_aranges
                0x00000688       0x70 .\CortexM3\ARM_GCC_484\Debug\Design12.a(UART_1_IntClock.o)
 .debug_aranges
                0x000006f8       0x80 .\CortexM3\ARM_GCC_484\Debug\Design12.a(CyFlash.o)
 .debug_aranges
                0x00000778       0x78 .\CortexM3\ARM_GCC_484\Debug\Design12.a(CySpc.o)

.debug_pubnames
 *(.debug_pubnames)

.debug_info     0x00000000     0x492a
 *(.debug_info .gnu.linkonce.wi.*)
 .debug_info    0x00000000      0x2a5 .\CortexM3\ARM_GCC_484\Debug\main.o
 .debug_info    0x000002a5      0x13a .\CortexM3\ARM_GCC_484\Debug\cymetadata.o
 .debug_info    0x000003df      0x39f .\CortexM3\ARM_GCC_484\Debug\Cm3Start.o
 .debug_info    0x0000077e      0x5ae .\CortexM3\ARM_GCC_484\Debug\Design12.a(cyfitter_cfg.o)
 .debug_info    0x00000d2c       0x91 .\CortexM3\ARM_GCC_484\Debug\Design12.a(CyBootAsmGnu.o)
 .debug_info    0x00000dbd     0x1373 .\CortexM3\ARM_GCC_484\Debug\Design12.a(CyLib.o)
 .debug_info    0x00002130      0xa56 .\CortexM3\ARM_GCC_484\Debug\Design12.a(cyPm.o)
 .debug_info    0x00002b86      0x5f4 .\CortexM3\ARM_GCC_484\Debug\Design12.a(ADC.o)
 .debug_info    0x0000317a       0x92 .\CortexM3\ARM_GCC_484\Debug\Design12.a(ADC_INT.o)
 .debug_info    0x0000320c      0x120 .\CortexM3\ARM_GCC_484\Debug\Design12.a(Pin_2.o)
 .debug_info    0x0000332c      0x600 .\CortexM3\ARM_GCC_484\Debug\Design12.a(UART_1.o)
 .debug_info    0x0000392c      0x283 .\CortexM3\ARM_GCC_484\Debug\Design12.a(ADC_theACLK.o)
 .debug_info    0x00003baf      0x283 .\CortexM3\ARM_GCC_484\Debug\Design12.a(UART_1_IntClock.o)
 .debug_info    0x00003e32      0x60a .\CortexM3\ARM_GCC_484\Debug\Design12.a(CyFlash.o)
 .debug_info    0x0000443c      0x4ee .\CortexM3\ARM_GCC_484\Debug\Design12.a(CySpc.o)

.debug_abbrev   0x00000000     0x1533
 *(.debug_abbrev)
 .debug_abbrev  0x00000000      0x152 .\CortexM3\ARM_GCC_484\Debug\main.o
 .debug_abbrev  0x00000152       0x66 .\CortexM3\ARM_GCC_484\Debug\cymetadata.o
 .debug_abbrev  0x000001b8      0x20d .\CortexM3\ARM_GCC_484\Debug\Cm3Start.o
 .debug_abbrev  0x000003c5      0x22a .\CortexM3\ARM_GCC_484\Debug\Design12.a(cyfitter_cfg.o)
 .debug_abbrev  0x000005ef       0x14 .\CortexM3\ARM_GCC_484\Debug\Design12.a(CyBootAsmGnu.o)
 .debug_abbrev  0x00000603      0x296 .\CortexM3\ARM_GCC_484\Debug\Design12.a(CyLib.o)
 .debug_abbrev  0x00000899      0x1fa .\CortexM3\ARM_GCC_484\Debug\Design12.a(cyPm.o)
 .debug_abbrev  0x00000a93      0x1f8 .\CortexM3\ARM_GCC_484\Debug\Design12.a(ADC.o)
 .debug_abbrev  0x00000c8b       0x42 .\CortexM3\ARM_GCC_484\Debug\Design12.a(ADC_INT.o)
 .debug_abbrev  0x00000ccd       0x9d .\CortexM3\ARM_GCC_484\Debug\Design12.a(Pin_2.o)
 .debug_abbrev  0x00000d6a      0x1af .\CortexM3\ARM_GCC_484\Debug\Design12.a(UART_1.o)
 .debug_abbrev  0x00000f19      0x137 .\CortexM3\ARM_GCC_484\Debug\Design12.a(ADC_theACLK.o)
 .debug_abbrev  0x00001050      0x137 .\CortexM3\ARM_GCC_484\Debug\Design12.a(UART_1_IntClock.o)
 .debug_abbrev  0x00001187      0x1de .\CortexM3\ARM_GCC_484\Debug\Design12.a(CyFlash.o)
 .debug_abbrev  0x00001365      0x1ce .\CortexM3\ARM_GCC_484\Debug\Design12.a(CySpc.o)

.debug_line     0x00000000     0x1fa3
 *(.debug_line)
 .debug_line    0x00000000      0x1af .\CortexM3\ARM_GCC_484\Debug\main.o
 .debug_line    0x000001af       0x53 .\CortexM3\ARM_GCC_484\Debug\cymetadata.o
 .debug_line    0x00000202      0x238 .\CortexM3\ARM_GCC_484\Debug\Cm3Start.o
 .debug_line    0x0000043a      0x20a .\CortexM3\ARM_GCC_484\Debug\Design12.a(cyfitter_cfg.o)
 .debug_line    0x00000644       0x68 .\CortexM3\ARM_GCC_484\Debug\Design12.a(CyBootAsmGnu.o)
 .debug_line    0x000006ac      0x818 .\CortexM3\ARM_GCC_484\Debug\Design12.a(CyLib.o)
 .debug_line    0x00000ec4      0x366 .\CortexM3\ARM_GCC_484\Debug\Design12.a(cyPm.o)
 .debug_line    0x0000122a      0x211 .\CortexM3\ARM_GCC_484\Debug\Design12.a(ADC.o)
 .debug_line    0x0000143b       0x52 .\CortexM3\ARM_GCC_484\Debug\Design12.a(ADC_INT.o)
 .debug_line    0x0000148d       0x94 .\CortexM3\ARM_GCC_484\Debug\Design12.a(Pin_2.o)
 .debug_line    0x00001521      0x2cd .\CortexM3\ARM_GCC_484\Debug\Design12.a(UART_1.o)
 .debug_line    0x000017ee      0x19b .\CortexM3\ARM_GCC_484\Debug\Design12.a(ADC_theACLK.o)
 .debug_line    0x00001989      0x19f .\CortexM3\ARM_GCC_484\Debug\Design12.a(UART_1_IntClock.o)
 .debug_line    0x00001b28      0x233 .\CortexM3\ARM_GCC_484\Debug\Design12.a(CyFlash.o)
 .debug_line    0x00001d5b      0x248 .\CortexM3\ARM_GCC_484\Debug\Design12.a(CySpc.o)

.debug_frame    0x00000000     0x1c40
 *(.debug_frame)
 .debug_frame   0x00000000       0x38 .\CortexM3\ARM_GCC_484\Debug\main.o
 .debug_frame   0x00000038       0xac .\CortexM3\ARM_GCC_484\Debug\Cm3Start.o
 .debug_frame   0x000000e4       0xec .\CortexM3\ARM_GCC_484\Debug\Design12.a(cyfitter_cfg.o)
 .debug_frame   0x000001d0      0x730 .\CortexM3\ARM_GCC_484\Debug\Design12.a(CyLib.o)
 .debug_frame   0x00000900      0x1fc .\CortexM3\ARM_GCC_484\Debug\Design12.a(cyPm.o)
 .debug_frame   0x00000afc      0x1a4 .\CortexM3\ARM_GCC_484\Debug\Design12.a(ADC.o)
 .debug_frame   0x00000ca0       0x20 .\CortexM3\ARM_GCC_484\Debug\Design12.a(ADC_INT.o)
 .debug_frame   0x00000cc0       0x50 .\CortexM3\ARM_GCC_484\Debug\Design12.a(Pin_2.o)
 .debug_frame   0x00000d10      0x234 .\CortexM3\ARM_GCC_484\Debug\Design12.a(UART_1.o)
 .debug_frame   0x00000f44       0xe0 .\CortexM3\ARM_GCC_484\Debug\Design12.a(ADC_theACLK.o)
 .debug_frame   0x00001024       0xe0 .\CortexM3\ARM_GCC_484\Debug\Design12.a(UART_1_IntClock.o)
 .debug_frame   0x00001104      0x17c .\CortexM3\ARM_GCC_484\Debug\Design12.a(CyFlash.o)
 .debug_frame   0x00001280      0x148 .\CortexM3\ARM_GCC_484\Debug\Design12.a(CySpc.o)
 .debug_frame   0x000013c8       0x58 c:/program files (x86)/cypress/psoc creator/3.2/psoc creator/import/gnu/arm/4.8.4/bin/../lib/gcc/arm-none-eabi/4.8.4/armv7-m\libgcc.a(bpabi.o)
 .debug_frame   0x00001420       0x34 c:/program files (x86)/cypress/psoc creator/3.2/psoc creator/import/gnu/arm/4.8.4/bin/../lib/gcc/arm-none-eabi/4.8.4/armv7-m\libgcc.a(_divdi3.o)
 .debug_frame   0x00001454       0x34 c:/program files (x86)/cypress/psoc creator/3.2/psoc creator/import/gnu/arm/4.8.4/bin/../lib/gcc/arm-none-eabi/4.8.4/armv7-m\libgcc.a(_udivdi3.o)
 .debug_frame   0x00001488       0x20 c:/program files (x86)/cypress/psoc creator/3.2/psoc creator/import/gnu/arm/4.8.4/bin/../lib/gcc/arm-none-eabi/4.8.4/../../../../arm-none-eabi/lib/armv7-m\libg.a(lib_a-errno.o)
 .debug_frame   0x000014a8       0x28 c:/program files (x86)/cypress/psoc creator/3.2/psoc creator/import/gnu/arm/4.8.4/bin/../lib/gcc/arm-none-eabi/4.8.4/../../../../arm-none-eabi/lib/armv7-m\libg.a(lib_a-exit.o)
 .debug_frame   0x000014d0       0x2c c:/program files (x86)/cypress/psoc creator/3.2/psoc creator/import/gnu/arm/4.8.4/bin/../lib/gcc/arm-none-eabi/4.8.4/../../../../arm-none-eabi/lib/armv7-m\libg.a(lib_a-init.o)
 .debug_frame   0x000014fc       0x2c c:/program files (x86)/cypress/psoc creator/3.2/psoc creator/import/gnu/arm/4.8.4/bin/../lib/gcc/arm-none-eabi/4.8.4/../../../../arm-none-eabi/lib/armv7-m\libg.a(lib_a-memset.o)
 .debug_frame   0x00001528       0x64 c:/program files (x86)/cypress/psoc creator/3.2/psoc creator/import/gnu/arm/4.8.4/bin/../lib/gcc/arm-none-eabi/4.8.4/../../../../arm-none-eabi/lib/armv7-m\libg.a(lib_a-sprintf.o)
 .debug_frame   0x0000158c       0x3c c:/program files (x86)/cypress/psoc creator/3.2/psoc creator/import/gnu/arm/4.8.4/bin/../lib/gcc/arm-none-eabi/4.8.4/../../../../arm-none-eabi/lib/armv7-m\libg.a(lib_a-svfprintf.o)
 .debug_frame   0x000015c8       0x48 c:/program files (x86)/cypress/psoc creator/3.2/psoc creator/import/gnu/arm/4.8.4/bin/../lib/gcc/arm-none-eabi/4.8.4/../../../../arm-none-eabi/lib/armv7-m\libg.a(lib_a-__call_atexit.o)
 .debug_frame   0x00001610       0x20 c:/program files (x86)/cypress/psoc creator/3.2/psoc creator/import/gnu/arm/4.8.4/bin/../lib/gcc/arm-none-eabi/4.8.4/../../../../arm-none-eabi/lib/armv7-m\libg.a(lib_a-atexit.o)
 .debug_frame   0x00001630       0x64 c:/program files (x86)/cypress/psoc creator/3.2/psoc creator/import/gnu/arm/4.8.4/bin/../lib/gcc/arm-none-eabi/4.8.4/../../../../arm-none-eabi/lib/armv7-m\libg.a(lib_a-dtoa.o)
 .debug_frame   0x00001694       0x2c c:/program files (x86)/cypress/psoc creator/3.2/psoc creator/import/gnu/arm/4.8.4/bin/../lib/gcc/arm-none-eabi/4.8.4/../../../../arm-none-eabi/lib/armv7-m\libg.a(lib_a-fini.o)
 .debug_frame   0x000016c0       0x98 c:/program files (x86)/cypress/psoc creator/3.2/psoc creator/import/gnu/arm/4.8.4/bin/../lib/gcc/arm-none-eabi/4.8.4/../../../../arm-none-eabi/lib/armv7-m\libg.a(lib_a-locale.o)
 .debug_frame   0x00001758       0x38 c:/program files (x86)/cypress/psoc creator/3.2/psoc creator/import/gnu/arm/4.8.4/bin/../lib/gcc/arm-none-eabi/4.8.4/../../../../arm-none-eabi/lib/armv7-m\libg.a(lib_a-mallocr.o)
 .debug_frame   0x00001790       0x2c c:/program files (x86)/cypress/psoc creator/3.2/psoc creator/import/gnu/arm/4.8.4/bin/../lib/gcc/arm-none-eabi/4.8.4/../../../../arm-none-eabi/lib/armv7-m\libg.a(lib_a-memchr-stub.o)
 .debug_frame   0x000017bc       0x30 c:/program files (x86)/cypress/psoc creator/3.2/psoc creator/import/gnu/arm/4.8.4/bin/../lib/gcc/arm-none-eabi/4.8.4/../../../../arm-none-eabi/lib/armv7-m\libg.a(lib_a-mlock.o)
 .debug_frame   0x000017ec      0x228 c:/program files (x86)/cypress/psoc creator/3.2/psoc creator/import/gnu/arm/4.8.4/bin/../lib/gcc/arm-none-eabi/4.8.4/../../../../arm-none-eabi/lib/armv7-m\libg.a(lib_a-mprec.o)
 .debug_frame   0x00001a14       0x28 c:/program files (x86)/cypress/psoc creator/3.2/psoc creator/import/gnu/arm/4.8.4/bin/../lib/gcc/arm-none-eabi/4.8.4/../../../../arm-none-eabi/lib/armv7-m\libg.a(lib_a-s_fpclassify.o)
 .debug_frame   0x00001a3c       0x2c c:/program files (x86)/cypress/psoc creator/3.2/psoc creator/import/gnu/arm/4.8.4/bin/../lib/gcc/arm-none-eabi/4.8.4/../../../../arm-none-eabi/lib/armv7-m\libg.a(lib_a-sbrkr.o)
 .debug_frame   0x00001a68       0x20 c:/program files (x86)/cypress/psoc creator/3.2/psoc creator/import/gnu/arm/4.8.4/bin/../lib/gcc/arm-none-eabi/4.8.4/../../../../arm-none-eabi/lib/armv7-m\libg.a(lib_a-strlen.o)
 .debug_frame   0x00001a88       0x64 c:/program files (x86)/cypress/psoc creator/3.2/psoc creator/import/gnu/arm/4.8.4/bin/../lib/gcc/arm-none-eabi/4.8.4/../../../../arm-none-eabi/lib/armv7-m\libg.a(lib_a-svfiprintf.o)
 .debug_frame   0x00001aec       0x30 c:/program files (x86)/cypress/psoc creator/3.2/psoc creator/import/gnu/arm/4.8.4/bin/../lib/gcc/arm-none-eabi/4.8.4/../../../../arm-none-eabi/lib/armv7-m\libg.a(lib_a-__atexit.o)
 .debug_frame   0x00001b1c       0x28 c:/program files (x86)/cypress/psoc creator/3.2/psoc creator/import/gnu/arm/4.8.4/bin/../lib/gcc/arm-none-eabi/4.8.4/../../../../arm-none-eabi/lib/armv7-m\libg.a(lib_a-callocr.o)
 .debug_frame   0x00001b44       0x50 c:/program files (x86)/cypress/psoc creator/3.2/psoc creator/import/gnu/arm/4.8.4/bin/../lib/gcc/arm-none-eabi/4.8.4/../../../../arm-none-eabi/lib/armv7-m\libg.a(lib_a-freer.o)
 .debug_frame   0x00001b94       0x2c c:/program files (x86)/cypress/psoc creator/3.2/psoc creator/import/gnu/arm/4.8.4/bin/../lib/gcc/arm-none-eabi/4.8.4/../../../../arm-none-eabi/lib/armv7-m\libg.a(lib_a-memmove.o)
 .debug_frame   0x00001bc0       0x38 c:/program files (x86)/cypress/psoc creator/3.2/psoc creator/import/gnu/arm/4.8.4/bin/../lib/gcc/arm-none-eabi/4.8.4/../../../../arm-none-eabi/lib/armv7-m\libg.a(lib_a-reallocr.o)
 .debug_frame   0x00001bf8       0x48 c:/program files (x86)/cypress/psoc creator/3.2/psoc creator/import/gnu/arm/4.8.4/bin/../lib/gcc/arm-none-eabi/4.8.4/../../../../arm-none-eabi/lib/armv7-m\libg.a(lib_a-reent.o)

.debug_str      0x00000000     0x1ad1
 *(.debug_str)
 .debug_str     0x00000000      0x203 .\CortexM3\ARM_GCC_484\Debug\main.o
                                0x257 (size before relaxing)
 .debug_str     0x00000203       0x77 .\CortexM3\ARM_GCC_484\Debug\cymetadata.o
                                0x1d9 (size before relaxing)
 .debug_str     0x0000027a      0x165 .\CortexM3\ARM_GCC_484\Debug\Cm3Start.o
                                0x2ed (size before relaxing)
 .debug_str     0x000003df      0x184 .\CortexM3\ARM_GCC_484\Debug\Design12.a(cyfitter_cfg.o)
                                0x327 (size before relaxing)
 .debug_str     0x00000563      0x836 .\CortexM3\ARM_GCC_484\Debug\Design12.a(CyLib.o)
                                0xa12 (size before relaxing)
 .debug_str     0x00000d99      0x35b .\CortexM3\ARM_GCC_484\Debug\Design12.a(cyPm.o)
                                0x70a (size before relaxing)
 .debug_str     0x000010f4      0x1a1 .\CortexM3\ARM_GCC_484\Debug\Design12.a(ADC.o)
                                0x417 (size before relaxing)
 .debug_str     0x00001295       0x2b .\CortexM3\ARM_GCC_484\Debug\Design12.a(ADC_INT.o)
                                0x17e (size before relaxing)
 .debug_str     0x000012c0       0x5c .\CortexM3\ARM_GCC_484\Debug\Design12.a(Pin_2.o)
                                0x1d1 (size before relaxing)
 .debug_str     0x0000131c      0x2a3 .\CortexM3\ARM_GCC_484\Debug\Design12.a(UART_1.o)
                                0x496 (size before relaxing)
 .debug_str     0x000015bf      0x178 .\CortexM3\ARM_GCC_484\Debug\Design12.a(ADC_theACLK.o)
                                0x30d (size before relaxing)
 .debug_str     0x00001737      0x14e .\CortexM3\ARM_GCC_484\Debug\Design12.a(UART_1_IntClock.o)
                                0x33d (size before relaxing)
 .debug_str     0x00001885      0x19e .\CortexM3\ARM_GCC_484\Debug\Design12.a(CyFlash.o)
                                0x384 (size before relaxing)
 .debug_str     0x00001a23       0xae .\CortexM3\ARM_GCC_484\Debug\Design12.a(CySpc.o)
                                0x30d (size before relaxing)

.debug_loc      0x00000000     0x2236
 *(.debug_loc)
 .debug_loc     0x00000000      0x14f .\CortexM3\ARM_GCC_484\Debug\Cm3Start.o
 .debug_loc     0x0000014f      0x2b6 .\CortexM3\ARM_GCC_484\Debug\Design12.a(cyfitter_cfg.o)
 .debug_loc     0x00000405      0xa53 .\CortexM3\ARM_GCC_484\Debug\Design12.a(CyLib.o)
 .debug_loc     0x00000e58      0x22a .\CortexM3\ARM_GCC_484\Debug\Design12.a(cyPm.o)
 .debug_loc     0x00001082      0x2b3 .\CortexM3\ARM_GCC_484\Debug\Design12.a(ADC.o)
 .debug_loc     0x00001335       0x55 .\CortexM3\ARM_GCC_484\Debug\Design12.a(Pin_2.o)
 .debug_loc     0x0000138a      0x288 .\CortexM3\ARM_GCC_484\Debug\Design12.a(UART_1.o)
 .debug_loc     0x00001612      0x125 .\CortexM3\ARM_GCC_484\Debug\Design12.a(ADC_theACLK.o)
 .debug_loc     0x00001737      0x15c .\CortexM3\ARM_GCC_484\Debug\Design12.a(UART_1_IntClock.o)
 .debug_loc     0x00001893      0x321 .\CortexM3\ARM_GCC_484\Debug\Design12.a(CyFlash.o)
 .debug_loc     0x00001bb4      0x682 .\CortexM3\ARM_GCC_484\Debug\Design12.a(CySpc.o)

.debug_macinfo
 *(.debug_macinfo)

.debug_ranges   0x00000000      0x718
 *(.debug_ranges)
 .debug_ranges  0x00000000       0x10 .\CortexM3\ARM_GCC_484\Debug\main.o
 .debug_ranges  0x00000010       0x50 .\CortexM3\ARM_GCC_484\Debug\Cm3Start.o
 .debug_ranges  0x00000060       0x60 .\CortexM3\ARM_GCC_484\Debug\Design12.a(cyfitter_cfg.o)
 .debug_ranges  0x000000c0      0x288 .\CortexM3\ARM_GCC_484\Debug\Design12.a(CyLib.o)
 .debug_ranges  0x00000348       0x88 .\CortexM3\ARM_GCC_484\Debug\Design12.a(cyPm.o)
 .debug_ranges  0x000003d0       0x98 .\CortexM3\ARM_GCC_484\Debug\Design12.a(ADC.o)
 .debug_ranges  0x00000468       0x10 .\CortexM3\ARM_GCC_484\Debug\Design12.a(ADC_INT.o)
 .debug_ranges  0x00000478       0x28 .\CortexM3\ARM_GCC_484\Debug\Design12.a(Pin_2.o)
 .debug_ranges  0x000004a0       0xe0 .\CortexM3\ARM_GCC_484\Debug\Design12.a(UART_1.o)
 .debug_ranges  0x00000580       0x60 .\CortexM3\ARM_GCC_484\Debug\Design12.a(ADC_theACLK.o)
 .debug_ranges  0x000005e0       0x60 .\CortexM3\ARM_GCC_484\Debug\Design12.a(UART_1_IntClock.o)
 .debug_ranges  0x00000640       0x70 .\CortexM3\ARM_GCC_484\Debug\Design12.a(CyFlash.o)
 .debug_ranges  0x000006b0       0x68 .\CortexM3\ARM_GCC_484\Debug\Design12.a(CySpc.o)

.comment        0x00000000       0x70
 .comment       0x00000000       0x70 .\CortexM3\ARM_GCC_484\Debug\main.o
                                 0x71 (size before relaxing)
 .comment       0x00000000       0x71 .\CortexM3\ARM_GCC_484\Debug\cymetadata.o
 .comment       0x00000000       0x71 .\CortexM3\ARM_GCC_484\Debug\Cm3Start.o
 .comment       0x00000000       0x71 .\CortexM3\ARM_GCC_484\Debug\Design12.a(cyfitter_cfg.o)
 .comment       0x00000000       0x71 .\CortexM3\ARM_GCC_484\Debug\Design12.a(CyLib.o)
 .comment       0x00000000       0x71 .\CortexM3\ARM_GCC_484\Debug\Design12.a(cyPm.o)
 .comment       0x00000000       0x71 .\CortexM3\ARM_GCC_484\Debug\Design12.a(ADC.o)
 .comment       0x00000000       0x71 .\CortexM3\ARM_GCC_484\Debug\Design12.a(ADC_INT.o)
 .comment       0x00000000       0x71 .\CortexM3\ARM_GCC_484\Debug\Design12.a(Pin_2.o)
 .comment       0x00000000       0x71 .\CortexM3\ARM_GCC_484\Debug\Design12.a(UART_1.o)
 .comment       0x00000000       0x71 .\CortexM3\ARM_GCC_484\Debug\Design12.a(ADC_theACLK.o)
 .comment       0x00000000       0x71 .\CortexM3\ARM_GCC_484\Debug\Design12.a(UART_1_IntClock.o)
 .comment       0x00000000       0x71 .\CortexM3\ARM_GCC_484\Debug\Design12.a(CyFlash.o)
 .comment       0x00000000       0x71 .\CortexM3\ARM_GCC_484\Debug\Design12.a(CySpc.o)

.debug_weaknames
 *(.debug_weaknames)

.debug_funcnames
 *(.debug_funcnames)

.debug_typenames
 *(.debug_typenames)

.debug_varnames
 *(.debug_varnames)

.note.gnu.arm.ident
 *(.note.gnu.arm.ident)

.ARM.attributes
                0x00000000       0x29
 *(.ARM.attributes)
 .ARM.attributes
                0x00000000       0x1d c:/program files (x86)/cypress/psoc creator/3.2/psoc creator/import/gnu/arm/4.8.4/bin/../lib/gcc/arm-none-eabi/4.8.4/armv7-m/crti.o
 .ARM.attributes
                0x0000001d       0x2d c:/program files (x86)/cypress/psoc creator/3.2/psoc creator/import/gnu/arm/4.8.4/bin/../lib/gcc/arm-none-eabi/4.8.4/armv7-m/crtbegin.o
 .ARM.attributes
                0x0000004a       0x1b c:/program files (x86)/cypress/psoc creator/3.2/psoc creator/import/gnu/arm/4.8.4/bin/../lib/gcc/arm-none-eabi/4.8.4/../../../../arm-none-eabi/lib/armv7-m/crt0.o
 .ARM.attributes
                0x00000065       0x33 .\CortexM3\ARM_GCC_484\Debug\main.o
 .ARM.attributes
                0x00000098       0x33 .\CortexM3\ARM_GCC_484\Debug\cymetadata.o
 .ARM.attributes
                0x000000cb       0x33 .\CortexM3\ARM_GCC_484\Debug\Cm3Start.o
 .ARM.attributes
                0x000000fe       0x33 .\CortexM3\ARM_GCC_484\Debug\Design12.a(cyfitter_cfg.o)
 .ARM.attributes
                0x00000131       0x21 .\CortexM3\ARM_GCC_484\Debug\Design12.a(CyBootAsmGnu.o)
 .ARM.attributes
                0x00000152       0x33 .\CortexM3\ARM_GCC_484\Debug\Design12.a(CyLib.o)
 .ARM.attributes
                0x00000185       0x33 .\CortexM3\ARM_GCC_484\Debug\Design12.a(cyPm.o)
 .ARM.attributes
                0x000001b8       0x33 .\CortexM3\ARM_GCC_484\Debug\Design12.a(ADC.o)
 .ARM.attributes
                0x000001eb       0x33 .\CortexM3\ARM_GCC_484\Debug\Design12.a(ADC_INT.o)
 .ARM.attributes
                0x0000021e       0x33 .\CortexM3\ARM_GCC_484\Debug\Design12.a(Pin_2.o)
 .ARM.attributes
                0x00000251       0x33 .\CortexM3\ARM_GCC_484\Debug\Design12.a(UART_1.o)
 .ARM.attributes
                0x00000284       0x33 .\CortexM3\ARM_GCC_484\Debug\Design12.a(ADC_theACLK.o)
 .ARM.attributes
                0x000002b7       0x33 .\CortexM3\ARM_GCC_484\Debug\Design12.a(UART_1_IntClock.o)
 .ARM.attributes
                0x000002ea       0x33 .\CortexM3\ARM_GCC_484\Debug\Design12.a(CyFlash.o)
 .ARM.attributes
                0x0000031d       0x33 .\CortexM3\ARM_GCC_484\Debug\Design12.a(CySpc.o)
 .ARM.attributes
                0x00000350       0x1d c:/program files (x86)/cypress/psoc creator/3.2/psoc creator/import/gnu/arm/4.8.4/bin/../lib/gcc/arm-none-eabi/4.8.4/armv7-m\libgcc.a(_arm_addsubdf3.o)
 .ARM.attributes
                0x0000036d       0x1d c:/program files (x86)/cypress/psoc creator/3.2/psoc creator/import/gnu/arm/4.8.4/bin/../lib/gcc/arm-none-eabi/4.8.4/armv7-m\libgcc.a(_arm_cmpdf2.o)
 .ARM.attributes
                0x0000038a       0x1d c:/program files (x86)/cypress/psoc creator/3.2/psoc creator/import/gnu/arm/4.8.4/bin/../lib/gcc/arm-none-eabi/4.8.4/armv7-m\libgcc.a(_arm_addsubsf3.o)
 .ARM.attributes
                0x000003a7       0x1d c:/program files (x86)/cypress/psoc creator/3.2/psoc creator/import/gnu/arm/4.8.4/bin/../lib/gcc/arm-none-eabi/4.8.4/armv7-m\libgcc.a(_arm_muldivsf3.o)
 .ARM.attributes
                0x000003c4       0x1d c:/program files (x86)/cypress/psoc creator/3.2/psoc creator/import/gnu/arm/4.8.4/bin/../lib/gcc/arm-none-eabi/4.8.4/armv7-m\libgcc.a(_aeabi_ldivmod.o)
 .ARM.attributes
                0x000003e1       0x2d c:/program files (x86)/cypress/psoc creator/3.2/psoc creator/import/gnu/arm/4.8.4/bin/../lib/gcc/arm-none-eabi/4.8.4/armv7-m\libgcc.a(bpabi.o)
 .ARM.attributes
                0x0000040e       0x1d c:/program files (x86)/cypress/psoc creator/3.2/psoc creator/import/gnu/arm/4.8.4/bin/../lib/gcc/arm-none-eabi/4.8.4/armv7-m\libgcc.a(_dvmd_tls.o)
 .ARM.attributes
                0x0000042b       0x2d c:/program files (x86)/cypress/psoc creator/3.2/psoc creator/import/gnu/arm/4.8.4/bin/../lib/gcc/arm-none-eabi/4.8.4/armv7-m\libgcc.a(_divdi3.o)
 .ARM.attributes
                0x00000458       0x2d c:/program files (x86)/cypress/psoc creator/3.2/psoc creator/import/gnu/arm/4.8.4/bin/../lib/gcc/arm-none-eabi/4.8.4/armv7-m\libgcc.a(_udivdi3.o)
 .ARM.attributes
                0x00000485       0x2d c:/program files (x86)/cypress/psoc creator/3.2/psoc creator/import/gnu/arm/4.8.4/bin/../lib/gcc/arm-none-eabi/4.8.4/../../../../arm-none-eabi/lib/armv7-m\libg.a(lib_a-errno.o)
 .ARM.attributes
                0x000004b2       0x2d c:/program files (x86)/cypress/psoc creator/3.2/psoc creator/import/gnu/arm/4.8.4/bin/../lib/gcc/arm-none-eabi/4.8.4/../../../../arm-none-eabi/lib/armv7-m\libg.a(lib_a-exit.o)
 .ARM.attributes
                0x000004df       0x2d c:/program files (x86)/cypress/psoc creator/3.2/psoc creator/import/gnu/arm/4.8.4/bin/../lib/gcc/arm-none-eabi/4.8.4/../../../../arm-none-eabi/lib/armv7-m\libg.a(lib_a-impure.o)
 .ARM.attributes
                0x0000050c       0x2d c:/program files (x86)/cypress/psoc creator/3.2/psoc creator/import/gnu/arm/4.8.4/bin/../lib/gcc/arm-none-eabi/4.8.4/../../../../arm-none-eabi/lib/armv7-m\libg.a(lib_a-init.o)
 .ARM.attributes
                0x00000539       0x1b c:/program files (x86)/cypress/psoc creator/3.2/psoc creator/import/gnu/arm/4.8.4/bin/../lib/gcc/arm-none-eabi/4.8.4/../../../../arm-none-eabi/lib/armv7-m\libg.a(lib_a-memcpy.o)
 .ARM.attributes
                0x00000554       0x2d c:/program files (x86)/cypress/psoc creator/3.2/psoc creator/import/gnu/arm/4.8.4/bin/../lib/gcc/arm-none-eabi/4.8.4/../../../../arm-none-eabi/lib/armv7-m\libg.a(lib_a-memset.o)
 .ARM.attributes
                0x00000581       0x2d c:/program files (x86)/cypress/psoc creator/3.2/psoc creator/import/gnu/arm/4.8.4/bin/../lib/gcc/arm-none-eabi/4.8.4/../../../../arm-none-eabi/lib/armv7-m\libg.a(lib_a-sprintf.o)
 .ARM.attributes
                0x000005ae       0x2d c:/program files (x86)/cypress/psoc creator/3.2/psoc creator/import/gnu/arm/4.8.4/bin/../lib/gcc/arm-none-eabi/4.8.4/../../../../arm-none-eabi/lib/armv7-m\libg.a(lib_a-svfprintf.o)
 .ARM.attributes
                0x000005db       0x2d c:/program files (x86)/cypress/psoc creator/3.2/psoc creator/import/gnu/arm/4.8.4/bin/../lib/gcc/arm-none-eabi/4.8.4/../../../../arm-none-eabi/lib/armv7-m\libg.a(lib_a-__call_atexit.o)
 .ARM.attributes
                0x00000608       0x2d c:/program files (x86)/cypress/psoc creator/3.2/psoc creator/import/gnu/arm/4.8.4/bin/../lib/gcc/arm-none-eabi/4.8.4/../../../../arm-none-eabi/lib/armv7-m\libg.a(lib_a-atexit.o)
 .ARM.attributes
                0x00000635       0x2d c:/program files (x86)/cypress/psoc creator/3.2/psoc creator/import/gnu/arm/4.8.4/bin/../lib/gcc/arm-none-eabi/4.8.4/../../../../arm-none-eabi/lib/armv7-m\libg.a(lib_a-dtoa.o)
 .ARM.attributes
                0x00000662       0x2d c:/program files (x86)/cypress/psoc creator/3.2/psoc creator/import/gnu/arm/4.8.4/bin/../lib/gcc/arm-none-eabi/4.8.4/../../../../arm-none-eabi/lib/armv7-m\libg.a(lib_a-fini.o)
 .ARM.attributes
                0x0000068f       0x2d c:/program files (x86)/cypress/psoc creator/3.2/psoc creator/import/gnu/arm/4.8.4/bin/../lib/gcc/arm-none-eabi/4.8.4/../../../../arm-none-eabi/lib/armv7-m\libg.a(lib_a-locale.o)
 .ARM.attributes
                0x000006bc       0x2d c:/program files (x86)/cypress/psoc creator/3.2/psoc creator/import/gnu/arm/4.8.4/bin/../lib/gcc/arm-none-eabi/4.8.4/../../../../arm-none-eabi/lib/armv7-m\libg.a(lib_a-mallocr.o)
 .ARM.attributes
                0x000006e9       0x2d c:/program files (x86)/cypress/psoc creator/3.2/psoc creator/import/gnu/arm/4.8.4/bin/../lib/gcc/arm-none-eabi/4.8.4/../../../../arm-none-eabi/lib/armv7-m\libg.a(lib_a-memchr-stub.o)
 .ARM.attributes
                0x00000716       0x2d c:/program files (x86)/cypress/psoc creator/3.2/psoc creator/import/gnu/arm/4.8.4/bin/../lib/gcc/arm-none-eabi/4.8.4/../../../../arm-none-eabi/lib/armv7-m\libg.a(lib_a-mlock.o)
 .ARM.attributes
                0x00000743       0x2d c:/program files (x86)/cypress/psoc creator/3.2/psoc creator/import/gnu/arm/4.8.4/bin/../lib/gcc/arm-none-eabi/4.8.4/../../../../arm-none-eabi/lib/armv7-m\libg.a(lib_a-mprec.o)
 .ARM.attributes
                0x00000770       0x2d c:/program files (x86)/cypress/psoc creator/3.2/psoc creator/import/gnu/arm/4.8.4/bin/../lib/gcc/arm-none-eabi/4.8.4/../../../../arm-none-eabi/lib/armv7-m\libg.a(lib_a-s_fpclassify.o)
 .ARM.attributes
                0x0000079d       0x2d c:/program files (x86)/cypress/psoc creator/3.2/psoc creator/import/gnu/arm/4.8.4/bin/../lib/gcc/arm-none-eabi/4.8.4/../../../../arm-none-eabi/lib/armv7-m\libg.a(lib_a-sbrkr.o)
 .ARM.attributes
                0x000007ca       0x1b c:/program files (x86)/cypress/psoc creator/3.2/psoc creator/import/gnu/arm/4.8.4/bin/../lib/gcc/arm-none-eabi/4.8.4/../../../../arm-none-eabi/lib/armv7-m\libg.a(lib_a-strcmp.o)
 .ARM.attributes
                0x000007e5       0x2d c:/program files (x86)/cypress/psoc creator/3.2/psoc creator/import/gnu/arm/4.8.4/bin/../lib/gcc/arm-none-eabi/4.8.4/../../../../arm-none-eabi/lib/armv7-m\libg.a(lib_a-strlen.o)
 .ARM.attributes
                0x00000812       0x2d c:/program files (x86)/cypress/psoc creator/3.2/psoc creator/import/gnu/arm/4.8.4/bin/../lib/gcc/arm-none-eabi/4.8.4/../../../../arm-none-eabi/lib/armv7-m\libg.a(lib_a-svfiprintf.o)
 .ARM.attributes
                0x0000083f       0x2d c:/program files (x86)/cypress/psoc creator/3.2/psoc creator/import/gnu/arm/4.8.4/bin/../lib/gcc/arm-none-eabi/4.8.4/../../../../arm-none-eabi/lib/armv7-m\libg.a(lib_a-__atexit.o)
 .ARM.attributes
                0x0000086c       0x2d c:/program files (x86)/cypress/psoc creator/3.2/psoc creator/import/gnu/arm/4.8.4/bin/../lib/gcc/arm-none-eabi/4.8.4/../../../../arm-none-eabi/lib/armv7-m\libg.a(lib_a-callocr.o)
 .ARM.attributes
                0x00000899       0x2d c:/program files (x86)/cypress/psoc creator/3.2/psoc creator/import/gnu/arm/4.8.4/bin/../lib/gcc/arm-none-eabi/4.8.4/../../../../arm-none-eabi/lib/armv7-m\libg.a(lib_a-freer.o)
 .ARM.attributes
                0x000008c6       0x2d c:/program files (x86)/cypress/psoc creator/3.2/psoc creator/import/gnu/arm/4.8.4/bin/../lib/gcc/arm-none-eabi/4.8.4/../../../../arm-none-eabi/lib/armv7-m\libg.a(lib_a-memmove.o)
 .ARM.attributes
                0x000008f3       0x2d c:/program files (x86)/cypress/psoc creator/3.2/psoc creator/import/gnu/arm/4.8.4/bin/../lib/gcc/arm-none-eabi/4.8.4/../../../../arm-none-eabi/lib/armv7-m\libg.a(lib_a-reallocr.o)
 .ARM.attributes
                0x00000920       0x2d c:/program files (x86)/cypress/psoc creator/3.2/psoc creator/import/gnu/arm/4.8.4/bin/../lib/gcc/arm-none-eabi/4.8.4/../../../../arm-none-eabi/lib/armv7-m\libg.a(lib_a-reent.o)
 .ARM.attributes
                0x0000094d       0x1d c:/program files (x86)/cypress/psoc creator/3.2/psoc creator/import/gnu/arm/4.8.4/bin/../lib/gcc/arm-none-eabi/4.8.4/armv7-m\libgcc.a(_arm_muldivdf3.o)
 .ARM.attributes
                0x0000096a       0x1d c:/program files (x86)/cypress/psoc creator/3.2/psoc creator/import/gnu/arm/4.8.4/bin/../lib/gcc/arm-none-eabi/4.8.4/armv7-m\libgcc.a(_arm_fixdfsi.o)
 .ARM.attributes
                0x00000987       0x1d c:/program files (x86)/cypress/psoc creator/3.2/psoc creator/import/gnu/arm/4.8.4/bin/../lib/gcc/arm-none-eabi/4.8.4/armv7-m\libgcc.a(_aeabi_uldivmod.o)
 .ARM.attributes
                0x000009a4       0x2d c:/program files (x86)/cypress/psoc creator/3.2/psoc creator/import/gnu/arm/4.8.4/bin/../lib/gcc/arm-none-eabi/4.8.4/armv7-m/crtend.o
 .ARM.attributes
                0x000009d1       0x1d c:/program files (x86)/cypress/psoc creator/3.2/psoc creator/import/gnu/arm/4.8.4/bin/../lib/gcc/arm-none-eabi/4.8.4/armv7-m/crtn.o

/DISCARD/
 *(.note.GNU-stack)
OUTPUT(.\CortexM3\ARM_GCC_484\Debug\Design12.elf elf32-littlearm)
